
Discarded input sections

 .eh_frame      0x00000000       0x94 object_files/kernel/ckernel.o
 .eh_frame      0x00000000       0xe0 object_files/kernel/power_management.o
 .eh_frame      0x00000000       0xc4 object_files/kernel/pe.o
 .eh_frame      0x00000000       0x74 object_files/kernel/executable.o
 .eh_frame      0x00000000      0x288 object_files/kernel/userheap.o
 .eh_frame      0x00000000      0x198 object_files/kernel/events.o
 .eh_frame      0x00000000       0x8c object_files/kernel/syscall.o
 .eh_frame      0x00000000       0x70 object_files/kernel/dma.o
 .eh_frame      0x00000000      0x498 object_files/kernel/paging.o
 .eh_frame      0x00000000      0x1e4 object_files/kernel/timer.o
 .eh_frame      0x00000000      0x210 object_files/kernel/cpu.o
 .eh_frame      0x00000000      0x478 object_files/kernel/ipc.o
 .eh_frame      0x00000000      0x150 object_files/kernel/serial.o
 .eh_frame      0x00000000       0x9c object_files/kernel/descriptor_tables.o
 .eh_frame      0x00000000       0x64 object_files/kernel/cmos.o
 .eh_frame      0x00000000       0xa0 object_files/kernel/elf.o
 .eh_frame      0x00000000      0x2bc object_files/kernel/irq.o
 .eh_frame      0x00000000      0x2e0 object_files/kernel/pci.o
 .eh_frame      0x00000000      0x1f8 object_files/kernel/log.o
 .eh_frame      0x00000000       0x94 object_files/kernel/time.o
 .eh_frame      0x00000000      0x13c object_files/kernel/apic.o
 .eh_frame      0x00000000      0x10c object_files/kernel/kheap.o
 .eh_frame      0x00000000      0x224 object_files/kernel/acpi/acpi.o
 .eh_frame      0x00000000       0x44 object_files/kernel/acpi/fadt.o
 .eh_frame      0x00000000       0x48 object_files/kernel/acpi/madt.o
 .eh_frame      0x00000000       0x94 object_files/kernel/audio/wav.o
 .eh_frame      0x00000000       0x38 object_files/kernel/audio/sb16.o
 .eh_frame      0x00000000       0xc8 object_files/kernel/audio/ac97_intel.o
 .eh_frame      0x00000000       0x78 object_files/kernel/audio/audio.o
 .eh_frame      0x00000000       0x98 object_files/kernel/audio/sys_speaker.o
 .eh_frame      0x00000000       0xec object_files/kernel/audio/ac97_via.o
 .eh_frame      0x00000000       0xe0 object_files/kernel/cdi/cdi.o
 .eh_frame      0x00000000       0xa0 object_files/kernel/cdi/cdi_net.o
 .eh_frame      0x00000000      0x154 object_files/kernel/cdi/cdi_lists.o
 .eh_frame      0x00000000       0xf0 object_files/kernel/cdi/cdi_mem.o
 .eh_frame      0x00000000       0x98 object_files/kernel/cdi/cdi_dma.o
 .eh_frame      0x00000000       0x78 object_files/kernel/cdi/cdi_storage.o
 .eh_frame      0x00000000      0x14c object_files/kernel/cdi/cdi_pci.o
 .eh_frame      0x00000000       0xb8 object_files/kernel/cdi/cdi_misc.o
 .eh_frame      0x00000000       0x78 object_files/kernel/cdi/cdi_fs.o
 .eh_frame      0x00000000      0x550 object_files/kernel/filesystem/fsmanager.o
 .eh_frame      0x00000000      0x668 object_files/kernel/filesystem/fat.o
 .eh_frame      0x00000000      0x1a0 object_files/kernel/filesystem/ramdisk.o
 .eh_frame      0x00000000       0x48 object_files/kernel/filesystem/fat12.o
 .eh_frame      0x00000000       0xec object_files/kernel/hid/keyboard.o
 .eh_frame      0x00000000      0x2a4 object_files/kernel/hid/mouse.o
 .eh_frame      0x00000000      0x104 object_files/kernel/hid/usb_hid.o
 .eh_frame      0x00000000      0x130 object_files/kernel/netprotocol/udp.o
 .eh_frame      0x00000000       0x80 object_files/kernel/netprotocol/icmp.o
 .eh_frame      0x00000000       0xd0 object_files/kernel/netprotocol/ipv4.o
 .eh_frame      0x00000000       0x8c object_files/kernel/netprotocol/ipv6.o
 .eh_frame      0x00000000       0x9c object_files/kernel/netprotocol/ethernet.o
 .eh_frame      0x00000000      0x1c0 object_files/kernel/netprotocol/arp.o
 .eh_frame      0x00000000      0x344 object_files/kernel/netprotocol/tcp.o
 .eh_frame      0x00000000      0x14c object_files/kernel/netprotocol/dhcp.o
 .eh_frame      0x00000000      0x1c4 object_files/kernel/network/e1000.o
 .eh_frame      0x00000000       0x8c object_files/kernel/network/netutils.o
 .eh_frame      0x00000000      0x1e4 object_files/kernel/network/network.o
 .eh_frame      0x00000000       0xc8 object_files/kernel/network/rtl8168.o
 .eh_frame      0x00000000       0x58 object_files/kernel/network/e1000_cdi.o
 .eh_frame      0x00000000       0xc0 object_files/kernel/network/pcnet.o
 .eh_frame      0x00000000       0xa8 object_files/kernel/network/rtl8139.o
 .eh_frame      0x00000000      0x1d0 object_files/kernel/storage/usb_msd.o
 .eh_frame      0x00000000      0x394 object_files/kernel/storage/devicemanager.o
 .eh_frame      0x00000000      0x23c object_files/kernel/storage/flpydsk.o
 .eh_frame      0x00000000      0x1d0 object_files/kernel/tasking/synchronisation.o
 .eh_frame      0x00000000      0x2b4 object_files/kernel/tasking/task.o
 .eh_frame      0x00000000      0x170 object_files/kernel/tasking/scheduler.o
[...]
Memory Configuration

Name             Origin             Length             Attributes
*default*        0x00000000         0xffffffff

Linker script and memory map

LOAD object_files/kernel/kernel.o
LOAD object_files/kernel/ckernel.o
LOAD object_files/kernel/power_management.o
LOAD object_files/kernel/pe.o
LOAD object_files/kernel/executable.o
LOAD object_files/kernel/userheap.o
LOAD object_files/kernel/events.o
LOAD object_files/kernel/syscall.o
LOAD object_files/kernel/dma.o
LOAD object_files/kernel/paging.o
LOAD object_files/kernel/timer.o
LOAD object_files/kernel/cpu.o
LOAD object_files/kernel/ipc.o
LOAD object_files/kernel/serial.o
LOAD object_files/kernel/descriptor_tables.o
LOAD object_files/kernel/cmos.o
LOAD object_files/kernel/elf.o
LOAD object_files/kernel/irq.o
LOAD object_files/kernel/pci.o
LOAD object_files/kernel/log.o
LOAD object_files/kernel/time.o
LOAD object_files/kernel/apic.o
LOAD object_files/kernel/kheap.o
LOAD object_files/kernel/acpi/parser.o
LOAD object_files/kernel/acpi/acpi.o
LOAD object_files/kernel/acpi/fadt.o
LOAD object_files/kernel/acpi/madt.o
LOAD object_files/kernel/audio/wav.o
LOAD object_files/kernel/audio/sb16.o
LOAD object_files/kernel/audio/ac97_intel.o
LOAD object_files/kernel/audio/audio.o
LOAD object_files/kernel/audio/sys_speaker.o
LOAD object_files/kernel/audio/ac97_via.o
LOAD object_files/kernel/cdi/cdi.o
LOAD object_files/kernel/cdi/cdi_mempool.o
LOAD object_files/kernel/cdi/cdi_net.o
LOAD object_files/kernel/cdi/cdi_lists.o
LOAD object_files/kernel/cdi/cdi_mem.o
LOAD object_files/kernel/cdi/cdi_scsi.o
LOAD object_files/kernel/cdi/cdi_audio.o
LOAD object_files/kernel/cdi/cdi_cache.o
LOAD object_files/kernel/cdi/cdi_dma.o
LOAD object_files/kernel/cdi/cdi_usb.o
LOAD object_files/kernel/cdi/cdi_storage.o
LOAD object_files/kernel/cdi/cdi_pci.o
LOAD object_files/kernel/cdi/cdi_misc.o
LOAD object_files/kernel/cdi/cdi_fs.o
LOAD object_files/kernel/cdi/cdi_bios.o
LOAD object_files/kernel/filesystem/fsmanager.o
LOAD object_files/kernel/filesystem/fat.o
LOAD object_files/kernel/filesystem/ramdisk.o
LOAD object_files/kernel/filesystem/fat12.o
LOAD object_files/kernel/hid/keyboard.o
LOAD object_files/kernel/hid/mouse.o
LOAD object_files/kernel/hid/usb_hid.o
LOAD object_files/kernel/netprotocol/udp.o
LOAD object_files/kernel/netprotocol/icmp.o
LOAD object_files/kernel/netprotocol/ipv4.o
LOAD object_files/kernel/netprotocol/ipv6.o
LOAD object_files/kernel/netprotocol/ethernet.o
LOAD object_files/kernel/netprotocol/arp.o
LOAD object_files/kernel/netprotocol/tcp.o
LOAD object_files/kernel/netprotocol/dhcp.o
LOAD object_files/kernel/network/e1000.o
LOAD object_files/kernel/network/netutils.o
LOAD object_files/kernel/network/network.o
LOAD object_files/kernel/network/rtl8168.o
LOAD object_files/kernel/network/e1000_cdi.o
LOAD object_files/kernel/network/pcnet.o
LOAD object_files/kernel/network/rtl8139.o
LOAD object_files/kernel/storage/hdd.o
LOAD object_files/kernel/storage/ata.o
LOAD object_files/kernel/storage/usb_msd.o
LOAD object_files/kernel/storage/devicemanager.o
LOAD object_files/kernel/storage/flpydsk.o
LOAD object_files/kernel/tasking/synchronisation.o
LOAD object_files/kernel/tasking/task.o
LOAD object_files/kernel/tasking/scheduler.o
LOAD object_files/kernel/tasking/vm86.o
LOAD object_files/kernel/usb/usb_hc.o
LOAD object_files/kernel/usb/ehci.o
LOAD object_files/kernel/usb/usb_hub.o
LOAD object_files/kernel/usb/ohci.o
LOAD object_files/kernel/usb/uhci.o
LOAD object_files/kernel/usb/xhci.o
LOAD object_files/kernel/usb/ehciQHqTD.o
LOAD object_files/kernel/usb/usb.o
LOAD object_files/kernel/util/array.o
LOAD object_files/kernel/util/util.o
LOAD object_files/kernel/util/todo_list.o
LOAD object_files/kernel/util/list.o
LOAD object_files/kernel/util/ring.o
LOAD object_files/kernel/video/videomanager.o
LOAD object_files/kernel/video/gui_window.o
LOAD object_files/kernel/video/usb_video.o
LOAD object_files/kernel/video/gui.o
LOAD object_files/kernel/video/console.o
LOAD object_files/kernel/video/video.o
LOAD object_files/kernel/video/vbe.o
LOAD object_files/kernel/video/videoutils.o
LOAD object_files/kernel/video/gui_button.o
LOAD object_files/kernel/kernel.o
LOAD object_files/kernel/data.o
LOAD object_files/kernel/interrupts.o
LOAD object_files/kernel/flush.o
                0x00100000                . = 0x100000
                0x00100000                _kernel_beg = .

.text           0x00100000    0x33155
                0x00100000                _ro_start = .
 *(.text*)
 .text          0x00100000       0x28 object_files/kernel/kernel.o
 .text          0x00100028        0x0 object_files/kernel/ckernel.o
 *fill*         0x00100028        0x8 
 .text.logText  0x00100030       0x4a object_files/kernel/ckernel.o
 *fill*         0x0010007a        0x6 
 .text.logExec  0x00100080       0x6c object_files/kernel/ckernel.o
 *fill*         0x001000ec        0x4 
 .text.startup.main
                0x001000f0      0x8ba object_files/kernel/ckernel.o
                0x001000f0                main
 .text          0x001009aa        0x0 object_files/kernel/power_management.o
 *fill*         0x001009aa        0x6 
 .text.apm_action
                0x001009b0       0x5e object_files/kernel/power_management.o
 *fill*         0x00100a0e        0x2 
 .text.nopm_action
                0x00100a10       0x7b object_files/kernel/power_management.o
 *fill*         0x00100a8b        0x5 
 .text.powmgmt_install
                0x00100a90      0x13f object_files/kernel/power_management.o
                0x00100a90                powmgmt_install
 *fill*         0x00100bcf        0x1 
 .text.powmgmt_log
                0x00100bd0       0x55 object_files/kernel/power_management.o
                0x00100bd0                powmgmt_log
 *fill*         0x00100c25        0xb 
 .text.powmgmt_action
                0x00100c30       0x64 object_files/kernel/power_management.o
                0x00100c30                powmgmt_action
 .text          0x00100c94        0x0 object_files/kernel/pe.o
 *fill*         0x00100c94        0xc 
 .text.pe_checkFilename
                0x00100ca0       0x3b object_files/kernel/pe.o
                0x00100ca0                pe_checkFilename
 *fill*         0x00100cdb        0x5 
 .text.pe_checkFileformat
                0x00100ce0       0x74 object_files/kernel/pe.o
                0x00100ce0                pe_checkFileformat
 *fill*         0x00100d54        0xc 
 .text.pe_prepareExecution
                0x00100d60      0x1b3 object_files/kernel/pe.o
                0x00100d60                pe_prepareExecution
 .text          0x00100f13        0x0 object_files/kernel/executable.o
 *fill*         0x00100f13        0xd 
 .text.executeFile
                0x00100f20      0x4ea object_files/kernel/executable.o
                0x00100f20                executeFile
 .text          0x0010140a        0x0 object_files/kernel/userheap.o
 *fill*         0x0010140a        0x6 
 .text.allocateNewReg
                0x00101410       0xea object_files/kernel/userheap.o
 *fill*         0x001014fa        0x6 
 .text.tryAllocFromFreeBlock
                0x00101500       0xf3 object_files/kernel/userheap.o
 *fill*         0x001015f3        0xd 
 .text.userHeap_free.part.0
                0x00101600      0x1b5 object_files/kernel/userheap.o
 *fill*         0x001017b5        0xb 
 .text.userHeap_destroy
                0x001017c0       0xd1 object_files/kernel/userheap.o
                0x001017c0                userHeap_destroy
 *fill*         0x00101891        0xf 
 .text.userHeap_create
                0x001018a0       0xab object_files/kernel/userheap.o
                0x001018a0                userHeap_create
 *fill*         0x0010194b        0x5 
 .text.userHeap_alloc
                0x00101950      0x1ac object_files/kernel/userheap.o
                0x00101950                userHeap_alloc
 *fill*         0x00101afc        0x4 
 .text.userHeap_free
                0x00101b00       0x22 object_files/kernel/userheap.o
                0x00101b00                userHeap_free
 *fill*         0x00101b22        0xe 
 .text.userHeapSc_create
                0x00101b30       0x3b object_files/kernel/userheap.o
                0x00101b30                userHeapSc_create
 *fill*         0x00101b6b        0x5 
 .text.userHeapSc_destroy
                0x00101b70       0x50 object_files/kernel/userheap.o
                0x00101b70                userHeapSc_destroy
 .text.userHeapSc_alloc
                0x00101bc0       0x24 object_files/kernel/userheap.o
                0x00101bc0                userHeapSc_alloc
 *fill*         0x00101be4        0xc 
 .text.userHeapSc_free
                0x00101bf0       0x26 object_files/kernel/userheap.o
                0x00101bf0                userHeapSc_free
 *fill*         0x00101c16        0xa 
 .text.userHeap_cleanUp
                0x00101c20       0x45 object_files/kernel/userheap.o
                0x00101c20                userHeap_cleanUp
 .text          0x00101c65        0x0 object_files/kernel/events.o
 *fill*         0x00101c65        0xb 
 .text.event_createQueue
                0x00101c70       0x38 object_files/kernel/events.o
                0x00101c70                event_createQueue
 *fill*         0x00101ca8        0x8 
 .text.event_deleteQueue
                0x00101cb0       0x2a object_files/kernel/events.o
                0x00101cb0                event_deleteQueue
 *fill*         0x00101cda        0x6 
 .text.event_issue
                0x00101ce0       0xe3 object_files/kernel/events.o
                0x00101ce0                event_issue
 *fill*         0x00101dc3        0xd 
 .text.event_issueToDisplayedTasks
                0x00101dd0       0x41 object_files/kernel/events.o
                0x00101dd0                event_issueToDisplayedTasks
 *fill*         0x00101e11        0xf 
 .text.event_poll
                0x00101e20      0x144 object_files/kernel/events.o
                0x00101e20                event_poll
 *fill*         0x00101f64        0xc 
 .text.event_peek
                0x00101f70       0x44 object_files/kernel/events.o
                0x00101f70                event_peek
 *fill*         0x00101fb4        0xc 
 .text.event_unlockTask
                0x00101fc0       0x16 object_files/kernel/events.o
                0x00101fc0                event_unlockTask
 *fill*         0x00101fd6        0xa 
 .text.waitForEvent
                0x00101fe0       0x1a object_files/kernel/events.o
                0x00101fe0                waitForEvent
 *fill*         0x00101ffa        0x6 
 .text.event_enable
                0x00102000       0x5a object_files/kernel/events.o
                0x00102000                event_enable
 .text          0x0010205a       0x17 object_files/kernel/syscall.o
 *fill*         0x00102071        0xf 
 .text.nop      0x00102080        0x6 object_files/kernel/syscall.o
 *fill*         0x00102086        0xa 
 .text.syscall_handler
                0x00102090       0x5d object_files/kernel/syscall.o
 *fill*         0x001020ed        0x3 
 .text.syscall_install
                0x001020f0       0x70 object_files/kernel/syscall.o
                0x001020f0                syscall_install
 .text          0x00102160        0x0 object_files/kernel/dma.o
 .text.dma_read
                0x00102160       0x6f object_files/kernel/dma.o
                0x00102160                dma_read
 *fill*         0x001021cf        0x1 
 .text.dma_write
                0x001021d0       0x60 object_files/kernel/dma.o
                0x001021d0                dma_write
 .text          0x00102230        0x0 object_files/kernel/paging.o
 .text.physSetBits
                0x00102230       0x65 object_files/kernel/paging.o
 *fill*         0x00102295        0xb 
 .text.lookForVirtAddr
                0x001022a0       0x9a object_files/kernel/paging.o
 *fill*         0x0010233a        0x6 
 .text.setFixedMTRR
                0x00102340      0x15c object_files/kernel/paging.o
 *fill*         0x0010249c        0x4 
 .text.paging_install
                0x001024a0      0x565 object_files/kernel/paging.o
                0x001024a0                paging_install
 *fill*         0x00102a05        0xb 
 .text.paging_switch
                0x00102a10       0x1e object_files/kernel/paging.o
                0x00102a10                paging_switch
 *fill*         0x00102a2e        0x2 
 .text.paging_allocPhysMem
                0x00102a30      0x145 object_files/kernel/paging.o
                0x00102a30                paging_allocPhysMem
 *fill*         0x00102b75        0xb 
 .text.paging_allocPhysAddr
                0x00102b80       0xda object_files/kernel/paging.o
                0x00102b80                paging_allocPhysAddr
 *fill*         0x00102c5a        0x6 
 .text.paging_freePhysMem
                0x00102c60       0x78 object_files/kernel/paging.o
                0x00102c60                paging_freePhysMem
 *fill*         0x00102cd8        0x8 
 .text.paging_setPhysMemCachingBehaviour
                0x00102ce0      0x22a object_files/kernel/paging.o
                0x00102ce0                paging_setPhysMemCachingBehaviour
 *fill*         0x00102f0a        0x6 
 .text.paging_allocVirtMem
                0x00102f10        0x7 object_files/kernel/paging.o
                0x00102f10                paging_allocVirtMem
 *fill*         0x00102f17        0x9 
 .text.paging_freeVirtMem
                0x00102f20      0x14f object_files/kernel/paging.o
                0x00102f20                paging_freeVirtMem
 *fill*         0x0010306f        0x1 
 .text.paging_allocVirtAddr
                0x00103070      0x1e4 object_files/kernel/paging.o
                0x00103070                paging_allocVirtAddr
 *fill*         0x00103254        0xc 
 .text.paging_mapVirtToPhysAddr
                0x00103260      0x1cf object_files/kernel/paging.o
                0x00103260                paging_mapVirtToPhysAddr
 *fill*         0x0010342f        0x1 
 .text.paging_alloc
                0x00103430      0x12a object_files/kernel/paging.o
                0x00103430                paging_alloc
 *fill*         0x0010355a        0x6 
 .text.paging_allocNew
                0x00103560       0xdf object_files/kernel/paging.o
                0x00103560                paging_allocNew
 *fill*         0x0010363f        0x1 
 .text.paging_free
                0x00103640      0x14c object_files/kernel/paging.o
                0x00103640                paging_free
 *fill*         0x0010378c        0x4 
 .text.paging_setFlags
                0x00103790      0x1a5 object_files/kernel/paging.o
                0x00103790                paging_setFlags
 *fill*         0x00103935        0xb 
 .text.paging_createPageDirectory
                0x00103940       0x8d object_files/kernel/paging.o
                0x00103940                paging_createPageDirectory
 *fill*         0x001039cd        0x3 
 .text.paging_destroyPageDirectory
                0x001039d0      0x105 object_files/kernel/paging.o
                0x001039d0                paging_destroyPageDirectory
 *fill*         0x00103ad5        0xb 
 .text.paging_allocMMIO
                0x00103ae0       0xa0 object_files/kernel/paging.o
                0x00103ae0                paging_allocMMIO
 .text.paging_getPhysAddr
                0x00103b80       0x39 object_files/kernel/paging.o
                0x00103b80                paging_getPhysAddr
 *fill*         0x00103bb9        0x7 
 .text.paging_getVirtAddr
                0x00103bc0       0x70 object_files/kernel/paging.o
                0x00103bc0                paging_getVirtAddr
 .text.paging_analyzeBitTable
                0x00103c30      0x17f object_files/kernel/paging.o
                0x00103c30                paging_analyzeBitTable
 .text          0x00103daf        0x0 object_files/kernel/timer.o
 *fill*         0x00103daf        0x1 
 .text.timer_handler
                0x00103db0       0x21 object_files/kernel/timer.o
                0x00103db0                timer_handler
 *fill*         0x00103dd1        0xf 
 .text.timer_install
                0x00103de0       0x51 object_files/kernel/timer.o
                0x00103de0                timer_install
 *fill*         0x00103e31        0xf 
 .text.timer_getSeconds
                0x00103e40       0x22 object_files/kernel/timer.o
                0x00103e40                timer_getSeconds
 *fill*         0x00103e62        0xe 
 .text.timer_getMilliseconds
                0x00103e70       0x21 object_files/kernel/timer.o
                0x00103e70                timer_getMilliseconds
 *fill*         0x00103e91        0xf 
 .text.timer_getTicks
                0x00103ea0       0x10 object_files/kernel/timer.o
                0x00103ea0                timer_getTicks
 .text.timer_millisecondsToTicks
                0x00103eb0       0x1e object_files/kernel/timer.o
                0x00103eb0                timer_millisecondsToTicks
 *fill*         0x00103ece        0x2 
 .text.sleepSeconds
                0x00103ed0       0x1c object_files/kernel/timer.o
                0x00103ed0                sleepSeconds
 *fill*         0x00103eec        0x4 
 .text.sleepMilliSeconds
                0x00103ef0       0x17 object_files/kernel/timer.o
                0x00103ef0                sleepMilliSeconds
 *fill*         0x00103f07        0x9 
 .text.sleepMilliSecondsOld
                0x00103f10       0x6c object_files/kernel/timer.o
                0x00103f10                sleepMilliSecondsOld
 *fill*         0x00103f7c        0x4 
 .text.timer_setFrequency
                0x00103f80       0x36 object_files/kernel/timer.o
                0x00103f80                timer_setFrequency
 *fill*         0x00103fb6        0xa 
 .text.timer_getFrequency
                0x00103fc0        0xc object_files/kernel/timer.o
                0x00103fc0                timer_getFrequency
 *fill*         0x00103fcc        0x4 
 .text.delay    0x00103fd0       0x59 object_files/kernel/timer.o
                0x00103fd0                delay
 .text          0x00104029        0x0 object_files/kernel/cpu.o
 *fill*         0x00104029        0x7 
 .text.printSupport
                0x00104030       0x52 object_files/kernel/cpu.o
 *fill*         0x00104082        0xe 
 .text.cpu_idGetRegister.part.0
                0x00104090       0x67 object_files/kernel/cpu.o
 *fill*         0x001040f7        0x9 
 .text.cpu_supports.part.1
                0x00104100       0x2c object_files/kernel/cpu.o
 *fill*         0x0010412c        0x4 
 .text.cpu_install
                0x00104130       0x8c object_files/kernel/cpu.o
                0x00104130                cpu_install
 *fill*         0x001041bc        0x4 
 .text.cpu_analyze
                0x001041c0      0x26f object_files/kernel/cpu.o
                0x001041c0                cpu_analyze
 *fill*         0x0010442f        0x1 
 .text.cpu_calculateFrequency
                0x00104430       0x52 object_files/kernel/cpu.o
                0x00104430                cpu_calculateFrequency
 *fill*         0x00104482        0xe 
 .text.cpu_supports
                0x00104490       0x22 object_files/kernel/cpu.o
                0x00104490                cpu_supports
 *fill*         0x001044b2        0xe 
 .text.cpu_idGetRegister
                0x001044c0       0x24 object_files/kernel/cpu.o
                0x001044c0                cpu_idGetRegister
 *fill*         0x001044e4        0xc 
 .text.cpu_MSRread
                0x001044f0        0xa object_files/kernel/cpu.o
                0x001044f0                cpu_MSRread
 *fill*         0x001044fa        0x6 
 .text.cpu_MSRwrite
                0x00104500       0x10 object_files/kernel/cpu.o
                0x00104500                cpu_MSRwrite
 .text.fpu_install
                0x00104510       0x52 object_files/kernel/cpu.o
                0x00104510                fpu_install
 *fill*         0x00104562        0xe 
 .text.fpu_test
                0x00104570      0x132 object_files/kernel/cpu.o
                0x00104570                fpu_test
 .text          0x001046a2        0x0 object_files/kernel/ipc.o
 *fill*         0x001046a2        0xe 
 .text.accessAllowed
                0x001046b0       0x82 object_files/kernel/ipc.o
 *fill*         0x00104732        0xe 
 .text.ipc_printNode
                0x00104740      0x2d5 object_files/kernel/ipc.o
 *fill*         0x00104a15        0xb 
 .text.getNode.isra.0
                0x00104a20       0xbc object_files/kernel/ipc.o
 *fill*         0x00104adc        0x4 
 .text.createNode.part.1
                0x00104ae0       0x86 object_files/kernel/ipc.o
 *fill*         0x00104b66        0xa 
 .text.ipc_getNode
                0x00104b70       0x78 object_files/kernel/ipc.o
                0x00104b70                ipc_getNode
 *fill*         0x00104be8        0x8 
 .text.ipc_createNode
                0x00104bf0      0x15d object_files/kernel/ipc.o
                0x00104bf0                ipc_createNode
 *fill*         0x00104d4d        0x3 
 .text.prepareNodeToWrite
                0x00104d50       0x43 object_files/kernel/ipc.o
 *fill*         0x00104d93        0xd 
 .text.ipc_deleteNode
                0x00104da0       0xe1 object_files/kernel/ipc.o
                0x00104da0                ipc_deleteNode
 *fill*         0x00104e81        0xf 
 .text.ipc_print
                0x00104e90       0x4d object_files/kernel/ipc.o
                0x00104e90                ipc_print
 *fill*         0x00104edd        0x3 
 .text.ipc_fopen
                0x00104ee0       0xa8 object_files/kernel/ipc.o
                0x00104ee0                ipc_fopen
 *fill*         0x00104f88        0x8 
 .text.ipc_getFolder
                0x00104f90      0x10d object_files/kernel/ipc.o
                0x00104f90                ipc_getFolder
 *fill*         0x0010509d        0x3 
 .text.ipc_getString
                0x001050a0       0x9e object_files/kernel/ipc.o
                0x001050a0                ipc_getString
 *fill*         0x0010513e        0x2 
 .text.ipc_getConstString
                0x00105140       0x6a object_files/kernel/ipc.o
                0x00105140                ipc_getConstString
 *fill*         0x001051aa        0x6 
 .text.ipc_getInt
                0x001051b0       0x5a object_files/kernel/ipc.o
                0x001051b0                ipc_getInt
 *fill*         0x0010520a        0x6 
 .text.ipc_getDouble
                0x00105210       0x6a object_files/kernel/ipc.o
                0x00105210                ipc_getDouble
 *fill*         0x0010527a        0x6 
 .text.ipc_setString
                0x00105280       0x5b object_files/kernel/ipc.o
                0x00105280                ipc_setString
 *fill*         0x001052db        0x5 
 .text.ipc_setInt
                0x001052e0       0x4c object_files/kernel/ipc.o
                0x001052e0                ipc_setInt
 *fill*         0x0010532c        0x4 
 .text.ipc_setDouble
                0x00105330       0x39 object_files/kernel/ipc.o
                0x00105330                ipc_setDouble
 *fill*         0x00105369        0x7 
 .text.ipc_deleteKey
                0x00105370       0x5a object_files/kernel/ipc.o
                0x00105370                ipc_deleteKey
 *fill*         0x001053ca        0x6 
 .text.ipc_setAccess
                0x001053d0      0x10a object_files/kernel/ipc.o
                0x001053d0                ipc_setAccess
 *fill*         0x001054da        0x6 
 .text.ipc_setTaskWorkingNode
                0x001054e0       0x5e object_files/kernel/ipc.o
                0x001054e0                ipc_setTaskWorkingNode
 .text          0x0010553e        0x0 object_files/kernel/serial.o
 *fill*         0x0010553e        0x2 
 .text.serial_init
                0x00105540      0x11d object_files/kernel/serial.o
                0x00105540                serial_init
 *fill*         0x0010565d        0x3 
 .text.serial_received
                0x00105660       0x5b object_files/kernel/serial.o
                0x00105660                serial_received
 *fill*         0x001056bb        0x5 
 .text.serial_read
                0x001056c0       0x70 object_files/kernel/serial.o
                0x001056c0                serial_read
 .text.serial_isTransmitEmpty
                0x00105730       0x5e object_files/kernel/serial.o
                0x00105730                serial_isTransmitEmpty
 *fill*         0x0010578e        0x2 
 .text.serial_write
                0x00105790       0x68 object_files/kernel/serial.o
                0x00105790                serial_write
 *fill*         0x001057f8        0x8 
 .text.serial_vprintf
                0x00105800       0xd5 object_files/kernel/serial.o
                0x00105800                serial_vprintf
 *fill*         0x001058d5        0xb 
 .text.serial_printf
                0x001058e0       0x1c object_files/kernel/serial.o
                0x001058e0                serial_printf
 .text          0x001058fc        0x0 object_files/kernel/descriptor_tables.o
 *fill*         0x001058fc        0x4 
 .text.gdt_setGate
                0x00105900       0x56 object_files/kernel/descriptor_tables.o
                0x00105900                gdt_setGate
 *fill*         0x00105956        0xa 
 .text.gdt_install
                0x00105960      0x113 object_files/kernel/descriptor_tables.o
                0x00105960                gdt_install
 *fill*         0x00105a73        0xd 
 .text.tss_write
                0x00105a80       0x92 object_files/kernel/descriptor_tables.o
                0x00105a80                tss_write
 *fill*         0x00105b12        0xe 
 .text.tss_switch
                0x00105b20       0x1d object_files/kernel/descriptor_tables.o
                0x00105b20                tss_switch
 .text          0x00105b3d        0x0 object_files/kernel/cmos.o
 *fill*         0x00105b3d        0x3 
 .text.cmos_read
                0x00105b40       0x37 object_files/kernel/cmos.o
                0x00105b40                cmos_read
 *fill*         0x00105b77        0x9 
 .text.cmos_write
                0x00105b80       0x3d object_files/kernel/cmos.o
                0x00105b80                cmos_write
 .text          0x00105bbd        0x0 object_files/kernel/elf.o
 *fill*         0x00105bbd        0x3 
 .text.elf_checkFilename
                0x00105bc0       0x3b object_files/kernel/elf.o
                0x00105bc0                elf_checkFilename
 *fill*         0x00105bfb        0x5 
 .text.elf_checkFileformat
                0x00105c00       0x6b object_files/kernel/elf.o
                0x00105c00                elf_checkFileformat
 *fill*         0x00105c6b        0x5 
 .text.elf_prepareExecution
                0x00105c70      0x12a object_files/kernel/elf.o
                0x00105c70                elf_prepareExecution
 .text          0x00105d9a        0x0 object_files/kernel/irq.o
 *fill*         0x00105d9a        0x6 
 .text.installHandler
                0x00105da0       0xc9 object_files/kernel/irq.o
 *fill*         0x00105e69        0x7 
 .text.quitTask
                0x00105e70       0x71 object_files/kernel/irq.o
 *fill*         0x00105ee1        0xf 
 .text.PF       0x00105ef0      0x103 object_files/kernel/irq.o
 *fill*         0x00105ff3        0xd 
 .text.invalidOpcode
                0x00106000       0xa7 object_files/kernel/irq.o
 *fill*         0x001060a7        0x9 
 .text.defaultError
                0x001060b0       0x93 object_files/kernel/irq.o
 *fill*         0x00106143        0xd 
 .text.NM       0x00106150       0x5c object_files/kernel/irq.o
 *fill*         0x001061ac        0x4 
 .text.NM_fxsr  0x001061b0       0x5f object_files/kernel/irq.o
 *fill*         0x0010620f        0x1 
 .text.GPF      0x00106210       0x5d object_files/kernel/irq.o
 *fill*         0x0010626d        0x3 
 .text.irq_installHandler
                0x00106270       0x22 object_files/kernel/irq.o
                0x00106270                irq_installHandler
 *fill*         0x00106292        0xe 
 .text.irq_installCDIHandler
                0x001062a0       0x24 object_files/kernel/irq.o
                0x001062a0                irq_installCDIHandler
 *fill*         0x001062c4        0xc 
 .text.irq_installPCIHandler
                0x001062d0       0x24 object_files/kernel/irq.o
                0x001062d0                irq_installPCIHandler
 *fill*         0x001062f4        0xc 
 .text.irq_uninstallHandler
                0x00106300      0x102 object_files/kernel/irq.o
                0x00106300                irq_uninstallHandler
 *fill*         0x00106402        0xe 
 .text.irq_resetCounter
                0x00106410       0x1a object_files/kernel/irq.o
                0x00106410                irq_resetCounter
 *fill*         0x0010642a        0x6 
 .text.waitForIRQ
                0x00106430       0x41 object_files/kernel/irq.o
                0x00106430                waitForIRQ
 *fill*         0x00106471        0xf 
 .text.irq_unlockTask
                0x00106480       0x17 object_files/kernel/irq.o
                0x00106480                irq_unlockTask
 *fill*         0x00106497        0x9 
 .text.isr_install
                0x001064a0       0x7c object_files/kernel/irq.o
                0x001064a0                isr_install
 *fill*         0x0010651c        0x4 
 .text.irq_handler
                0x00106520      0x225 object_files/kernel/irq.o
                0x00106520                irq_handler
 .text          0x00106745        0x0 object_files/kernel/pci.o
 *fill*         0x00106745        0xb 
 .text.config_read
                0x00106750       0x9d object_files/kernel/pci.o
 *fill*         0x001067ed        0x3 
 .text.config_write_word
                0x001067f0       0x7b object_files/kernel/pci.o
 *fill*         0x0010686b        0x5 
 .text.config_write_dword
                0x00106870       0x70 object_files/kernel/pci.o
 .text.pci_analyzeHostSystemError
                0x001068e0      0x1d5 object_files/kernel/pci.o
                0x001068e0                pci_analyzeHostSystemError
 *fill*         0x00106ab5        0xb 
 .text.pci_configRead
                0x00106ac0       0x2c object_files/kernel/pci.o
                0x00106ac0                pci_configRead
 *fill*         0x00106aec        0x4 
 .text.pci_configWrite_byte
                0x00106af0       0x79 object_files/kernel/pci.o
                0x00106af0                pci_configWrite_byte
 *fill*         0x00106b69        0x7 
 .text.pci_configWrite_word
                0x00106b70       0x2c object_files/kernel/pci.o
                0x00106b70                pci_configWrite_word
 *fill*         0x00106b9c        0x4 
 .text.pci_configWrite_dword
                0x00106ba0       0x2b object_files/kernel/pci.o
                0x00106ba0                pci_configWrite_dword
 *fill*         0x00106bcb        0x5 
 .text.pci_deviceSentInterrupt
                0x00106bd0       0x26 object_files/kernel/pci.o
                0x00106bd0                pci_deviceSentInterrupt
 *fill*         0x00106bf6        0xa 
 .text.pci_getExtendedCapability
                0x00106c00       0x44 object_files/kernel/pci.o
                0x00106c00                pci_getExtendedCapability
 *fill*         0x00106c44        0xc 
 .text.pci_trySetMSIVector
                0x00106c50      0x183 object_files/kernel/pci.o
                0x00106c50                pci_trySetMSIVector
 *fill*         0x00106dd3        0xd 
 .text.pci_switchToMSI
                0x00106de0       0xb5 object_files/kernel/pci.o
                0x00106de0                pci_switchToMSI
 *fill*         0x00106e95        0xb 
 .text.pci_aquireMemoryForMMIO
                0x00106ea0       0x47 object_files/kernel/pci.o
                0x00106ea0                pci_aquireMemoryForMMIO
 *fill*         0x00106ee7        0x9 
 .text.pci_scanBus
                0x00106ef0      0x7fe object_files/kernel/pci.o
                0x00106ef0                pci_scanBus
 *fill*         0x001076ee        0x2 
 .text.pci_scan
                0x001076f0       0x24 object_files/kernel/pci.o
                0x001076f0                pci_scan
 *fill*         0x00107714        0xc 
 .text.pci_installDevices
                0x00107720       0x8e object_files/kernel/pci.o
                0x00107720                pci_installDevices
 .text          0x001077ae        0x0 object_files/kernel/log.o
 *fill*         0x001077ae        0x2 
 .text.log_flushSecondary
                0x001077b0      0x18d object_files/kernel/log.o
                0x001077b0                log_flushSecondary
 *fill*         0x0010793d        0x3 
 .text.log_showScreenStatus
                0x00107940       0x64 object_files/kernel/log.o
                0x00107940                log_showScreenStatus
 *fill*         0x001079a4        0xc 
 .text.log_incrementScreenLevel
                0x001079b0       0x3f object_files/kernel/log.o
                0x001079b0                log_incrementScreenLevel
 *fill*         0x001079ef        0x1 
 .text.log_decrementScreenLevel
                0x001079f0       0x40 object_files/kernel/log.o
                0x001079f0                log_decrementScreenLevel
 .text.log_setScreenFocus
                0x00107a30       0x26 object_files/kernel/log.o
                0x00107a30                log_setScreenFocus
 *fill*         0x00107a56        0xa 
 .text.log_showSecondaryStatus
                0x00107a60       0x89 object_files/kernel/log.o
                0x00107a60                log_showSecondaryStatus
 *fill*         0x00107ae9        0x7 
 .text.log_incrementSecondaryLevel
                0x00107af0       0x3f object_files/kernel/log.o
                0x00107af0                log_incrementSecondaryLevel
 *fill*         0x00107b2f        0x1 
 .text.log_decrementSecondaryLevel
                0x00107b30       0x40 object_files/kernel/log.o
                0x00107b30                log_decrementSecondaryLevel
 .text.log_toggleSecondaryMode
                0x00107b70       0x37 object_files/kernel/log.o
                0x00107b70                log_toggleSecondaryMode
 *fill*         0x00107ba7        0x9 
 .text.log_setSecondaryFocus
                0x00107bb0       0x26 object_files/kernel/log.o
                0x00107bb0                log_setSecondaryFocus
 *fill*         0x00107bd6        0xa 
 .text.log_vprintf
                0x00107be0      0x27c object_files/kernel/log.o
                0x00107be0                log_vprintf
 *fill*         0x00107e5c        0x4 
 .text.log_printf
                0x00107e60       0x1d object_files/kernel/log.o
                0x00107e60                log_printf
 *fill*         0x00107e7d        0x3 
 .text.log_printfc
                0x00107e80       0x43 object_files/kernel/log.o
                0x00107e80                log_printfc
 .text          0x00107ec3        0x0 object_files/kernel/time.o
 *fill*         0x00107ec3        0xd 
 .text.writeInt.constprop.0
                0x00107ed0       0x43 object_files/kernel/time.o
 *fill*         0x00107f13        0xd 
 .text.cmosTime
                0x00107f20       0xc2 object_files/kernel/time.o
                0x00107f20                cmosTime
 *fill*         0x00107fe2        0xe 
 .text.getCurrentDateAndTime
                0x00107ff0      0x1b5 object_files/kernel/time.o
                0x00107ff0                getCurrentDateAndTime
 .text          0x001081a5        0x0 object_files/kernel/apic.o
 *fill*         0x001081a5        0xb 
 .text.lapic_available
                0x001081b0       0x2f object_files/kernel/apic.o
                0x001081b0                lapic_available
 *fill*         0x001081df        0x1 
 .text.ioapic_available
                0x001081e0       0x2e object_files/kernel/apic.o
                0x001081e0                ioapic_available
 *fill*         0x0010820e        0x2 
 .text.ioapic_installed
                0x00108210        0xf object_files/kernel/apic.o
                0x00108210                ioapic_installed
 *fill*         0x0010821f        0x1 
 .text.lapic_getID
                0x00108220        0xd object_files/kernel/apic.o
                0x00108220                lapic_getID
 *fill*         0x0010822d        0x3 
 .text.lapic_install
                0x00108230      0x168 object_files/kernel/apic.o
                0x00108230                lapic_install
 *fill*         0x00108398        0x8 
 .text.ioapic_install
                0x001083a0      0x275 object_files/kernel/apic.o
                0x001083a0                ioapic_install
 *fill*         0x00108615        0xb 
 .text.ioapic_getID
                0x00108620       0x16 object_files/kernel/apic.o
                0x00108620                ioapic_getID
 *fill*         0x00108636        0xa 
 .text.lapic_eoi
                0x00108640       0x1d object_files/kernel/apic.o
                0x00108640                lapic_eoi
 .text          0x0010865d        0x0 object_files/kernel/kheap.o
 *fill*         0x0010865d        0x3 
 .text.heap_install
                0x00108660       0x79 object_files/kernel/kheap.o
                0x00108660                heap_install
 *fill*         0x001086d9        0x7 
 .text.heap_getCurrentEnd
                0x001086e0        0xf object_files/kernel/kheap.o
                0x001086e0                heap_getCurrentEnd
 *fill*         0x001086ef        0x1 
 .text.malloc   0x001086f0      0x547 object_files/kernel/kheap.o
                0x001086f0                malloc
 *fill*         0x00108c37        0x9 
 .text.free     0x00108c40      0x171 object_files/kernel/kheap.o
                0x00108c40                free
 *fill*         0x00108db1        0xf 
 .text.heap_logRegions
                0x00108dc0       0xea object_files/kernel/kheap.o
                0x00108dc0                heap_logRegions
 .text          0x00108eaa        0x0 object_files/kernel/acpi/parser.o
 .text          0x00108eaa        0x0 object_files/kernel/acpi/acpi.o
 *fill*         0x00108eaa        0x6 
 .text.findRootSystemDescriptorPointer
                0x00108eb0       0x9c object_files/kernel/acpi/acpi.o
 *fill*         0x00108f4c        0x4 
 .text.acpi_tryAlloc
                0x00108f50       0x2e object_files/kernel/acpi/acpi.o
 *fill*         0x00108f7e        0x2 
 .text.acpi_tryDealloc
                0x00108f80       0x3c object_files/kernel/acpi/acpi.o
 *fill*         0x00108fbc        0x4 
 .text.acpi_parseRSDT
                0x00108fc0      0x1a7 object_files/kernel/acpi/acpi.o
                0x00108fc0                acpi_parseRSDT
 *fill*         0x00109167        0x9 
 .text.acpi_available
                0x00109170       0x54 object_files/kernel/acpi/acpi.o
                0x00109170                acpi_available
 *fill*         0x001091c4        0xc 
 .text.acpi_install
                0x001091d0      0x110 object_files/kernel/acpi/acpi.o
                0x001091d0                acpi_install
 .text.acpi_registerParser
                0x001092e0       0x9b object_files/kernel/acpi/acpi.o
                0x001092e0                acpi_registerParser
 *fill*         0x0010937b        0x5 
 .text.acpi_unregisterParser
                0x00109380       0x89 object_files/kernel/acpi/acpi.o
                0x00109380                acpi_unregisterParser
 *fill*         0x00109409        0x7 
 .text.acpi_reload
                0x00109410      0x120 object_files/kernel/acpi/acpi.o
                0x00109410                acpi_reload
 .text.acpi_reparse
                0x00109530       0xc0 object_files/kernel/acpi/acpi.o
                0x00109530                acpi_reparse
 .text.acpi_parseSpecific
                0x001095f0       0xdd object_files/kernel/acpi/acpi.o
                0x001095f0                acpi_parseSpecific
 .text          0x001096cd        0x0 object_files/kernel/acpi/fadt.o
 *fill*         0x001096cd        0x3 
 .text.acpi_parser_fadt
                0x001096d0       0xa6 object_files/kernel/acpi/fadt.o
                0x001096d0                acpi_parser_fadt
 .text          0x00109776        0x0 object_files/kernel/acpi/madt.o
 *fill*         0x00109776        0xa 
 .text.acpi_parser_madt
                0x00109780      0x471 object_files/kernel/acpi/madt.o
                0x00109780                acpi_parser_madt
 .text          0x00109bf1        0x0 object_files/kernel/audio/wav.o
 *fill*         0x00109bf1        0xf 
 .text.wav_parseWAV
                0x00109c00      0x2c8 object_files/kernel/audio/wav.o
                0x00109c00                wav_parseWAV
 *fill*         0x00109ec8        0x8 
 .text.wav_playStartWav
                0x00109ed0       0x83 object_files/kernel/audio/wav.o
                0x00109ed0                wav_playStartWav
 .text          0x00109f53        0x0 object_files/kernel/audio/sb16.o
 *fill*         0x00109f53        0xd 
 .text.install_SB16
                0x00109f60        0x5 object_files/kernel/audio/sb16.o
                0x00109f60                install_SB16
 .text          0x00109f65        0x0 object_files/kernel/audio/ac97_intel.o
 *fill*         0x00109f65        0xb 
 .text.AC97_handler
                0x00109f70       0x51 object_files/kernel/audio/ac97_intel.o
 *fill*         0x00109fc1        0xf 
 .text.ac97Intel_install
                0x00109fd0      0x20f object_files/kernel/audio/ac97_intel.o
                0x00109fd0                ac97Intel_install
 *fill*         0x0010a1df        0x1 
 .text.ac97Intel_start
                0x0010a1e0       0xb7 object_files/kernel/audio/ac97_intel.o
                0x0010a1e0                ac97Intel_start
 *fill*         0x0010a297        0x9 
 .text.ac97Intel_stop
                0x0010a2a0       0x7e object_files/kernel/audio/ac97_intel.o
                0x0010a2a0                ac97Intel_stop
 .text          0x0010a31e        0x0 object_files/kernel/audio/audio.o
 *fill*         0x0010a31e        0x2 
 .text.audio_installDevice
                0x0010a320       0x69 object_files/kernel/audio/audio.o
                0x0010a320                audio_installDevice
 *fill*         0x0010a389        0x7 
 .text.audio_test
                0x0010a390       0x86 object_files/kernel/audio/audio.o
                0x0010a390                audio_test
 .text          0x0010a416        0x0 object_files/kernel/audio/sys_speaker.o
 *fill*         0x0010a416        0xa 
 .text.sound    0x0010a420       0x34 object_files/kernel/audio/sys_speaker.o
                0x0010a420                sound
 *fill*         0x0010a454        0xc 
 .text.noSound  0x0010a460       0x15 object_files/kernel/audio/sys_speaker.o
                0x0010a460                noSound
 *fill*         0x0010a475        0xb 
 .text.beep     0x0010a480       0x56 object_files/kernel/audio/sys_speaker.o
                0x0010a480                beep
 *fill*         0x0010a4d6        0xa 
 .text.msgbeep  0x0010a4e0       0x1a object_files/kernel/audio/sys_speaker.o
                0x0010a4e0                msgbeep
 .text          0x0010a4fa        0x0 object_files/kernel/audio/ac97_via.o
 *fill*         0x0010a4fa        0x6 
 .text.codec_readStatus.constprop.1
                0x0010a500       0xce object_files/kernel/audio/ac97_via.o
 *fill*         0x0010a5ce        0x2 
 .text.codec_sendCommand.constprop.2
                0x0010a5d0       0x81 object_files/kernel/audio/ac97_via.o
 *fill*         0x0010a651        0xf 
 .text.ac97Via_install
                0x0010a660      0x2ca object_files/kernel/audio/ac97_via.o
                0x0010a660                ac97Via_install
 *fill*         0x0010a92a        0x6 
 .text.ac97Via_start
                0x0010a930       0x62 object_files/kernel/audio/ac97_via.o
                0x0010a930                ac97Via_start
 *fill*         0x0010a992        0xe 
 .text.ac97Via_stop
                0x0010a9a0       0x15 object_files/kernel/audio/ac97_via.o
                0x0010a9a0                ac97Via_stop
 .text          0x0010a9b5        0x0 object_files/kernel/cdi/cdi.o
 *fill*         0x0010a9b5        0xb 
 .text.cdi_driver_init
                0x0010a9c0       0x13 object_files/kernel/cdi/cdi.o
                0x0010a9c0                cdi_driver_init
 *fill*         0x0010a9d3        0xd 
 .text.cdi_driver_destroy
                0x0010a9e0       0x12 object_files/kernel/cdi/cdi.o
                0x0010a9e0                cdi_driver_destroy
 *fill*         0x0010a9f2        0xe 
 .text.cdi_driver_register
                0x0010aa00       0x35 object_files/kernel/cdi/cdi.o
                0x0010aa00                cdi_driver_register
 *fill*         0x0010aa35        0xb 
 .text.cdi_init
                0x0010aa40      0x168 object_files/kernel/cdi/cdi.o
                0x0010aa40                cdi_init
 *fill*         0x0010aba8        0x8 
 .text.startup.main
                0x0010abb0       0x21 object_files/kernel/cdi/cdi.o
 .text          0x0010abd1        0x0 object_files/kernel/cdi/cdi_mempool.o
 .text          0x0010abd1        0x0 object_files/kernel/cdi/cdi_net.o
 *fill*         0x0010abd1        0xf 
 .text.cdi_net_driver_init
                0x0010abe0       0x12 object_files/kernel/cdi/cdi_net.o
                0x0010abe0                cdi_net_driver_init
 *fill*         0x0010abf2        0xe 
 .text.cdi_net_driver_destroy
                0x0010ac00        0x9 object_files/kernel/cdi/cdi_net.o
                0x0010ac00                cdi_net_driver_destroy
 *fill*         0x0010ac09        0x7 
 .text.cdi_net_device_init
                0x0010ac10       0x8d object_files/kernel/cdi/cdi_net.o
                0x0010ac10                cdi_net_device_init
 *fill*         0x0010ac9d        0x3 
 .text.cdi_net_receive
                0x0010aca0       0x12 object_files/kernel/cdi/cdi_net.o
                0x0010aca0                cdi_net_receive
 .text          0x0010acb2        0x0 object_files/kernel/cdi/cdi_lists.o
 *fill*         0x0010acb2        0xe 
 .text.cdi_list_create
                0x0010acc0        0x9 object_files/kernel/cdi/cdi_lists.o
                0x0010acc0                cdi_list_create
 *fill*         0x0010acc9        0x7 
 .text.cdi_list_destroy
                0x0010acd0        0x9 object_files/kernel/cdi/cdi_lists.o
                0x0010acd0                cdi_list_destroy
 *fill*         0x0010acd9        0x7 
 .text.cdi_list_push
                0x0010ace0       0x26 object_files/kernel/cdi/cdi_lists.o
                0x0010ace0                cdi_list_push
 *fill*         0x0010ad06        0xa 
 .text.cdi_list_pop
                0x0010ad10       0x1d object_files/kernel/cdi/cdi_lists.o
                0x0010ad10                cdi_list_pop
 *fill*         0x0010ad2d        0x3 
 .text.cdi_list_empty
                0x0010ad30       0x13 object_files/kernel/cdi/cdi_lists.o
                0x0010ad30                cdi_list_empty
 *fill*         0x0010ad43        0xd 
 .text.cdi_list_get
                0x0010ad50       0x24 object_files/kernel/cdi/cdi_lists.o
                0x0010ad50                cdi_list_get
 *fill*         0x0010ad74        0xc 
 .text.cdi_list_insert
                0x0010ad80       0x27 object_files/kernel/cdi/cdi_lists.o
                0x0010ad80                cdi_list_insert
 *fill*         0x0010ada7        0x9 
 .text.cdi_list_remove
                0x0010adb0       0x28 object_files/kernel/cdi/cdi_lists.o
                0x0010adb0                cdi_list_remove
 *fill*         0x0010add8        0x8 
 .text.cdi_list_size
                0x0010ade0       0x1c object_files/kernel/cdi/cdi_lists.o
                0x0010ade0                cdi_list_size
 .text          0x0010adfc        0x0 object_files/kernel/cdi/cdi_mem.o
 *fill*         0x0010adfc        0x4 
 .text.cdi_mem_alloc
                0x0010ae00       0xb4 object_files/kernel/cdi/cdi_mem.o
                0x0010ae00                cdi_mem_alloc
 *fill*         0x0010aeb4        0xc 
 .text.cdi_mem_map
                0x0010aec0       0x84 object_files/kernel/cdi/cdi_mem.o
                0x0010aec0                cdi_mem_map
 *fill*         0x0010af44        0xc 
 .text.cdi_mem_free
                0x0010af50       0x5e object_files/kernel/cdi/cdi_mem.o
                0x0010af50                cdi_mem_free
 *fill*         0x0010afae        0x2 
 .text.cdi_mem_require_flags
                0x0010afb0       0x3a object_files/kernel/cdi/cdi_mem.o
                0x0010afb0                cdi_mem_require_flags
 *fill*         0x0010afea        0x6 
 .text.cdi_mem_copy
                0x0010aff0       0x47 object_files/kernel/cdi/cdi_mem.o
                0x0010aff0                cdi_mem_copy
 .text          0x0010b037        0x0 object_files/kernel/cdi/cdi_scsi.o
 .text          0x0010b037        0x0 object_files/kernel/cdi/cdi_audio.o
 .text          0x0010b037        0x0 object_files/kernel/cdi/cdi_cache.o
 .text          0x0010b037        0x0 object_files/kernel/cdi/cdi_dma.o
 *fill*         0x0010b037        0x9 
 .text.cdi_dma_open
                0x0010b040       0x21 object_files/kernel/cdi/cdi_dma.o
                0x0010b040                cdi_dma_open
 *fill*         0x0010b061        0xf 
 .text.cdi_dma_read
                0x0010b070       0x2a object_files/kernel/cdi/cdi_dma.o
                0x0010b070                cdi_dma_read
 *fill*         0x0010b09a        0x6 
 .text.cdi_dma_write
                0x0010b0a0       0x2a object_files/kernel/cdi/cdi_dma.o
                0x0010b0a0                cdi_dma_write
 *fill*         0x0010b0ca        0x6 
 .text.cdi_dma_close
                0x0010b0d0        0x7 object_files/kernel/cdi/cdi_dma.o
                0x0010b0d0                cdi_dma_close
 .text          0x0010b0d7        0x0 object_files/kernel/cdi/cdi_usb.o
 .text          0x0010b0d7        0x0 object_files/kernel/cdi/cdi_storage.o
 *fill*         0x0010b0d7        0x9 
 .text.cdi_storage_driver_init
                0x0010b0e0       0x12 object_files/kernel/cdi/cdi_storage.o
                0x0010b0e0                cdi_storage_driver_init
 *fill*         0x0010b0f2        0xe 
 .text.cdi_storage_driver_destroy
                0x0010b100        0x9 object_files/kernel/cdi/cdi_storage.o
                0x0010b100                cdi_storage_driver_destroy
 *fill*         0x0010b109        0x7 
 .text.cdi_storage_device_init
                0x0010b110        0x5 object_files/kernel/cdi/cdi_storage.o
                0x0010b110                cdi_storage_device_init
 .text          0x0010b115        0x0 object_files/kernel/cdi/cdi_pci.o
 *fill*         0x0010b115        0xb 
 .text.cdi_pci_get_all_devices
                0x0010b120      0x119 object_files/kernel/cdi/cdi_pci.o
                0x0010b120                cdi_pci_get_all_devices
 *fill*         0x0010b239        0x7 
 .text.cdi_pci_device_destroy
                0x0010b240       0x52 object_files/kernel/cdi/cdi_pci.o
                0x0010b240                cdi_pci_device_destroy
 *fill*         0x0010b292        0xe 
 .text.cdi_pci_alloc_ioports
                0x0010b2a0        0x5 object_files/kernel/cdi/cdi_pci.o
                0x0010b2a0                cdi_pci_alloc_ioports
 *fill*         0x0010b2a5        0xb 
 .text.cdi_pci_config_readb
                0x0010b2b0       0x1a object_files/kernel/cdi/cdi_pci.o
                0x0010b2b0                cdi_pci_config_readb
 *fill*         0x0010b2ca        0x6 
 .text.cdi_pci_config_readw
                0x0010b2d0       0x1a object_files/kernel/cdi/cdi_pci.o
                0x0010b2d0                cdi_pci_config_readw
 *fill*         0x0010b2ea        0x6 
 .text.cdi_pci_config_readl
                0x0010b2f0       0x1a object_files/kernel/cdi/cdi_pci.o
                0x0010b2f0                cdi_pci_config_readl
 *fill*         0x0010b30a        0x6 
 .text.cdi_pci_config_writeb
                0x0010b310       0x20 object_files/kernel/cdi/cdi_pci.o
                0x0010b310                cdi_pci_config_writeb
 .text.cdi_pci_config_writew
                0x0010b330       0x20 object_files/kernel/cdi/cdi_pci.o
                0x0010b330                cdi_pci_config_writew
 .text.cdi_pci_config_writel
                0x0010b350       0x19 object_files/kernel/cdi/cdi_pci.o
                0x0010b350                cdi_pci_config_writel
 .text          0x0010b369        0x0 object_files/kernel/cdi/cdi_misc.o
 *fill*         0x0010b369        0x7 
 .text.cdi_register_irq
                0x0010b370       0x10 object_files/kernel/cdi/cdi_misc.o
                0x0010b370                cdi_register_irq
 .text.cdi_reset_wait_irq
                0x0010b380       0x14 object_files/kernel/cdi/cdi_misc.o
                0x0010b380                cdi_reset_wait_irq
 *fill*         0x0010b394        0xc 
 .text.cdi_wait_irq
                0x0010b3a0       0x1d object_files/kernel/cdi/cdi_misc.o
                0x0010b3a0                cdi_wait_irq
 *fill*         0x0010b3bd        0x3 
 .text.cdi_sleep_ms
                0x0010b3c0        0x9 object_files/kernel/cdi/cdi_misc.o
                0x0010b3c0                cdi_sleep_ms
 *fill*         0x0010b3c9        0x7 
 .text.cdi_elapsed_ms
                0x0010b3d0        0xf object_files/kernel/cdi/cdi_misc.o
                0x0010b3d0                cdi_elapsed_ms
 .text          0x0010b3df        0x0 object_files/kernel/cdi/cdi_fs.o
 *fill*         0x0010b3df        0x1 
 .text.cdi_fs_driver_init
                0x0010b3e0       0x18 object_files/kernel/cdi/cdi_fs.o
                0x0010b3e0                cdi_fs_driver_init
 *fill*         0x0010b3f8        0x8 
 .text.cdi_fs_driver_destroy
                0x0010b400        0x5 object_files/kernel/cdi/cdi_fs.o
                0x0010b400                cdi_fs_driver_destroy
 *fill*         0x0010b405        0xb 
 .text.cdi_fs_driver_register
                0x0010b410       0x1d object_files/kernel/cdi/cdi_fs.o
                0x0010b410                cdi_fs_driver_register
 .text          0x0010b42d        0x0 object_files/kernel/cdi/cdi_bios.o
 .text          0x0010b42d        0x0 object_files/kernel/filesystem/fsmanager.o
 *fill*         0x0010b42d        0x3 
 .text.folderAccess_internal
                0x0010b430       0xa1 object_files/kernel/filesystem/fsmanager.o
 *fill*         0x0010b4d1        0xf 
 .text.getFolder_recursive
                0x0010b4e0      0x16b object_files/kernel/filesystem/fsmanager.o
 *fill*         0x0010b64b        0x5 
 .text.indentNewLine
                0x0010b650       0x40 object_files/kernel/filesystem/fsmanager.o
 .text.logSubtree
                0x0010b690      0x151 object_files/kernel/filesystem/fsmanager.o
 *fill*         0x0010b7e1        0xf 
 .text.getFolder
                0x0010b7f0       0xdb object_files/kernel/filesystem/fsmanager.o
 *fill*         0x0010b8cb        0x5 
 .text.getFilename
                0x0010b8d0       0x35 object_files/kernel/filesystem/fsmanager.o
                0x0010b8d0                getFilename
 *fill*         0x0010b905        0xb 
 .text.fopen    0x0010b910      0x2ee object_files/kernel/filesystem/fsmanager.o
                0x0010b910                fopen
 *fill*         0x0010bbfe        0x2 
 .text.fclose_task
                0x0010bc00       0x74 object_files/kernel/filesystem/fsmanager.o
                0x0010bc00                fclose_task
 *fill*         0x0010bc74        0xc 
 .text.fclose   0x0010bc80       0x19 object_files/kernel/filesystem/fsmanager.o
                0x0010bc80                fclose
 *fill*         0x0010bc99        0x7 
 .text.fmove    0x0010bca0      0x24a object_files/kernel/filesystem/fsmanager.o
                0x0010bca0                fmove
 *fill*         0x0010beea        0x6 
 .text.fgetc    0x0010bef0       0x37 object_files/kernel/filesystem/fsmanager.o
                0x0010bef0                fgetc
 *fill*         0x0010bf27        0x9 
 .text.fputc    0x0010bf30       0x28 object_files/kernel/filesystem/fsmanager.o
                0x0010bf30                fputc
 *fill*         0x0010bf58        0x8 
 .text.fgets    0x0010bf60       0x95 object_files/kernel/filesystem/fsmanager.o
                0x0010bf60                fgets
 *fill*         0x0010bff5        0xb 
 .text.fputs    0x0010c000       0x4b object_files/kernel/filesystem/fsmanager.o
                0x0010c000                fputs
 *fill*         0x0010c04b        0x5 
 .text.fread    0x0010c050       0x2a object_files/kernel/filesystem/fsmanager.o
                0x0010c050                fread
 *fill*         0x0010c07a        0x6 
 .text.fwrite   0x0010c080       0x2a object_files/kernel/filesystem/fsmanager.o
                0x0010c080                fwrite
 *fill*         0x0010c0aa        0x6 
 .text.fflush   0x0010c0b0       0x24 object_files/kernel/filesystem/fsmanager.o
                0x0010c0b0                fflush
 *fill*         0x0010c0d4        0xc 
 .text.ftell    0x0010c0e0        0xb object_files/kernel/filesystem/fsmanager.o
                0x0010c0e0                ftell
 *fill*         0x0010c0eb        0x5 
 .text.fseek    0x0010c0f0       0x10 object_files/kernel/filesystem/fsmanager.o
                0x0010c0f0                fseek
 .text.rewind   0x0010c100       0x17 object_files/kernel/filesystem/fsmanager.o
                0x0010c100                rewind
 *fill*         0x0010c117        0x9 
 .text.feof     0x0010c120        0xc object_files/kernel/filesystem/fsmanager.o
                0x0010c120                feof
 *fill*         0x0010c12c        0x4 
 .text.ferror   0x0010c130       0x18 object_files/kernel/filesystem/fsmanager.o
                0x0010c130                ferror
 *fill*         0x0010c148        0x8 
 .text.clearerr
                0x0010c150        0xf object_files/kernel/filesystem/fsmanager.o
                0x0010c150                clearerr
 *fill*         0x0010c15f        0x1 
 .text.folderAccess
                0x0010c160       0xfe object_files/kernel/filesystem/fsmanager.o
                0x0010c160                folderAccess
 *fill*         0x0010c25e        0x2 
 .text.folderClose
                0x0010c260       0x45 object_files/kernel/filesystem/fsmanager.o
                0x0010c260                folderClose
 *fill*         0x0010c2a5        0xb 
 .text.formatPartition
                0x0010c2b0       0x9e object_files/kernel/filesystem/fsmanager.o
                0x0010c2b0                formatPartition
 *fill*         0x0010c34e        0x2 
 .text.analyzePartition
                0x0010c350       0xd0 object_files/kernel/filesystem/fsmanager.o
                0x0010c350                analyzePartition
 .text.freePartition
                0x0010c420       0x54 object_files/kernel/filesystem/fsmanager.o
                0x0010c420                freePartition
 *fill*         0x0010c474        0xc 
 .text.fsmanager_cleanup
                0x0010c480       0x87 object_files/kernel/filesystem/fsmanager.o
                0x0010c480                fsmanager_cleanup
 *fill*         0x0010c507        0x9 
 .text.fsmanager_log
                0x0010c510       0xd1 object_files/kernel/filesystem/fsmanager.o
                0x0010c510                fsmanager_log
 .text          0x0010c5e1        0x0 object_files/kernel/filesystem/fat.o
 *fill*         0x0010c5e1        0xf 
 .text.FAT_fatRead
                0x0010c5f0      0x1c7 object_files/kernel/filesystem/fat.o
 *fill*         0x0010c7b7        0x9 
 .text.FAT_getNextCluster
                0x0010c7c0       0x8d object_files/kernel/filesystem/fat.o
 *fill*         0x0010c84d        0x3 
 .text.FAT_findEmptyCluster
                0x0010c850       0x8c object_files/kernel/filesystem/fat.o
 *fill*         0x0010c8dc        0x4 
 .text.FAT_fatWrite
                0x0010c8e0      0x1e7 object_files/kernel/filesystem/fat.o
 *fill*         0x0010cac7        0x9 
 .text.FAT_cluster2sector.part.0
                0x0010cad0       0x2a object_files/kernel/filesystem/fat.o
 *fill*         0x0010cafa        0x6 
 .text.FAT_cacheDirEntry
                0x0010cb00      0x1bc object_files/kernel/filesystem/fat.o
 *fill*         0x0010ccbc        0x4 
 .text.FAT_getDirEntry
                0x0010ccc0       0x4f object_files/kernel/filesystem/fat.o
 *fill*         0x0010cd0f        0x1 
 .text.FAT_fillHandle
                0x0010cd10       0xb8 object_files/kernel/filesystem/fat.o
 *fill*         0x0010cdc8        0x8 
 .text.FAT_writeDirEntry
                0x0010cdd0       0x82 object_files/kernel/filesystem/fat.o
 *fill*         0x0010ce52        0xe 
 .text.FAT_eraseCluster
                0x0010ce60       0xdc object_files/kernel/filesystem/fat.o
 *fill*         0x0010cf3c        0x4 
 .text.FAT_allocateNewCluster
                0x0010cf40       0x80 object_files/kernel/filesystem/fat.o
 .text.FAT_fdopen.part.1
                0x0010cfc0       0xeb object_files/kernel/filesystem/fat.o
 *fill*         0x0010d0ab        0x5 
 .text.FAT_FormatFileName
                0x0010d0b0      0x215 object_files/kernel/filesystem/fat.o
 *fill*         0x0010d2c5        0xb 
 .text.FAT_lookForHandle
                0x0010d2d0      0x11d object_files/kernel/filesystem/fat.o
 *fill*         0x0010d3ed        0x3 
 .text.FAT_findEmptyDirEntry
                0x0010d3f0       0xb1 object_files/kernel/filesystem/fat.o
                0x0010d3f0                FAT_findEmptyDirEntry
 *fill*         0x0010d4a1        0xf 
 .text.FAT_createDirEntry
                0x0010d4b0      0x1cb object_files/kernel/filesystem/fat.o
                0x0010d4b0                FAT_createDirEntry
 *fill*         0x0010d67b        0x5 
 .text.FAT_eraseHandle
                0x0010d680      0x11f object_files/kernel/filesystem/fat.o
                0x0010d680                FAT_eraseHandle
 *fill*         0x0010d79f        0x1 
 .text.FAT_fopen
                0x0010d7a0      0x152 object_files/kernel/filesystem/fat.o
                0x0010d7a0                FAT_fopen
 *fill*         0x0010d8f2        0xe 
 .text.FAT_fread
                0x0010d900      0x220 object_files/kernel/filesystem/fat.o
                0x0010d900                FAT_fread
 .text.FAT_fseek
                0x0010db20      0x130 object_files/kernel/filesystem/fat.o
                0x0010db20                FAT_fseek
 .text.FAT_remove
                0x0010dc50       0x46 object_files/kernel/filesystem/fat.o
                0x0010dc50                FAT_remove
 *fill*         0x0010dc96        0xa 
 .text.FAT_rename
                0x0010dca0       0x8d object_files/kernel/filesystem/fat.o
                0x0010dca0                FAT_rename
 *fill*         0x0010dd2d        0x3 
 .text.FAT_fwrite
                0x0010dd30      0x253 object_files/kernel/filesystem/fat.o
                0x0010dd30                FAT_fwrite
 *fill*         0x0010df83        0xd 
 .text.FAT_fclose
                0x0010df90       0xcc object_files/kernel/filesystem/fat.o
                0x0010df90                FAT_fclose
 *fill*         0x0010e05c        0x4 
 .text.FAT_folderAccess
                0x0010e060      0x4f7 object_files/kernel/filesystem/fat.o
                0x0010e060                FAT_folderAccess
 *fill*         0x0010e557        0x9 
 .text.FAT_folderClose
                0x0010e560       0x50 object_files/kernel/filesystem/fat.o
                0x0010e560                FAT_folderClose
 .text.FAT_format
                0x0010e5b0      0xac0 object_files/kernel/filesystem/fat.o
                0x0010e5b0                FAT_format
 .text.FAT_pinstall
                0x0010f070      0x2d9 object_files/kernel/filesystem/fat.o
                0x0010f070                FAT_pinstall
 *fill*         0x0010f349        0x7 
 .text.FAT_pfree
                0x0010f350       0x22 object_files/kernel/filesystem/fat.o
                0x0010f350                FAT_pfree
 .text          0x0010f372        0x0 object_files/kernel/filesystem/ramdisk.o
 *fill*         0x0010f372        0xe 
 .text.ramdisk_install
                0x0010f380       0xf3 object_files/kernel/filesystem/ramdisk.o
                0x0010f380                ramdisk_install
 *fill*         0x0010f473        0xd 
 .text.ramdisk_openFile
                0x0010f480       0xea object_files/kernel/filesystem/ramdisk.o
                0x0010f480                ramdisk_openFile
 *fill*         0x0010f56a        0x6 
 .text.ramdisk_fclose
                0x0010f570        0x7 object_files/kernel/filesystem/ramdisk.o
                0x0010f570                ramdisk_fclose
 *fill*         0x0010f577        0x9 
 .text.ramdisk_fseek
                0x0010f580       0x7c object_files/kernel/filesystem/ramdisk.o
                0x0010f580                ramdisk_fseek
 *fill*         0x0010f5fc        0x4 
 .text.ramdisk_fread
                0x0010f600       0x8a object_files/kernel/filesystem/ramdisk.o
                0x0010f600                ramdisk_fread
 *fill*         0x0010f68a        0x6 
 .text.ramdisk_fwrite
                0x0010f690       0xe9 object_files/kernel/filesystem/ramdisk.o
                0x0010f690                ramdisk_fwrite
 *fill*         0x0010f779        0x7 
 .text.ramdisk_fflush
                0x0010f780        0x7 object_files/kernel/filesystem/ramdisk.o
                0x0010f780                ramdisk_fflush
 *fill*         0x0010f787        0x9 
 .text.ramdisk_loadShell
                0x0010f790       0x38 object_files/kernel/filesystem/ramdisk.o
                0x0010f790                ramdisk_loadShell
 *fill*         0x0010f7c8        0x8 
 .text.ramdisk_folderAccess
                0x0010f7d0       0x17 object_files/kernel/filesystem/ramdisk.o
                0x0010f7d0                ramdisk_folderAccess
 .text          0x0010f7e7        0x0 object_files/kernel/filesystem/fat12.o
 *fill*         0x0010f7e7        0x9 
 .text.flpydsk_read_directory
                0x0010f7f0      0x255 object_files/kernel/filesystem/fat12.o
                0x0010f7f0                flpydsk_read_directory
 .text          0x0010fa45        0x0 object_files/kernel/hid/keyboard.o
 *fill*         0x0010fa45        0xb 
 .text.keyboard_install
                0x0010fa50       0x3e object_files/kernel/hid/keyboard.o
                0x0010fa50                keyboard_install
 *fill*         0x0010fa8e        0x2 
 .text.keyboard_keyPressedEvent
                0x0010fa90      0x33a object_files/kernel/hid/keyboard.o
                0x0010fa90                keyboard_keyPressedEvent
 *fill*         0x0010fdca        0x6 
 .text.keyboard_handler
                0x0010fdd0      0x132 object_files/kernel/hid/keyboard.o
 *fill*         0x0010ff02        0xe 
 .text.getch    0x0010ff10       0x59 object_files/kernel/hid/keyboard.o
                0x0010ff10                getch
 *fill*         0x0010ff69        0x7 
 .text.keyPressed
                0x0010ff70        0xf object_files/kernel/hid/keyboard.o
                0x0010ff70                keyPressed
 .text          0x0010ff7f        0x0 object_files/kernel/hid/mouse.o
 *fill*         0x0010ff7f        0x1 
 .text.mouse_wait
                0x0010ff80       0x77 object_files/kernel/hid/mouse.o
 *fill*         0x0010fff7        0x9 
 .text.mouse_write
                0x00110000       0x3c object_files/kernel/hid/mouse.o
 *fill*         0x0011003c        0x4 
 .text.mouse_setsamples
                0x00110040       0x3d object_files/kernel/hid/mouse.o
 *fill*         0x0011007d        0x3 
 .text.mouse_wheelEvent.part.1
                0x00110080       0x35 object_files/kernel/hid/mouse.o
 *fill*         0x001100b5        0xb 
 .text.mouse_moveEvent.part.2
                0x001100c0       0xb7 object_files/kernel/hid/mouse.o
 *fill*         0x00110177        0x9 
 .text.mouse_print.part.3
                0x00110180       0xfd object_files/kernel/hid/mouse.o
 *fill*         0x0011027d        0x3 
 .text.mouse_install
                0x00110280      0x10b object_files/kernel/hid/mouse.o
                0x00110280                mouse_install
 *fill*         0x0011038b        0x5 
 .text.mouse_setPosition
                0x00110390       0x15 object_files/kernel/hid/mouse.o
                0x00110390                mouse_setPosition
 *fill*         0x001103a5        0xb 
 .text.mouse_getPosition
                0x001103b0       0x1b object_files/kernel/hid/mouse.o
                0x001103b0                mouse_getPosition
 *fill*         0x001103cb        0x5 
 .text.mouse_buttonPressed
                0x001103d0       0x15 object_files/kernel/hid/mouse.o
                0x001103d0                mouse_buttonPressed
 *fill*         0x001103e5        0xb 
 .text.mouse_buttonEvent
                0x001103f0       0x5e object_files/kernel/hid/mouse.o
                0x001103f0                mouse_buttonEvent
 *fill*         0x0011044e        0x2 
 .text.mouse_handler
                0x00110450      0x2c8 object_files/kernel/hid/mouse.o
 *fill*         0x00110718        0x8 
 .text.mouse_wheelEvent
                0x00110720       0x2c object_files/kernel/hid/mouse.o
                0x00110720                mouse_wheelEvent
 *fill*         0x0011074c        0x4 
 .text.mouse_moveEvent
                0x00110750       0x2c object_files/kernel/hid/mouse.o
                0x00110750                mouse_moveEvent
 *fill*         0x0011077c        0x4 
 .text.mouse_print
                0x00110780       0x22 object_files/kernel/hid/mouse.o
                0x00110780                mouse_print
 *fill*         0x001107a2        0xe 
 .text.mouse_uninstall
                0x001107b0       0x20 object_files/kernel/hid/mouse.o
                0x001107b0                mouse_uninstall
 .text          0x001107d0        0x0 object_files/kernel/hid/usb_hid.o
 .text.parseMouseReport
                0x001107d0       0x66 object_files/kernel/hid/usb_hid.o
 *fill*         0x00110836        0xa 
 .text.parseFlag
                0x00110840       0x3a object_files/kernel/hid/usb_hid.o
 *fill*         0x0011087a        0x6 
 .text.parseKeyboardReport
                0x00110880      0x1d6 object_files/kernel/hid/usb_hid.o
 *fill*         0x00110a56        0xa 
 .text.usb_setupHID
                0x00110a60      0x221 object_files/kernel/hid/usb_hid.o
                0x00110a60                usb_setupHID
 *fill*         0x00110c81        0xf 
 .text.usb_destroyHID
                0x00110c90       0x37 object_files/kernel/hid/usb_hid.o
                0x00110c90                usb_destroyHID
 .text          0x00110cc7        0x0 object_files/kernel/netprotocol/udp.o
 *fill*         0x00110cc7        0x9 
 .text.udp_bind
                0x00110cd0       0x7b object_files/kernel/netprotocol/udp.o
                0x00110cd0                udp_bind
 *fill*         0x00110d4b        0x5 
 .text.udp_unbind
                0x00110d50       0x49 object_files/kernel/netprotocol/udp.o
                0x00110d50                udp_unbind
 *fill*         0x00110d99        0x7 
 .text.udp_cleanup
                0x00110da0       0x43 object_files/kernel/netprotocol/udp.o
                0x00110da0                udp_cleanup
 *fill*         0x00110de3        0xd 
 .text.udp_receive
                0x00110df0      0x102 object_files/kernel/netprotocol/udp.o
                0x00110df0                udp_receive
 *fill*         0x00110ef2        0xe 
 .text.udp_send
                0x00110f00       0x9e object_files/kernel/netprotocol/udp.o
                0x00110f00                udp_send
 *fill*         0x00110f9e        0x2 
 .text.udp_usend
                0x00110fa0       0x44 object_files/kernel/netprotocol/udp.o
                0x00110fa0                udp_usend
 .text          0x00110fe4        0x0 object_files/kernel/netprotocol/icmp.o
 *fill*         0x00110fe4        0xc 
 .text.icmp_sendEchoRequest
                0x00110ff0       0xd2 object_files/kernel/netprotocol/icmp.o
                0x00110ff0                icmp_sendEchoRequest
 *fill*         0x001110c2        0xe 
 .text.icmp_receive
                0x001110d0      0x169 object_files/kernel/netprotocol/icmp.o
                0x001110d0                icmp_receive
 .text          0x00111239        0x0 object_files/kernel/netprotocol/ipv4.o
 *fill*         0x00111239        0x7 
 .text.ipv4_sendPacket
                0x00111240       0x8f object_files/kernel/netprotocol/ipv4.o
 *fill*         0x001112cf        0x1 
 .text.ipv4_received
                0x001112d0       0xc7 object_files/kernel/netprotocol/ipv4.o
                0x001112d0                ipv4_received
 *fill*         0x00111397        0x9 
 .text.ipv4_send
                0x001113a0      0x18f object_files/kernel/netprotocol/ipv4.o
                0x001113a0                ipv4_send
 .text          0x0011152f        0x0 object_files/kernel/netprotocol/ipv6.o
 *fill*         0x0011152f        0x1 
 .text.ipv6_received
                0x00111530      0x139 object_files/kernel/netprotocol/ipv6.o
                0x00111530                ipv6_received
 *fill*         0x00111669        0x7 
 .text.ipv6_send
                0x00111670       0x8d object_files/kernel/netprotocol/ipv6.o
                0x00111670                ipv6_send
 .text          0x001116fd        0x0 object_files/kernel/netprotocol/ethernet.o
 *fill*         0x001116fd        0x3 
 .text.ethernet_received
                0x00111700       0xf5 object_files/kernel/netprotocol/ethernet.o
                0x00111700                ethernet_received
 *fill*         0x001117f5        0xb 
 .text.ethernet_send
                0x00111800       0x9d object_files/kernel/netprotocol/ethernet.o
                0x00111800                ethernet_send
 .text          0x0011189d        0x0 object_files/kernel/netprotocol/arp.o
 *fill*         0x0011189d        0x3 
 .text.arp_checkTable
                0x001118a0       0x81 object_files/kernel/netprotocol/arp.o
 *fill*         0x00111921        0xf 
 .text.arp_deleteTableEntry
                0x00111930       0x25 object_files/kernel/netprotocol/arp.o
                0x00111930                arp_deleteTableEntry
 *fill*         0x00111955        0xb 
 .text.arp_findEntry
                0x00111960       0x5d object_files/kernel/netprotocol/arp.o
                0x00111960                arp_findEntry
 *fill*         0x001119bd        0x3 
 .text.arp_addTableEntry
                0x001119c0       0x71 object_files/kernel/netprotocol/arp.o
                0x001119c0                arp_addTableEntry
 *fill*         0x00111a31        0xf 
 .text.arp_showTable
                0x00111a40       0xcf object_files/kernel/netprotocol/arp.o
                0x00111a40                arp_showTable
 *fill*         0x00111b0f        0x1 
 .text.arp_initTable
                0x00111b10       0x3e object_files/kernel/netprotocol/arp.o
                0x00111b10                arp_initTable
 *fill*         0x00111b4e        0x2 
 .text.arp_deleteTable
                0x00111b50        0x9 object_files/kernel/netprotocol/arp.o
                0x00111b50                arp_deleteTable
 *fill*         0x00111b59        0x7 
 .text.arp_received
                0x00111b60       0xf2 object_files/kernel/netprotocol/arp.o
                0x00111b60                arp_received
 *fill*         0x00111c52        0xe 
 .text.arp_sendRequest
                0x00111c60       0x6f object_files/kernel/netprotocol/arp.o
                0x00111c60                arp_sendRequest
 *fill*         0x00111ccf        0x1 
 .text.arp_waitForReply
                0x00111cd0       0x69 object_files/kernel/netprotocol/arp.o
                0x00111cd0                arp_waitForReply
 .text          0x00111d39        0x0 object_files/kernel/netprotocol/tcp.o
 *fill*         0x00111d39        0x7 
 .text.tcp_timeoutDeleteConnection
                0x00111d40       0x39 object_files/kernel/netprotocol/tcp.o
 *fill*         0x00111d79        0x7 
 .text.tcp_deleteInBuffers.part.1
                0x00111d80       0xaa object_files/kernel/netprotocol/tcp.o
 *fill*         0x00111e2a        0x6 
 .text.tcp_deleteConnection.part.2
                0x00111e30      0x148 object_files/kernel/netprotocol/tcp.o
 *fill*         0x00111f78        0x8 
 .text.scheduledDeleteConnection
                0x00111f80       0x35 object_files/kernel/netprotocol/tcp.o
 *fill*         0x00111fb5        0xb 
 .text.tcp_findConnection
                0x00111fc0       0xca object_files/kernel/netprotocol/tcp.o
                0x00111fc0                tcp_findConnection
 *fill*         0x0011208a        0x6 
 .text.tcp_createConnection
                0x00112090       0x9f object_files/kernel/netprotocol/tcp.o
                0x00112090                tcp_createConnection
 *fill*         0x0011212f        0x1 
 .text.tcp_deleteConnection
                0x00112130       0x12 object_files/kernel/netprotocol/tcp.o
                0x00112130                tcp_deleteConnection
 *fill*         0x00112142        0xe 
 .text.tcp_cleanup
                0x00112150       0x42 object_files/kernel/netprotocol/tcp.o
                0x00112150                tcp_cleanup
 *fill*         0x00112192        0xe 
 .text.tcp_bind
                0x001121a0       0x34 object_files/kernel/netprotocol/tcp.o
                0x001121a0                tcp_bind
 *fill*         0x001121d4        0xc 
 .text.tcp_send
                0x001121e0      0x309 object_files/kernel/netprotocol/tcp.o
                0x001121e0                tcp_send
 *fill*         0x001124e9        0x7 
 .text.tcp_connect
                0x001124f0       0xae object_files/kernel/netprotocol/tcp.o
                0x001124f0                tcp_connect
 *fill*         0x0011259e        0x2 
 .text.tcp_close
                0x001125a0      0x10b object_files/kernel/netprotocol/tcp.o
                0x001125a0                tcp_close
 *fill*         0x001126ab        0x5 
 .text.tcp_receive
                0x001126b0      0xe08 object_files/kernel/netprotocol/tcp.o
                0x001126b0                tcp_receive
 *fill*         0x001134b8        0x8 
 .text.tcp_showConnections
                0x001134c0       0xc0 object_files/kernel/netprotocol/tcp.o
                0x001134c0                tcp_showConnections
 .text.tcp_uconnect
                0x00113580       0x80 object_files/kernel/netprotocol/tcp.o
                0x00113580                tcp_uconnect
 .text.tcp_usend
                0x00113600      0x39a object_files/kernel/netprotocol/tcp.o
                0x00113600                tcp_usend
 *fill*         0x0011399a        0x6 
 .text.tcp_uclose
                0x001139a0       0x64 object_files/kernel/netprotocol/tcp.o
                0x001139a0                tcp_uclose
 .text          0x00113a04        0x0 object_files/kernel/netprotocol/dhcp.o
 *fill*         0x00113a04        0xc 
 .text.DHCP_preparePacket
                0x00113a10       0xae object_files/kernel/netprotocol/dhcp.o
 *fill*         0x00113abe        0x2 
 .text.DHCP_Discover
                0x00113ac0       0x95 object_files/kernel/netprotocol/dhcp.o
                0x00113ac0                DHCP_Discover
 *fill*         0x00113b55        0xb 
 .text.DHCP_Request
                0x00113b60      0x116 object_files/kernel/netprotocol/dhcp.o
                0x00113b60                DHCP_Request
 *fill*         0x00113c76        0xa 
 .text.DHCP_Inform
                0x00113c80       0xa6 object_files/kernel/netprotocol/dhcp.o
                0x00113c80                DHCP_Inform
 *fill*         0x00113d26        0xa 
 .text.DHCP_Release
                0x00113d30       0x96 object_files/kernel/netprotocol/dhcp.o
                0x00113d30                DHCP_Release
 *fill*         0x00113dc6        0xa 
 .text.DHCP_AnalyzeServerMessage
                0x00113dd0      0x281 object_files/kernel/netprotocol/dhcp.o
                0x00113dd0                DHCP_AnalyzeServerMessage
 .text          0x00114051        0x0 object_files/kernel/network/e1000.o
 *fill*         0x00114051        0xf 
 .text.e1000e_read_flash
                0x00114060      0x1ba object_files/kernel/network/e1000.o
 *fill*         0x0011421a        0x6 
 .text.e1000_write_eeprom_bits
                0x00114220       0xc0 object_files/kernel/network/e1000.o
 .text.e1000_handle_interrupt
                0x001142e0      0x114 object_files/kernel/network/e1000.o
 *fill*         0x001143f4        0xc 
 .text.e1000_read_eerd
                0x00114400       0x6c object_files/kernel/network/e1000.o
 *fill*         0x0011446c        0x4 
 .text.e1000_init_device
                0x00114470      0x6f9 object_files/kernel/network/e1000.o
                0x00114470                e1000_init_device
 *fill*         0x00114b69        0x7 
 .text.e1000_remove_device
                0x00114b70        0x5 object_files/kernel/network/e1000.o
                0x00114b70                e1000_remove_device
 *fill*         0x00114b75        0xb 
 .text.e1000_send_packet
                0x00114b80       0xce object_files/kernel/network/e1000.o
                0x00114b80                e1000_send_packet
 .text          0x00114c4e        0x0 object_files/kernel/network/netutils.o
 *fill*         0x00114c4e        0x2 
 .text.internetChecksum
                0x00114c50       0x56 object_files/kernel/network/netutils.o
                0x00114c50                internetChecksum
 *fill*         0x00114ca6        0xa 
 .text.udptcpCalculateChecksum
                0x00114cb0       0x70 object_files/kernel/network/netutils.o
                0x00114cb0                udptcpCalculateChecksum
 .text.sameSubnet
                0x00114d20       0x11 object_files/kernel/network/netutils.o
                0x00114d20                sameSubnet
 .text          0x00114d31        0x0 object_files/kernel/network/network.o
 *fill*         0x00114d31        0xf 
 .text.network_handleReceivedBuffer
                0x00114d40       0x20 object_files/kernel/network/network.o
 .text.network_createDevice
                0x00114d60       0x71 object_files/kernel/network/network.o
                0x00114d60                network_createDevice
 *fill*         0x00114dd1        0xf 
 .text.network_installDevice
                0x00114de0      0x1af object_files/kernel/network/network.o
                0x00114de0                network_installDevice
 *fill*         0x00114f8f        0x1 
 .text.network_installCDIDevice
                0x00114f90       0x24 object_files/kernel/network/network.o
                0x00114f90                network_installCDIDevice
 *fill*         0x00114fb4        0xc 
 .text.network_sendPacket
                0x00114fc0       0x70 object_files/kernel/network/network.o
                0x00114fc0                network_sendPacket
 .text.network_receivedPacket
                0x00115030       0x4e object_files/kernel/network/network.o
                0x00115030                network_receivedPacket
 *fill*         0x0011507e        0x2 
 .text.network_displayArpTables
                0x00115080       0x86 object_files/kernel/network/network.o
                0x00115080                network_displayArpTables
 *fill*         0x00115106        0xa 
 .text.network_getAdapter
                0x00115110       0x32 object_files/kernel/network/network.o
                0x00115110                network_getAdapter
 *fill*         0x00115142        0xe 
 .text.network_getFirstAdapter
                0x00115150       0x14 object_files/kernel/network/network.o
                0x00115150                network_getFirstAdapter
 *fill*         0x00115164        0xc 
 .text.getMyIP  0x00115170       0x1a object_files/kernel/network/network.o
                0x00115170                getMyIP
 *fill*         0x0011518a        0x6 
 .text.dns_setServer
                0x00115190       0x22 object_files/kernel/network/network.o
                0x00115190                dns_setServer
 *fill*         0x001151b2        0xe 
 .text.dns_getServer
                0x001151c0       0x22 object_files/kernel/network/network.o
                0x001151c0                dns_getServer
 .text          0x001151e2        0x0 object_files/kernel/network/rtl8168.o
 *fill*         0x001151e2        0xe 
 .text.rtl8168_install
                0x001151f0      0x2cc object_files/kernel/network/rtl8168.o
                0x001151f0                rtl8168_install
 *fill*         0x001154bc        0x4 
 .text.rtl8168_send
                0x001154c0       0xe2 object_files/kernel/network/rtl8168.o
                0x001154c0                rtl8168_send
 *fill*         0x001155a2        0xe 
 .text.rtl8168_handler
                0x001155b0      0x1f8 object_files/kernel/network/rtl8168.o
                0x001155b0                rtl8168_handler
 .text          0x001157a8        0x0 object_files/kernel/network/e1000_cdi.o
 *fill*         0x001157a8        0x8 
 .text.e1000_driver_destroy
                0x001157b0       0x14 object_files/kernel/network/e1000_cdi.o
 *fill*         0x001157c4        0xc 
 .text.e1000_driver_init
                0x001157d0       0x14 object_files/kernel/network/e1000_cdi.o
 .text          0x001157e4        0x0 object_files/kernel/network/pcnet.o
 *fill*         0x001157e4        0xc 
 .text.PCNet_install
                0x001157f0      0x342 object_files/kernel/network/pcnet.o
                0x001157f0                PCNet_install
 *fill*         0x00115b32        0xe 
 .text.PCNet_send
                0x00115b40       0xc3 object_files/kernel/network/pcnet.o
                0x00115b40                PCNet_send
 *fill*         0x00115c03        0xd 
 .text.PCNet_handler
                0x00115c10      0x165 object_files/kernel/network/pcnet.o
                0x00115c10                PCNet_handler
 .text          0x00115d75        0x0 object_files/kernel/network/rtl8139.o
 *fill*         0x00115d75        0xb 
 .text.rtl8139_handler
                0x00115d80      0x317 object_files/kernel/network/rtl8139.o
                0x00115d80                rtl8139_handler
 *fill*         0x00116097        0x9 
 .text.rtl8139_install
                0x001160a0      0x29e object_files/kernel/network/rtl8139.o
                0x001160a0                rtl8139_install
 *fill*         0x0011633e        0x2 
 .text.rtl8139_send
                0x00116340      0x113 object_files/kernel/network/rtl8139.o
                0x00116340                rtl8139_send
 .text          0x00116453        0x0 object_files/kernel/storage/hdd.o
 .text          0x00116453        0x0 object_files/kernel/storage/ata.o
 .text          0x00116453        0x0 object_files/kernel/storage/usb_msd.o
 *fill*         0x00116453        0xd 
 .text.formatSCSICommand
                0x00116460      0x119 object_files/kernel/storage/usb_msd.o
 *fill*         0x00116579        0x7 
 .text.formatSCSICommandUFI
                0x00116580       0xbc object_files/kernel/storage/usb_msd.o
 *fill*         0x0011663c        0x4 
 .text.usb_sendSCSICommand
                0x00116640      0x456 object_files/kernel/storage/usb_msd.o
 *fill*         0x00116a96        0xa 
 .text.usb_setupMSD
                0x00116aa0      0x6ba object_files/kernel/storage/usb_msd.o
                0x00116aa0                usb_setupMSD
 *fill*         0x0011715a        0x6 
 .text.usb_destroyMSD
                0x00117160       0x2a object_files/kernel/storage/usb_msd.o
                0x00117160                usb_destroyMSD
 *fill*         0x0011718a        0x6 
 .text.usb_readSectors
                0x00117190       0x3a object_files/kernel/storage/usb_msd.o
                0x00117190                usb_readSectors
 *fill*         0x001171ca        0x6 
 .text.usb_writeSectors
                0x001171d0      0x147 object_files/kernel/storage/usb_msd.o
                0x001171d0                usb_writeSectors
 .text          0x00117317        0x0 object_files/kernel/storage/devicemanager.o
 *fill*         0x00117317        0x9 
 .text.flushCache.part.0
                0x00117320      0x28e object_files/kernel/storage/devicemanager.o
 *fill*         0x001175ae        0x2 
 .text.deviceManager_fillCache.part.1
                0x001175b0      0x24c object_files/kernel/storage/devicemanager.o
 *fill*         0x001177fc        0x4 
 .text.deviceManager_install
                0x00117800      0x10f object_files/kernel/storage/devicemanager.o
                0x00117800                deviceManager_install
 *fill*         0x0011790f        0x1 
 .text.deviceManager_checkDrives
                0x00117910       0x9e object_files/kernel/storage/devicemanager.o
                0x00117910                deviceManager_checkDrives
 *fill*         0x001179ae        0x2 
 .text.deviceManager_attachPort
                0x001179b0       0xa7 object_files/kernel/storage/devicemanager.o
                0x001179b0                deviceManager_attachPort
 *fill*         0x00117a57        0x9 
 .text.deviceManager_destructPort
                0x00117a60       0x9d object_files/kernel/storage/devicemanager.o
                0x00117a60                deviceManager_destructPort
 *fill*         0x00117afd        0x3 
 .text.deviceManager_attachDisk
                0x00117b00       0xa7 object_files/kernel/storage/devicemanager.o
                0x00117b00                deviceManager_attachDisk
 *fill*         0x00117ba7        0x9 
 .text.deviceManager_showPortList
                0x00117bb0      0x38a object_files/kernel/storage/devicemanager.o
                0x00117bb0                deviceManager_showPortList
 *fill*         0x00117f3a        0x6 
 .text.deviceManager_showDiskList
                0x00117f40      0x2b5 object_files/kernel/storage/devicemanager.o
                0x00117f40                deviceManager_showDiskList
 *fill*         0x001181f5        0xb 
 .text.deviceManager_getPartition
                0x00118200      0x25c object_files/kernel/storage/devicemanager.o
                0x00118200                deviceManager_getPartition
 *fill*         0x0011845c        0x4 
 .text.deviceManager_flushCaches
                0x00118460       0x7c object_files/kernel/storage/devicemanager.o
                0x00118460                deviceManager_flushCaches
 *fill*         0x001184dc        0x4 
 .text.deviceManager_clearCaches
                0x001184e0       0x66 object_files/kernel/storage/devicemanager.o
                0x001184e0                deviceManager_clearCaches
 *fill*         0x00118546        0xa 
 .text.deviceManager_destructDisk
                0x00118550       0xc5 object_files/kernel/storage/devicemanager.o
                0x00118550                deviceManager_destructDisk
 *fill*         0x00118615        0xb 
 .text.deviceManager_fillCache
                0x00118620       0x41 object_files/kernel/storage/devicemanager.o
                0x00118620                deviceManager_fillCache
 *fill*         0x00118661        0xf 
 .text.sectorWrite
                0x00118670       0x35 object_files/kernel/storage/devicemanager.o
                0x00118670                sectorWrite
 *fill*         0x001186a5        0xb 
 .text.singleSectorWrite
                0x001186b0       0x44 object_files/kernel/storage/devicemanager.o
                0x001186b0                singleSectorWrite
 *fill*         0x001186f4        0xc 
 .text.sectorRead
                0x00118700      0x16a object_files/kernel/storage/devicemanager.o
                0x00118700                sectorRead
 *fill*         0x0011886a        0x6 
 .text.deviceManager_analyzeDisk
                0x00118870      0x229 object_files/kernel/storage/devicemanager.o
                0x00118870                deviceManager_analyzeDisk
 *fill*         0x00118a99        0x7 
 .text.singleSectorRead
                0x00118aa0       0x10 object_files/kernel/storage/devicemanager.o
                0x00118aa0                singleSectorRead
 .text          0x00118ab0        0x0 object_files/kernel/storage/flpydsk.o
 .text.flpydsk_checkInt
                0x00118ab0       0xc4 object_files/kernel/storage/flpydsk.o
 *fill*         0x00118b74        0xc 
 .text.createFloppy
                0x00118b80      0x393 object_files/kernel/storage/flpydsk.o
 *fill*         0x00118f13        0xd 
 .text.flpydsk_install
                0x00118f20      0x18b object_files/kernel/storage/flpydsk.o
                0x00118f20                flpydsk_install
 *fill*         0x001190ab        0x5 
 .text.flpydsk_motorOn
                0x001190b0       0x5d object_files/kernel/storage/flpydsk.o
                0x001190b0                flpydsk_motorOn
 *fill*         0x0011910d        0x3 
 .text.flpydsk_seek
                0x00119110      0x1ff object_files/kernel/storage/flpydsk.o
 *fill*         0x0011930f        0x1 
 .text.flpydsk_transferSector
                0x00119310      0x31a object_files/kernel/storage/flpydsk.o
 *fill*         0x0011962a        0x6 
 .text.flpydsk_motorOff
                0x00119630       0x5d object_files/kernel/storage/flpydsk.o
                0x00119630                flpydsk_motorOff
 *fill*         0x0011968d        0x3 
 .text.flpydsk_readSectors
                0x00119690      0x237 object_files/kernel/storage/flpydsk.o
                0x00119690                flpydsk_readSectors
 *fill*         0x001198c7        0x9 
 .text.flpydsk_writeSectors
                0x001198d0      0x1ae object_files/kernel/storage/flpydsk.o
                0x001198d0                flpydsk_writeSectors
 *fill*         0x00119a7e        0x2 
 .text.flpydsk_refreshVolumeName
                0x00119a80       0x77 object_files/kernel/storage/flpydsk.o
                0x00119a80                flpydsk_refreshVolumeName
 .text          0x00119af7        0x0 object_files/kernel/tasking/synchronisation.o
 *fill*         0x00119af7        0x9 
 .text.semaphore_create
                0x00119b00       0x24 object_files/kernel/tasking/synchronisation.o
                0x00119b00                semaphore_create
 *fill*         0x00119b24        0xc 
 .text.semaphore_construct
                0x00119b30       0x12 object_files/kernel/tasking/synchronisation.o
                0x00119b30                semaphore_construct
 *fill*         0x00119b42        0xe 
 .text.semaphore_lock
                0x00119b50       0x45 object_files/kernel/tasking/synchronisation.o
                0x00119b50                semaphore_lock
 *fill*         0x00119b95        0xb 
 .text.semaphore_unlock
                0x00119ba0       0x37 object_files/kernel/tasking/synchronisation.o
                0x00119ba0                semaphore_unlock
 *fill*         0x00119bd7        0x9 
 .text.semaphore_destruct
                0x00119be0       0x2a object_files/kernel/tasking/synchronisation.o