Archive member included to satisfy reference by file (symbol)

..\stdlibc\stdlibc.a(stdlib_strtonum.o)
                              ..\..\object_files\user\shell/shell.o (atoi)
..\stdlibc\stdlibc.a(stdio.o)
                              ..\..\object_files\user\shell/shell.o (remove)
..\stdlibc\stdlibc.a(string.o)
                              ..\..\object_files\user\shell/shell.o (memcpy)
..\stdlibc\stdlibc.a(stdlib.o)
                              ..\..\object_files\user\shell/shell.o (malloc)
..\stdlibc\stdlibc.a(ctype.o)
                              ..\stdlibc\stdlibc.a(stdlib_strtonum.o) (isspace)
..\stdlibc\stdlibc.a(signal.o)
                              ..\stdlibc\stdlibc.a(stdlib.o) (raise)
..\user_tools\prettylib.a(userlib.o)
                              ..\..\object_files\user\shell/shell.o (getchar)
..\user_tools\prettylib.a(syscalls.o)
                              ..\..\object_files\user\shell/shell.o (execute)
..\user_tools\prettylib.a(start.o)
                              ..\user_tools\prettylib.a(syscalls.o) (_syscall)

Discarded input sections

 .data          0x00000000        0x0 ..\..\object_files\user\shell/shell.o
 .eh_frame      0x00000000      0x234 ..\..\object_files\user\shell/shell.o
 .text          0x00000000        0x0 ..\stdlibc\stdlibc.a(stdlib_strtonum.o)
 .data          0x00000000        0x0 ..\stdlibc\stdlibc.a(stdlib_strtonum.o)
 .bss           0x00000000        0x0 ..\stdlibc\stdlibc.a(stdlib_strtonum.o)
 .text.atol     0x00000000       0x10 ..\stdlibc\stdlibc.a(stdlib_strtonum.o)
 .text.atoll    0x00000000       0x14 ..\stdlibc\stdlibc.a(stdlib_strtonum.o)
 .text.strtod   0x00000000      0x282 ..\stdlibc\stdlibc.a(stdlib_strtonum.o)
 .text.atof     0x00000000       0x12 ..\stdlibc\stdlibc.a(stdlib_strtonum.o)
 .text.strtof   0x00000000       0x1c ..\stdlibc\stdlibc.a(stdlib_strtonum.o)
 .text.strtol   0x00000000       0x26 ..\stdlibc\stdlibc.a(stdlib_strtonum.o)
 .text.strtoul  0x00000000      0x18c ..\stdlibc\stdlibc.a(stdlib_strtonum.o)
 .rodata.cst4   0x00000000        0x8 ..\stdlibc\stdlibc.a(stdlib_strtonum.o)
 .eh_frame      0x00000000      0x1a0 ..\stdlibc\stdlibc.a(stdlib_strtonum.o)
 .text          0x00000000        0x0 ..\stdlibc\stdlibc.a(stdio.o)
 .data          0x00000000        0x0 ..\stdlibc\stdlibc.a(stdio.o)
 .bss           0x00000000        0x0 ..\stdlibc\stdlibc.a(stdio.o)
 .text.rename   0x00000000       0x16 ..\stdlibc\stdlibc.a(stdio.o)
 .text.putc     0x00000000        0xe ..\stdlibc\stdlibc.a(stdio.o)
 .text.getc     0x00000000        0x5 ..\stdlibc\stdlibc.a(stdio.o)
 .text.fgets    0x00000000       0x62 ..\stdlibc\stdlibc.a(stdio.o)
 .text.fputs    0x00000000       0x4a ..\stdlibc\stdlibc.a(stdio.o)
 .text.fread    0x00000000       0x40 ..\stdlibc\stdlibc.a(stdio.o)
 .text.fwrite   0x00000000       0x42 ..\stdlibc\stdlibc.a(stdio.o)
 .text.vsnprintf
                0x00000000      0x277 ..\stdlibc\stdlibc.a(stdio.o)
 .rodata.vsnprintf
                0x00000000      0x154 ..\stdlibc\stdlibc.a(stdio.o)
 .text.snprintf
                0x00000000       0x1d ..\stdlibc\stdlibc.a(stdio.o)
 .bss.stdout    0x00000000        0x4 ..\stdlibc\stdlibc.a(stdio.o)
 .bss.stdin     0x00000000        0x4 ..\stdlibc\stdlibc.a(stdio.o)
 .bss.stderr    0x00000000        0x4 ..\stdlibc\stdlibc.a(stdio.o)
 .eh_frame      0x00000000      0x520 ..\stdlibc\stdlibc.a(stdio.o)
 .text          0x00000000        0x0 ..\stdlibc\stdlibc.a(string.o)
 .data          0x00000000        0x0 ..\stdlibc\stdlibc.a(string.o)
 .bss           0x00000000        0x0 ..\stdlibc\stdlibc.a(string.o)
 .text.memchr   0x00000000       0x2f ..\stdlibc\stdlibc.a(string.o)
 .text.memcmp   0x00000000       0x58 ..\stdlibc\stdlibc.a(string.o)
 .text.strncmp  0x00000000       0x6a ..\stdlibc\stdlibc.a(string.o)
 .text.strncat  0x00000000       0x74 ..\stdlibc\stdlibc.a(string.o)
 .text.strcspn  0x00000000       0x60 ..\stdlibc\stdlibc.a(string.o)
 .rodata.strerror.str1.1
                0x00000000       0x1a ..\stdlibc\stdlibc.a(string.o)
 .text.strerror
                0x00000000       0x26 ..\stdlibc\stdlibc.a(string.o)
 .text.strpbrk  0x00000000       0x4e ..\stdlibc\stdlibc.a(string.o)
 .text.strspn   0x00000000       0x5b ..\stdlibc\stdlibc.a(string.o)
 .text.strstr   0x00000000       0x6d ..\stdlibc\stdlibc.a(string.o)
 .text.strtok   0x00000000       0xc1 ..\stdlibc\stdlibc.a(string.o)
 .bss.last.1200
                0x00000000        0x4 ..\stdlibc\stdlibc.a(string.o)
 .eh_frame      0x00000000      0x39c ..\stdlibc\stdlibc.a(string.o)
 .text          0x00000000        0x0 ..\stdlibc\stdlibc.a(stdlib.o)
 .data          0x00000000        0x0 ..\stdlibc\stdlibc.a(stdlib.o)
 .bss           0x00000000        0x0 ..\stdlibc\stdlibc.a(stdlib.o)
 .text.abort    0x00000000        0xe ..\stdlibc\stdlibc.a(stdlib.o)
 .text.exit     0x00000000       0x45 ..\stdlibc\stdlibc.a(stdlib.o)
 .text.quick_exit
                0x00000000       0x45 ..\stdlibc\stdlibc.a(stdlib.o)
 .text._Exit    0x00000000        0x5 ..\stdlibc\stdlibc.a(stdlib.o)
 .text.labs     0x00000000        0xa ..\stdlibc\stdlibc.a(stdlib.o)
 .text.llabs    0x00000000       0x22 ..\stdlibc\stdlibc.a(stdlib.o)
 .text.div      0x00000000       0x17 ..\stdlibc\stdlibc.a(stdlib.o)
 .text.ldiv     0x00000000       0x17 ..\stdlibc\stdlibc.a(stdlib.o)
 .text.lldiv    0x00000000       0x41 ..\stdlibc\stdlibc.a(stdlib.o)
 .text.srand    0x00000000        0xa ..\stdlibc\stdlibc.a(stdlib.o)
 .text.rand     0x00000000       0x1d ..\stdlibc\stdlibc.a(stdlib.o)
 .text.random   0x00000000       0x47 ..\stdlibc\stdlibc.a(stdlib.o)
 .text.atexit   0x00000000       0x8f ..\stdlibc\stdlibc.a(stdlib.o)
 .text.at_quick_exit
                0x00000000       0x8f ..\stdlibc\stdlibc.a(stdlib.o)
 .text.getenv   0x00000000        0x3 ..\stdlibc\stdlibc.a(stdlib.o)
 .bss.size.1228
                0x00000000        0x4 ..\stdlibc\stdlibc.a(stdlib.o)
 .bss.num.1227  0x00000000        0x4 ..\stdlibc\stdlibc.a(stdlib.o)
 .bss.size.1221
                0x00000000        0x4 ..\stdlibc\stdlibc.a(stdlib.o)
 .bss.num.1220  0x00000000        0x4 ..\stdlibc\stdlibc.a(stdlib.o)
 .bss.seed      0x00000000        0x4 ..\stdlibc\stdlibc.a(stdlib.o)
 .bss._at_quick_exit_funcs
                0x00000000        0x4 ..\stdlibc\stdlibc.a(stdlib.o)
 .bss._atexit_funcs
                0x00000000        0x4 ..\stdlibc\stdlibc.a(stdlib.o)
 .rodata.cst4   0x00000000        0x4 ..\stdlibc\stdlibc.a(stdlib.o)
 .eh_frame      0x00000000      0x2a0 ..\stdlibc\stdlibc.a(stdlib.o)
 .text          0x00000000        0x0 ..\stdlibc\stdlibc.a(ctype.o)
 .data          0x00000000        0x0 ..\stdlibc\stdlibc.a(ctype.o)
 .bss           0x00000000        0x0 ..\stdlibc\stdlibc.a(ctype.o)
 .text.isalnum  0x00000000       0x26 ..\stdlibc\stdlibc.a(ctype.o)
 .text.isalpha  0x00000000       0x14 ..\stdlibc\stdlibc.a(ctype.o)
 .text.isblank  0x00000000       0x16 ..\stdlibc\stdlibc.a(ctype.o)
 .text.iscntrl  0x00000000       0x16 ..\stdlibc\stdlibc.a(ctype.o)
 .text.isdigit  0x00000000       0x11 ..\stdlibc\stdlibc.a(ctype.o)
 .text.isgraph  0x00000000       0x11 ..\stdlibc\stdlibc.a(ctype.o)
 .text.islower  0x00000000       0x11 ..\stdlibc\stdlibc.a(ctype.o)
 .text.isprint  0x00000000       0x11 ..\stdlibc\stdlibc.a(ctype.o)
 .text.ispunct  0x00000000       0x28 ..\stdlibc\stdlibc.a(ctype.o)
 .text.isupper  0x00000000       0x11 ..\stdlibc\stdlibc.a(ctype.o)
 .text.isxdigit
                0x00000000       0x21 ..\stdlibc\stdlibc.a(ctype.o)
 .text.toupper  0x00000000       0x11 ..\stdlibc\stdlibc.a(ctype.o)
 .eh_frame      0x00000000      0x130 ..\stdlibc\stdlibc.a(ctype.o)
 .text          0x00000000        0x0 ..\stdlibc\stdlibc.a(signal.o)
 .data          0x00000000        0x0 ..\stdlibc\stdlibc.a(signal.o)
 .bss           0x00000000        0x0 ..\stdlibc\stdlibc.a(signal.o)
 .text.dummy    0x00000000        0x2 ..\stdlibc\stdlibc.a(signal.o)
 .text.signal   0x00000000       0x2f ..\stdlibc\stdlibc.a(signal.o)
 .text.raise    0x00000000       0x27 ..\stdlibc\stdlibc.a(signal.o)
 .data.signal_defaults
                0x00000000       0x18 ..\stdlibc\stdlibc.a(signal.o)
 .data.signals  0x00000000       0x18 ..\stdlibc\stdlibc.a(signal.o)
 .data.SIG_IGN  0x00000000        0x4 ..\stdlibc\stdlibc.a(signal.o)
 .data.SIG_DFL  0x00000000        0x4 ..\stdlibc\stdlibc.a(signal.o)
 .comment       0x00000000       0x12 ..\stdlibc\stdlibc.a(signal.o)
 .eh_frame      0x00000000       0x64 ..\stdlibc\stdlibc.a(signal.o)
 .text          0x00000000        0x0 ..\user_tools\prettylib.a(userlib.o)
 .data          0x00000000        0x0 ..\user_tools\prettylib.a(userlib.o)
 .bss           0x00000000        0x0 ..\user_tools\prettylib.a(userlib.o)
 .text.event_flush
                0x00000000       0x29 ..\user_tools\prettylib.a(userlib.o)
 .text.sleep    0x00000000       0x14 ..\user_tools\prettylib.a(userlib.o)
 .text.waitForTask
                0x00000000       0x16 ..\user_tools\prettylib.a(userlib.o)
 .text.iSetCursor
                0x00000000        0xf ..\user_tools\prettylib.a(userlib.o)
 .text.stringToIP
                0x00000000       0xab ..\user_tools\prettylib.a(userlib.o)
 .text.squashPath
                0x00000000        0x6 ..\user_tools\prettylib.a(userlib.o)
 .eh_frame      0x00000000      0x4b4 ..\user_tools\prettylib.a(userlib.o)
 .text          0x00000000        0x0 ..\user_tools\prettylib.a(syscalls.o)
 .data          0x00000000        0x0 ..\user_tools\prettylib.a(syscalls.o)
 .bss           0x00000000        0x0 ..\user_tools\prettylib.a(syscalls.o)
 .text.wait     0x00000000       0x1a ..\user_tools\prettylib.a(syscalls.o)
 .text.userHeap_destroy
                0x00000000       0x12 ..\user_tools\prettylib.a(syscalls.o)
 .text.fopen    0x00000000       0x16 ..\user_tools\prettylib.a(syscalls.o)
 .text.fgetc    0x00000000       0x12 ..\user_tools\prettylib.a(syscalls.o)
 .text.fputc    0x00000000       0x17 ..\user_tools\prettylib.a(syscalls.o)
 .text.fseek    0x00000000       0x1a ..\user_tools\prettylib.a(syscalls.o)
 .text.fflush   0x00000000       0x12 ..\user_tools\prettylib.a(syscalls.o)
 .text.fclose   0x00000000       0x12 ..\user_tools\prettylib.a(syscalls.o)
 .text.ipc_fopen
                0x00000000       0x1a ..\user_tools\prettylib.a(syscalls.o)
 .text.ipc_getFolder
                0x00000000       0x1a ..\user_tools\prettylib.a(syscalls.o)
 .text.ipc_getInt
                0x00000000       0x16 ..\user_tools\prettylib.a(syscalls.o)
 .text.ipc_setInt
                0x00000000       0x1a ..\user_tools\prettylib.a(syscalls.o)
 .text.ipc_getDouble
                0x00000000       0x16 ..\user_tools\prettylib.a(syscalls.o)
 .text.ipc_setDouble
                0x00000000       0x16 ..\user_tools\prettylib.a(syscalls.o)
 .text.ipc_deleteKey
                0x00000000       0x12 ..\user_tools\prettylib.a(syscalls.o)
 .text.ipc_setAccess
                0x00000000       0x1a ..\user_tools\prettylib.a(syscalls.o)
 .text.ipc_setWorkingNode
                0x00000000       0x16 ..\user_tools\prettylib.a(syscalls.o)
 .text.setCursor
                0x00000000       0x12 ..\user_tools\prettylib.a(syscalls.o)
 .text.getCursor
                0x00000000       0x12 ..\user_tools\prettylib.a(syscalls.o)
 .text.clearScreen
                0x00000000       0x13 ..\user_tools\prettylib.a(syscalls.o)
 .text.console_setProperties
                0x00000000       0x12 ..\user_tools\prettylib.a(syscalls.o)
 .text.refreshScreen
                0x00000000        0xc ..\user_tools\prettylib.a(syscalls.o)
 .text.mouseButtonPressed
                0x00000000       0x12 ..\user_tools\prettylib.a(syscalls.o)
 .text.getMousePosition
                0x00000000       0x12 ..\user_tools\prettylib.a(syscalls.o)
 .text.setMousePosition
                0x00000000       0x16 ..\user_tools\prettylib.a(syscalls.o)
 .text.beep     0x00000000       0x16 ..\user_tools\prettylib.a(syscalls.o)
 .text.dns_getServer
                0x00000000       0x12 ..\user_tools\prettylib.a(syscalls.o)
 .text.dns_setServer
                0x00000000       0x12 ..\user_tools\prettylib.a(syscalls.o)
 .text.tcp_connect
                0x00000000       0x16 ..\user_tools\prettylib.a(syscalls.o)
 .text.tcp_send
                0x00000000       0x1a ..\user_tools\prettylib.a(syscalls.o)
 .text.tcp_close
                0x00000000       0x12 ..\user_tools\prettylib.a(syscalls.o)
 .text.udp_send
                0x00000000       0x28 ..\user_tools\prettylib.a(syscalls.o)
 .text.udp_bind
                0x00000000       0x13 ..\user_tools\prettylib.a(syscalls.o)
 .text.udp_unbind
                0x00000000       0x13 ..\user_tools\prettylib.a(syscalls.o)
 .text.getMyIP  0x00000000        0xc ..\user_tools\prettylib.a(syscalls.o)
 .eh_frame      0x00000000      0x64c ..\user_tools\prettylib.a(syscalls.o)

Memory Configuration

Name             Origin             Length             Attributes
*default*        0x00000000         0xffffffff

Linker script and memory map

LOAD ..\..\object_files\user\shell/shell.o
LOAD ..\stdlibc\stdlibc.a
LOAD ..\user_tools\prettylib.a
                0x01400000                . = 0x1400000

.text           0x01400000     0x25ce
 *(.text*)
 .text          0x01400000      0x23d ..\..\object_files\user\shell/shell.o
                0x01400000                eraseFirst
                0x01400020                prependStr
                0x01400060                prependChar
                0x01400090                drawEntry
                0x01400130                formatExecutablePath
                0x01400200                formatPath
                0x01400210                printWorkingDir
 *fill*         0x0140023d        0x3 
 .text.startup  0x01400240      0xccc ..\..\object_files\user\shell/shell.o
                0x01400240                main
 *fill*         0x01400f0c        0x4 
 .text.strtol.part.0
                0x01400f10      0x1a5 ..\stdlibc\stdlibc.a(stdlib_strtonum.o)
 *fill*         0x014010b5        0xb 
 .text.atoi     0x014010c0       0x10 ..\stdlibc\stdlibc.a(stdlib_strtonum.o)
                0x014010c0                atoi
 .text.remove   0x014010d0       0x14 ..\stdlibc\stdlibc.a(stdio.o)
                0x014010d0                remove
 *fill*         0x014010e4        0xc 
 .text.gets_s   0x014010f0       0xb8 ..\stdlibc\stdlibc.a(stdio.o)
                0x014010f0                gets_s
 *fill*         0x014011a8        0x8 
 .text.puts     0x014011b0       0x48 ..\stdlibc\stdlibc.a(stdio.o)
                0x014011b0                puts
 *fill*         0x014011f8        0x8 
 .text.vprintf  0x01401200      0x34a ..\stdlibc\stdlibc.a(stdio.o)
                0x01401200                vprintf
 *fill*         0x0140154a        0x6 
 .text.printf   0x01401550       0x18 ..\stdlibc\stdlibc.a(stdio.o)
                0x01401550                printf
 *fill*         0x01401568        0x8 
 .text.vsprintf
                0x01401570      0x23b ..\stdlibc\stdlibc.a(stdio.o)
                0x01401570                vsprintf
 *fill*         0x014017ab        0x5 
 .text.sprintf  0x014017b0       0x1c ..\stdlibc\stdlibc.a(stdio.o)
                0x014017b0                sprintf
 *fill*         0x014017cc        0x4 
 .text.memcpy   0x014017d0       0x22 ..\stdlibc\stdlibc.a(string.o)
                0x014017d0                memcpy
 *fill*         0x014017f2        0xe 
 .text.memmove  0x01401800       0x5e ..\stdlibc\stdlibc.a(string.o)
                0x01401800                memmove
 *fill*         0x0140185e        0x2 
 .text.memset   0x01401860       0x3a ..\stdlibc\stdlibc.a(string.o)
                0x01401860                memset
 *fill*         0x0140189a        0x6 
 .text.strlen   0x014018a0       0x22 ..\stdlibc\stdlibc.a(string.o)
                0x014018a0                strlen
 *fill*         0x014018c2        0xe 
 .text.strcmp   0x014018d0       0x3e ..\stdlibc\stdlibc.a(string.o)
                0x014018d0                strcmp
 *fill*         0x0140190e        0x2 
 .text.strcpy   0x01401910       0x23 ..\stdlibc\stdlibc.a(string.o)
                0x01401910                strcpy
 *fill*         0x01401933        0xd 
 .text.strncpy  0x01401940       0x84 ..\stdlibc\stdlibc.a(string.o)
                0x01401940                strncpy
 *fill*         0x014019c4        0xc 
 .text.strcat   0x014019d0       0x44 ..\stdlibc\stdlibc.a(string.o)
                0x014019d0                strcat
 *fill*         0x01401a14        0xc 
 .text.strchr   0x01401a20       0x34 ..\stdlibc\stdlibc.a(string.o)
                0x01401a20                strchr
 *fill*         0x01401a54        0xc 
 .text.strrchr  0x01401a60       0x89 ..\stdlibc\stdlibc.a(string.o)
                0x01401a60                strrchr
 *fill*         0x01401ae9        0x7 
 .text.malloc   0x01401af0       0x40 ..\stdlibc\stdlibc.a(stdlib.o)
                0x01401af0                malloc
 .text.calloc   0x01401b30       0x2a ..\stdlibc\stdlibc.a(stdlib.o)
                0x01401b30                calloc
 *fill*         0x01401b5a        0x6 
 .text.free     0x01401b60       0x16 ..\stdlibc\stdlibc.a(stdlib.o)
                0x01401b60                free
 *fill*         0x01401b76        0xa 
 .text.isspace  0x01401b80       0x19 ..\stdlibc\stdlibc.a(ctype.o)
                0x01401b80                isspace
 *fill*         0x01401b99        0x7 
 .text.tolower  0x01401ba0       0x11 ..\stdlibc\stdlibc.a(ctype.o)
                0x01401ba0                tolower
 *fill*         0x01401bb1        0xf 
 .text.scrollInfoLine
                0x01401bc0       0x7c ..\user_tools\prettylib.a(userlib.o)
 *fill*         0x01401c3c        0x4 
 .text.getchar  0x01401c40       0x6a ..\user_tools\prettylib.a(userlib.o)
                0x01401c40                getchar
 *fill*         0x01401caa        0x6 
 .text.getCurrentSeconds
                0x01401cb0       0x18 ..\user_tools\prettylib.a(userlib.o)
                0x01401cb0                getCurrentSeconds
 *fill*         0x01401cc8        0x8 
 .text.strncicmp
                0x01401cd0       0x85 ..\user_tools\prettylib.a(userlib.o)
                0x01401cd0                strncicmp
 *fill*         0x01401d55        0xb 
 .text.reverse  0x01401d60       0x40 ..\user_tools\prettylib.a(userlib.o)
                0x01401d60                reverse
 .text.utoa     0x01401da0       0x54 ..\user_tools\prettylib.a(userlib.o)
                0x01401da0                utoa
 *fill*         0x01401df4        0xc 
 .text.itoa     0x01401e00       0x39 ..\user_tools\prettylib.a(userlib.o)
                0x01401e00                itoa
 *fill*         0x01401e39        0x7 
 .text.ftoa     0x01401e40      0x1c0 ..\user_tools\prettylib.a(userlib.o)
                0x01401e40                ftoa
 .text.i2hex    0x01402000       0x48 ..\user_tools\prettylib.a(userlib.o)
                0x01402000                i2hex
 *fill*         0x01402048        0x8 
 .text.showInfo
                0x01402050       0x44 ..\user_tools\prettylib.a(userlib.o)
                0x01402050                showInfo
 *fill*         0x01402094        0xc 
 .text.changeWorkingDir
                0x014020a0      0x1dd ..\user_tools\prettylib.a(userlib.o)
                0x014020a0                changeWorkingDir
 *fill*         0x0140227d        0x3 
 .text.getWorkingDir
                0x01402280       0x6c ..\user_tools\prettylib.a(userlib.o)
                0x01402280                getWorkingDir
 *fill*         0x014022ec        0x4 
 .text.execute  0x014022f0       0x1e ..\user_tools\prettylib.a(syscalls.o)
                0x014022f0                execute
 *fill*         0x0140230e        0x2 
 .text.exitProcess
                0x01402310        0xc ..\user_tools\prettylib.a(syscalls.o)
                0x01402310                exitProcess
 *fill*         0x0140231c        0x4 
 .text.userHeap_create
                0x01402320       0x12 ..\user_tools\prettylib.a(syscalls.o)
                0x01402320                userHeap_create
 *fill*         0x01402332        0xe 
 .text.userHeap_alloc
                0x01402340       0x16 ..\user_tools\prettylib.a(syscalls.o)
                0x01402340                userHeap_alloc
 *fill*         0x01402356        0xa 
 .text.userHeap_free
                0x01402360       0x16 ..\user_tools\prettylib.a(syscalls.o)
                0x01402360                userHeap_free
 *fill*         0x01402376        0xa 
 .text.fmove    0x01402380       0x1a ..\user_tools\prettylib.a(syscalls.o)
                0x01402380                fmove
 *fill*         0x0140239a        0x6 
 .text.partition_format
                0x014023a0       0x1a ..\user_tools\prettylib.a(syscalls.o)
                0x014023a0                partition_format
 *fill*         0x014023ba        0x6 
 .text.folderAccess
                0x014023c0       0x16 ..\user_tools\prettylib.a(syscalls.o)
                0x014023c0                folderAccess
 *fill*         0x014023d6        0xa 
 .text.folderClose
                0x014023e0       0x12 ..\user_tools\prettylib.a(syscalls.o)
                0x014023e0                folderClose
 *fill*         0x014023f2        0xe 
 .text.ipc_getString
                0x01402400       0x1a ..\user_tools\prettylib.a(syscalls.o)
                0x01402400                ipc_getString
 *fill*         0x0140241a        0x6 
 .text.ipc_setString
                0x01402420       0x16 ..\user_tools\prettylib.a(syscalls.o)
                0x01402420                ipc_setString
 *fill*         0x01402436        0xa 
 .text.waitForEvent
                0x01402440       0x12 ..\user_tools\prettylib.a(syscalls.o)
                0x01402440                waitForEvent
 *fill*         0x01402452        0xe 
 .text.event_enable
                0x01402460       0x20 ..\user_tools\prettylib.a(syscalls.o)
                0x01402460                event_enable
 .text.event_poll
                0x01402480       0x1a ..\user_tools\prettylib.a(syscalls.o)
                0x01402480                event_poll
 *fill*         0x0140249a        0x6 
 .text.getCurrentMilliseconds
                0x014024a0        0xc ..\user_tools\prettylib.a(syscalls.o)
                0x014024a0                getCurrentMilliseconds
 *fill*         0x014024ac        0x4 
 .text.systemControl
                0x014024b0       0x12 ..\user_tools\prettylib.a(syscalls.o)
                0x014024b0                systemControl
 *fill*         0x014024c2        0xe 
 .text.putchar  0x014024d0       0x15 ..\user_tools\prettylib.a(syscalls.o)
                0x014024d0                putchar
 *fill*         0x014024e5        0xb 
 .text.textColor
                0x014024f0       0x13 ..\user_tools\prettylib.a(syscalls.o)
                0x014024f0                textColor
 *fill*         0x01402503        0xd 
 .text.setScrollField
                0x01402510       0x17 ..\user_tools\prettylib.a(syscalls.o)
                0x01402510                setScrollField
 *fill*         0x01402527        0x9 
 .text.keyPressed
                0x01402530       0x12 ..\user_tools\prettylib.a(syscalls.o)
                0x01402530                keyPressed
 *fill*         0x01402542        0xe 
 .text.floppy_dir
                0x01402550       0x12 ..\user_tools\prettylib.a(syscalls.o)
                0x01402550                floppy_dir
 *fill*         0x01402562        0xe 
 .text.printLine
                0x01402570       0x20 ..\user_tools\prettylib.a(syscalls.o)
                0x01402570                printLine
 .text          0x01402590       0x3e ..\user_tools\prettylib.a(start.o)
                0x01402590                _syscall
                0x01402598                _start

.data
 *(.data*)

.rodata         0x014025d0      0xa30
 *(.rodata*)
 .rodata.str1.1
                0x014025d0      0x132 ..\..\object_files\user\shell/shell.o
                                0x13a (size before relaxing)
 *fill*         0x01402702        0x2 
 .rodata.str1.4
                0x01402704      0x380 ..\..\object_files\user\shell/shell.o
 .rodata        0x01402a84       0xac ..\..\object_files\user\shell/shell.o
 .rodata.vprintf
                0x01402b30      0x154 ..\stdlibc\stdlibc.a(stdio.o)
 .rodata.vsprintf
                0x01402c84      0x154 ..\stdlibc\stdlibc.a(stdio.o)
 .rodata.showInfo.str1.4
                0x01402dd8      0x1f8 ..\user_tools\prettylib.a(userlib.o)
                                0x1f5 (size before relaxing)
 .rodata.changeWorkingDir.str1.1
                0x01402fd0       0x16 ..\user_tools\prettylib.a(userlib.o)
                                 0x18 (size before relaxing)
 *fill*         0x01402fe6        0x2 
 .rodata.cst4   0x01402fe8       0x18 ..\user_tools\prettylib.a(userlib.o)

.bss            0x01403000       0x61
 *(.bss*)
 .bss           0x01403000       0x5c ..\..\object_files\user\shell/shell.o
                0x01403000                RenderBuffer
                0x01403054                entryLength
                0x01403058                cursorPos
 .bss.defaultProcessHeap
                0x0140305c        0x4 ..\stdlibc\stdlibc.a(stdlib.o)
 .bss.enabledEvents
                0x01403060        0x1 ..\user_tools\prettylib.a(userlib.o)
                0x01403060                enabledEvents
OUTPUT(SHELL.ELF elf32-i386)

.comment        0x00000000       0x11
 .comment       0x00000000       0x11 ..\..\object_files\user\shell/shell.o
                                 0x12 (size before relaxing)
 .comment       0x00000011       0x12 ..\stdlibc\stdlibc.a(stdlib_strtonum.o)
 .comment       0x00000011       0x12 ..\stdlibc\stdlibc.a(stdio.o)
 .comment       0x00000011       0x12 ..\stdlibc\stdlibc.a(string.o)
 .comment       0x00000011       0x12 ..\stdlibc\stdlibc.a(stdlib.o)
 .comment       0x00000011       0x12 ..\stdlibc\stdlibc.a(ctype.o)
 .comment       0x00000011       0x12 ..\user_tools\prettylib.a(userlib.o)
 .comment       0x00000011       0x12 ..\user_tools\prettylib.a(syscalls.o)
