Archive member included to satisfy reference by file (symbol)

..\stdlibc\stdlibc.a(stdio.o)
                              ..\..\object_files\user\other_userprogs/devmgr.c.o (gets_s)
..\stdlibc\stdlibc.a(string.o)
                              ..\..\object_files\user\other_userprogs/devmgr.c.o (memcpy)
..\stdlibc\stdlibc.a(stdlib.o)
                              ..\..\object_files\user\other_userprogs/devmgr.c.o (malloc)
..\stdlibc\stdlibc.a(ctype.o)
                              ..\..\object_files\user\other_userprogs/devmgr.c.o (isdigit)
..\stdlibc\stdlibc.a(signal.o)
                              ..\stdlibc\stdlibc.a(stdlib.o) (raise)
..\user_tools\prettylib.a(userlib.o)
                              ..\..\object_files\user\other_userprogs/devmgr.c.o (iSetCursor)
..\user_tools\prettylib.a(syscalls.o)
                              ..\stdlibc\stdlibc.a(stdlib.o) (exitProcess)
..\user_tools\prettylib.a(start.o)
                              ..\user_tools\prettylib.a(syscalls.o) (_syscall)

Discarded input sections

 .text          0x00000000        0x0 ..\..\object_files\user\other_userprogs/devmgr.c.o
 .data          0x00000000        0x0 ..\..\object_files\user\other_userprogs/devmgr.c.o
 .bss           0x00000000        0x0 ..\..\object_files\user\other_userprogs/devmgr.c.o
 .eh_frame      0x00000000      0x2d8 ..\..\object_files\user\other_userprogs/devmgr.c.o
 .text          0x00000000        0x0 ..\stdlibc\stdlibc.a(stdio.o)
 .data          0x00000000        0x0 ..\stdlibc\stdlibc.a(stdio.o)
 .bss           0x00000000        0x0 ..\stdlibc\stdlibc.a(stdio.o)
 .text.remove   0x00000000       0x14 ..\stdlibc\stdlibc.a(stdio.o)
 .text.rename   0x00000000       0x16 ..\stdlibc\stdlibc.a(stdio.o)
 .text.putc     0x00000000        0xe ..\stdlibc\stdlibc.a(stdio.o)
 .text.getc     0x00000000        0x5 ..\stdlibc\stdlibc.a(stdio.o)
 .text.fgets    0x00000000       0x62 ..\stdlibc\stdlibc.a(stdio.o)
 .text.fputs    0x00000000       0x4a ..\stdlibc\stdlibc.a(stdio.o)
 .text.fread    0x00000000       0x40 ..\stdlibc\stdlibc.a(stdio.o)
 .text.fwrite   0x00000000       0x42 ..\stdlibc\stdlibc.a(stdio.o)
 .text.vsprintf
                0x00000000      0x23b ..\stdlibc\stdlibc.a(stdio.o)
 .rodata.vsprintf
                0x00000000      0x154 ..\stdlibc\stdlibc.a(stdio.o)
 .text.sprintf  0x00000000       0x1c ..\stdlibc\stdlibc.a(stdio.o)
 .text.vsnprintf
                0x00000000      0x277 ..\stdlibc\stdlibc.a(stdio.o)
 .rodata.vsnprintf
                0x00000000      0x154 ..\stdlibc\stdlibc.a(stdio.o)
 .text.snprintf
                0x00000000       0x1d ..\stdlibc\stdlibc.a(stdio.o)
 .bss.stdout    0x00000000        0x4 ..\stdlibc\stdlibc.a(stdio.o)
 .bss.stdin     0x00000000        0x4 ..\stdlibc\stdlibc.a(stdio.o)
 .bss.stderr    0x00000000        0x4 ..\stdlibc\stdlibc.a(stdio.o)
 .eh_frame      0x00000000      0x520 ..\stdlibc\stdlibc.a(stdio.o)
 .text          0x00000000        0x0 ..\stdlibc\stdlibc.a(string.o)
 .data          0x00000000        0x0 ..\stdlibc\stdlibc.a(string.o)
 .bss           0x00000000        0x0 ..\stdlibc\stdlibc.a(string.o)
 .text.memchr   0x00000000       0x2f ..\stdlibc\stdlibc.a(string.o)
 .text.memcmp   0x00000000       0x58 ..\stdlibc\stdlibc.a(string.o)
 .text.memmove  0x00000000       0x5e ..\stdlibc\stdlibc.a(string.o)
 .text.memset   0x00000000       0x3a ..\stdlibc\stdlibc.a(string.o)
 .text.strncmp  0x00000000       0x6a ..\stdlibc\stdlibc.a(string.o)
 .text.strncpy  0x00000000       0x84 ..\stdlibc\stdlibc.a(string.o)
 .text.strncat  0x00000000       0x74 ..\stdlibc\stdlibc.a(string.o)
 .text.strchr   0x00000000       0x34 ..\stdlibc\stdlibc.a(string.o)
 .text.strrchr  0x00000000       0x89 ..\stdlibc\stdlibc.a(string.o)
 .text.strcspn  0x00000000       0x60 ..\stdlibc\stdlibc.a(string.o)
 .rodata.strerror.str1.1
                0x00000000       0x1a ..\stdlibc\stdlibc.a(string.o)
 .text.strerror
                0x00000000       0x26 ..\stdlibc\stdlibc.a(string.o)
 .text.strpbrk  0x00000000       0x4e ..\stdlibc\stdlibc.a(string.o)
 .text.strspn   0x00000000       0x5b ..\stdlibc\stdlibc.a(string.o)
 .text.strstr   0x00000000       0x6d ..\stdlibc\stdlibc.a(string.o)
 .text.strtok   0x00000000       0xc1 ..\stdlibc\stdlibc.a(string.o)
 .bss.last.1200
                0x00000000        0x4 ..\stdlibc\stdlibc.a(string.o)
 .eh_frame      0x00000000      0x39c ..\stdlibc\stdlibc.a(string.o)
 .text          0x00000000        0x0 ..\stdlibc\stdlibc.a(stdlib.o)
 .data          0x00000000        0x0 ..\stdlibc\stdlibc.a(stdlib.o)
 .bss           0x00000000        0x0 ..\stdlibc\stdlibc.a(stdlib.o)
 .text.abort    0x00000000        0xe ..\stdlibc\stdlibc.a(stdlib.o)
 .text.exit     0x00000000       0x45 ..\stdlibc\stdlibc.a(stdlib.o)
 .text.quick_exit
                0x00000000       0x45 ..\stdlibc\stdlibc.a(stdlib.o)
 .text._Exit    0x00000000        0x5 ..\stdlibc\stdlibc.a(stdlib.o)
 .text.labs     0x00000000        0xa ..\stdlibc\stdlibc.a(stdlib.o)
 .text.llabs    0x00000000       0x22 ..\stdlibc\stdlibc.a(stdlib.o)
 .text.div      0x00000000       0x17 ..\stdlibc\stdlibc.a(stdlib.o)
 .text.ldiv     0x00000000       0x17 ..\stdlibc\stdlibc.a(stdlib.o)
 .text.lldiv    0x00000000       0x41 ..\stdlibc\stdlibc.a(stdlib.o)
 .text.srand    0x00000000        0xa ..\stdlibc\stdlibc.a(stdlib.o)
 .text.rand     0x00000000       0x1d ..\stdlibc\stdlibc.a(stdlib.o)
 .text.random   0x00000000       0x47 ..\stdlibc\stdlibc.a(stdlib.o)
 .text.atexit   0x00000000       0x8f ..\stdlibc\stdlibc.a(stdlib.o)
 .text.at_quick_exit
                0x00000000       0x8f ..\stdlibc\stdlibc.a(stdlib.o)
 .text.calloc   0x00000000       0x2a ..\stdlibc\stdlibc.a(stdlib.o)
 .text.getenv   0x00000000        0x3 ..\stdlibc\stdlibc.a(stdlib.o)
 .bss.size.1228
                0x00000000        0x4 ..\stdlibc\stdlibc.a(stdlib.o)
 .bss.num.1227  0x00000000        0x4 ..\stdlibc\stdlibc.a(stdlib.o)
 .bss.size.1221
                0x00000000        0x4 ..\stdlibc\stdlibc.a(stdlib.o)
 .bss.num.1220  0x00000000        0x4 ..\stdlibc\stdlibc.a(stdlib.o)
 .bss.seed      0x00000000        0x4 ..\stdlibc\stdlibc.a(stdlib.o)
 .bss._at_quick_exit_funcs
                0x00000000        0x4 ..\stdlibc\stdlibc.a(stdlib.o)
 .bss._atexit_funcs
                0x00000000        0x4 ..\stdlibc\stdlibc.a(stdlib.o)
 .rodata.cst4   0x00000000        0x4 ..\stdlibc\stdlibc.a(stdlib.o)
 .eh_frame      0x00000000      0x2a0 ..\stdlibc\stdlibc.a(stdlib.o)
 .text          0x00000000        0x0 ..\stdlibc\stdlibc.a(ctype.o)
 .data          0x00000000        0x0 ..\stdlibc\stdlibc.a(ctype.o)
 .bss           0x00000000        0x0 ..\stdlibc\stdlibc.a(ctype.o)
 .text.isalnum  0x00000000       0x26 ..\stdlibc\stdlibc.a(ctype.o)
 .text.isalpha  0x00000000       0x14 ..\stdlibc\stdlibc.a(ctype.o)
 .text.isblank  0x00000000       0x16 ..\stdlibc\stdlibc.a(ctype.o)
 .text.iscntrl  0x00000000       0x16 ..\stdlibc\stdlibc.a(ctype.o)
 .text.isgraph  0x00000000       0x11 ..\stdlibc\stdlibc.a(ctype.o)
 .text.islower  0x00000000       0x11 ..\stdlibc\stdlibc.a(ctype.o)
 .text.isprint  0x00000000       0x11 ..\stdlibc\stdlibc.a(ctype.o)
 .text.ispunct  0x00000000       0x28 ..\stdlibc\stdlibc.a(ctype.o)
 .text.isspace  0x00000000       0x19 ..\stdlibc\stdlibc.a(ctype.o)
 .text.isupper  0x00000000       0x11 ..\stdlibc\stdlibc.a(ctype.o)
 .text.isxdigit
                0x00000000       0x21 ..\stdlibc\stdlibc.a(ctype.o)
 .text.tolower  0x00000000       0x11 ..\stdlibc\stdlibc.a(ctype.o)
 .text.toupper  0x00000000       0x11 ..\stdlibc\stdlibc.a(ctype.o)
 .eh_frame      0x00000000      0x130 ..\stdlibc\stdlibc.a(ctype.o)
 .text          0x00000000        0x0 ..\stdlibc\stdlibc.a(signal.o)
 .data          0x00000000        0x0 ..\stdlibc\stdlibc.a(signal.o)
 .bss           0x00000000        0x0 ..\stdlibc\stdlibc.a(signal.o)
 .text.dummy    0x00000000        0x2 ..\stdlibc\stdlibc.a(signal.o)
 .text.signal   0x00000000       0x2f ..\stdlibc\stdlibc.a(signal.o)
 .text.raise    0x00000000       0x27 ..\stdlibc\stdlibc.a(signal.o)
 .data.signal_defaults
                0x00000000       0x18 ..\stdlibc\stdlibc.a(signal.o)
 .data.signals  0x00000000       0x18 ..\stdlibc\stdlibc.a(signal.o)
 .data.SIG_IGN  0x00000000        0x4 ..\stdlibc\stdlibc.a(signal.o)
 .data.SIG_DFL  0x00000000        0x4 ..\stdlibc\stdlibc.a(signal.o)
 .comment       0x00000000       0x12 ..\stdlibc\stdlibc.a(signal.o)
 .eh_frame      0x00000000       0x64 ..\stdlibc\stdlibc.a(signal.o)
 .text          0x00000000        0x0 ..\user_tools\prettylib.a(userlib.o)
 .data          0x00000000        0x0 ..\user_tools\prettylib.a(userlib.o)
 .bss           0x00000000        0x0 ..\user_tools\prettylib.a(userlib.o)
 .text.scrollInfoLine
                0x00000000       0x7c ..\user_tools\prettylib.a(userlib.o)
 .text.event_flush
                0x00000000       0x29 ..\user_tools\prettylib.a(userlib.o)
 .text.sleep    0x00000000       0x14 ..\user_tools\prettylib.a(userlib.o)
 .text.waitForTask
                0x00000000       0x16 ..\user_tools\prettylib.a(userlib.o)
 .text.getCurrentSeconds
                0x00000000       0x18 ..\user_tools\prettylib.a(userlib.o)
 .text.strncicmp
                0x00000000       0x85 ..\user_tools\prettylib.a(userlib.o)
 .rodata.showInfo.str1.4
                0x00000000      0x1f5 ..\user_tools\prettylib.a(userlib.o)
 .text.showInfo
                0x00000000       0x44 ..\user_tools\prettylib.a(userlib.o)
 .text.stringToIP
                0x00000000       0xab ..\user_tools\prettylib.a(userlib.o)
 .text.squashPath
                0x00000000        0x6 ..\user_tools\prettylib.a(userlib.o)
 .rodata.changeWorkingDir.str1.1
                0x00000000       0x18 ..\user_tools\prettylib.a(userlib.o)
 .text.changeWorkingDir
                0x00000000      0x1dd ..\user_tools\prettylib.a(userlib.o)
 .text.getWorkingDir
                0x00000000       0x6c ..\user_tools\prettylib.a(userlib.o)
 .eh_frame      0x00000000      0x4b4 ..\user_tools\prettylib.a(userlib.o)
 .text          0x00000000        0x0 ..\user_tools\prettylib.a(syscalls.o)
 .data          0x00000000        0x0 ..\user_tools\prettylib.a(syscalls.o)
 .bss           0x00000000        0x0 ..\user_tools\prettylib.a(syscalls.o)
 .text.execute  0x00000000       0x1e ..\user_tools\prettylib.a(syscalls.o)
 .text.wait     0x00000000       0x1a ..\user_tools\prettylib.a(syscalls.o)
 .text.userHeap_destroy
                0x00000000       0x12 ..\user_tools\prettylib.a(syscalls.o)
 .text.fopen    0x00000000       0x16 ..\user_tools\prettylib.a(syscalls.o)
 .text.fgetc    0x00000000       0x12 ..\user_tools\prettylib.a(syscalls.o)
 .text.fputc    0x00000000       0x17 ..\user_tools\prettylib.a(syscalls.o)
 .text.fseek    0x00000000       0x1a ..\user_tools\prettylib.a(syscalls.o)
 .text.fflush   0x00000000       0x12 ..\user_tools\prettylib.a(syscalls.o)
 .text.fmove    0x00000000       0x1a ..\user_tools\prettylib.a(syscalls.o)
 .text.fclose   0x00000000       0x12 ..\user_tools\prettylib.a(syscalls.o)
 .text.partition_format
                0x00000000       0x1a ..\user_tools\prettylib.a(syscalls.o)
 .text.folderAccess
                0x00000000       0x16 ..\user_tools\prettylib.a(syscalls.o)
 .text.folderClose
                0x00000000       0x12 ..\user_tools\prettylib.a(syscalls.o)
 .text.ipc_fopen
                0x00000000       0x1a ..\user_tools\prettylib.a(syscalls.o)
 .text.ipc_getString
                0x00000000       0x1a ..\user_tools\prettylib.a(syscalls.o)
 .text.ipc_setString
                0x00000000       0x16 ..\user_tools\prettylib.a(syscalls.o)
 .text.ipc_setInt
                0x00000000       0x1a ..\user_tools\prettylib.a(syscalls.o)
 .text.ipc_getDouble
                0x00000000       0x16 ..\user_tools\prettylib.a(syscalls.o)
 .text.ipc_setDouble
                0x00000000       0x16 ..\user_tools\prettylib.a(syscalls.o)
 .text.ipc_deleteKey
                0x00000000       0x12 ..\user_tools\prettylib.a(syscalls.o)
 .text.ipc_setAccess
                0x00000000       0x1a ..\user_tools\prettylib.a(syscalls.o)
 .text.event_enable
                0x00000000       0x20 ..\user_tools\prettylib.a(syscalls.o)
 .text.getCurrentMilliseconds
                0x00000000        0xc ..\user_tools\prettylib.a(syscalls.o)
 .text.systemControl
                0x00000000       0x12 ..\user_tools\prettylib.a(syscalls.o)
 .text.setScrollField
                0x00000000       0x17 ..\user_tools\prettylib.a(syscalls.o)
 .text.getCursor
                0x00000000       0x12 ..\user_tools\prettylib.a(syscalls.o)
 .text.clearScreen
                0x00000000       0x13 ..\user_tools\prettylib.a(syscalls.o)
 .text.console_setProperties
                0x00000000       0x12 ..\user_tools\prettylib.a(syscalls.o)
 .text.refreshScreen
                0x00000000        0xc ..\user_tools\prettylib.a(syscalls.o)
 .text.keyPressed
                0x00000000       0x12 ..\user_tools\prettylib.a(syscalls.o)
 .text.mouseButtonPressed
                0x00000000       0x12 ..\user_tools\prettylib.a(syscalls.o)
 .text.getMousePosition
                0x00000000       0x12 ..\user_tools\prettylib.a(syscalls.o)
 .text.setMousePosition
                0x00000000       0x16 ..\user_tools\prettylib.a(syscalls.o)
 .text.beep     0x00000000       0x16 ..\user_tools\prettylib.a(syscalls.o)
 .text.dns_getServer
                0x00000000       0x12 ..\user_tools\prettylib.a(syscalls.o)
 .text.dns_setServer
                0x00000000       0x12 ..\user_tools\prettylib.a(syscalls.o)
 .text.tcp_connect
                0x00000000       0x16 ..\user_tools\prettylib.a(syscalls.o)
 .text.tcp_send
                0x00000000       0x1a ..\user_tools\prettylib.a(syscalls.o)
 .text.tcp_close
                0x00000000       0x12 ..\user_tools\prettylib.a(syscalls.o)
 .text.udp_send
                0x00000000       0x28 ..\user_tools\prettylib.a(syscalls.o)
 .text.udp_bind
                0x00000000       0x13 ..\user_tools\prettylib.a(syscalls.o)
 .text.udp_unbind
                0x00000000       0x13 ..\user_tools\prettylib.a(syscalls.o)
 .text.getMyIP  0x00000000        0xc ..\user_tools\prettylib.a(syscalls.o)
 .text.floppy_dir
                0x00000000       0x12 ..\user_tools\prettylib.a(syscalls.o)
 .eh_frame      0x00000000      0x64c ..\user_tools\prettylib.a(syscalls.o)

Memory Configuration

Name             Origin             Length             Attributes
*default*        0x00000000         0xffffffff

Linker script and memory map

LOAD ..\..\object_files\user\other_userprogs/devmgr.c.o
LOAD ..\stdlibc\stdlibc.a
LOAD ..\user_tools\prettylib.a
                0x01400000                . = 0x1400000

.text           0x01400000     0x160e
 *(.text*)
 .text.showPCI_devices
                0x01400000      0x350 ..\..\object_files\user\other_userprogs/devmgr.c.o
 .text.showACPI_ioapic
                0x01400350       0xbb ..\..\object_files\user\other_userprogs/devmgr.c.o
 *fill*         0x0140040b        0x5 
 .text.showACPI_lapic
                0x01400410       0x9f ..\..\object_files\user\other_userprogs/devmgr.c.o
 *fill*         0x014004af        0x1 
 .text.showACPI_intOverrides
                0x014004b0       0xbd ..\..\object_files\user\other_userprogs/devmgr.c.o
 *fill*         0x0140056d        0x3 
 .text.parseFolder
                0x01400570      0x108 ..\..\object_files\user\other_userprogs/devmgr.c.o
 *fill*         0x01400678        0x8 
 .text.parseArg
                0x01400680      0x32e ..\..\object_files\user\other_userprogs/devmgr.c.o
 *fill*         0x014009ae        0x2 
 .text.startup.main
                0x014009b0       0xf1 ..\..\object_files\user\other_userprogs/devmgr.c.o
                0x014009b0                main
 *fill*         0x01400aa1        0xf 
 .text.gets_s   0x01400ab0       0xb8 ..\stdlibc\stdlibc.a(stdio.o)
                0x01400ab0                gets_s
 *fill*         0x01400b68        0x8 
 .text.puts     0x01400b70       0x48 ..\stdlibc\stdlibc.a(stdio.o)
                0x01400b70                puts
 *fill*         0x01400bb8        0x8 
 .text.vprintf  0x01400bc0      0x34a ..\stdlibc\stdlibc.a(stdio.o)
                0x01400bc0                vprintf
 *fill*         0x01400f0a        0x6 
 .text.printf   0x01400f10       0x18 ..\stdlibc\stdlibc.a(stdio.o)
                0x01400f10                printf
 *fill*         0x01400f28        0x8 
 .text.memcpy   0x01400f30       0x22 ..\stdlibc\stdlibc.a(string.o)
                0x01400f30                memcpy
 *fill*         0x01400f52        0xe 
 .text.strlen   0x01400f60       0x22 ..\stdlibc\stdlibc.a(string.o)
                0x01400f60                strlen
 *fill*         0x01400f82        0xe 
 .text.strcmp   0x01400f90       0x3e ..\stdlibc\stdlibc.a(string.o)
                0x01400f90                strcmp
 *fill*         0x01400fce        0x2 
 .text.strcpy   0x01400fd0       0x23 ..\stdlibc\stdlibc.a(string.o)
                0x01400fd0                strcpy
 *fill*         0x01400ff3        0xd 
 .text.strcat   0x01401000       0x44 ..\stdlibc\stdlibc.a(string.o)
                0x01401000                strcat
 *fill*         0x01401044        0xc 
 .text.malloc   0x01401050       0x40 ..\stdlibc\stdlibc.a(stdlib.o)
                0x01401050                malloc
 .text.free     0x01401090       0x16 ..\stdlibc\stdlibc.a(stdlib.o)
                0x01401090                free
 *fill*         0x014010a6        0xa 
 .text.isdigit  0x014010b0       0x11 ..\stdlibc\stdlibc.a(ctype.o)
                0x014010b0                isdigit
 *fill*         0x014010c1        0xf 
 .text.iSetCursor
                0x014010d0        0xf ..\user_tools\prettylib.a(userlib.o)
                0x014010d0                iSetCursor
 *fill*         0x014010df        0x1 
 .text.getchar  0x014010e0       0x6a ..\user_tools\prettylib.a(userlib.o)
                0x014010e0                getchar
 *fill*         0x0140114a        0x6 
 .text.reverse  0x01401150       0x40 ..\user_tools\prettylib.a(userlib.o)
                0x01401150                reverse
 .text.utoa     0x01401190       0x54 ..\user_tools\prettylib.a(userlib.o)
                0x01401190                utoa
 *fill*         0x014011e4        0xc 
 .text.itoa     0x014011f0       0x39 ..\user_tools\prettylib.a(userlib.o)
                0x014011f0                itoa
 *fill*         0x01401229        0x7 
 .text.ftoa     0x01401230      0x1c0 ..\user_tools\prettylib.a(userlib.o)
                0x01401230                ftoa
 .text.i2hex    0x014013f0       0x48 ..\user_tools\prettylib.a(userlib.o)
                0x014013f0                i2hex
 *fill*         0x01401438        0x8 
 .text.exitProcess
                0x01401440        0xc ..\user_tools\prettylib.a(syscalls.o)
                0x01401440                exitProcess
 *fill*         0x0140144c        0x4 
 .text.userHeap_create
                0x01401450       0x12 ..\user_tools\prettylib.a(syscalls.o)
                0x01401450                userHeap_create
 *fill*         0x01401462        0xe 
 .text.userHeap_alloc
                0x01401470       0x16 ..\user_tools\prettylib.a(syscalls.o)
                0x01401470                userHeap_alloc
 *fill*         0x01401486        0xa 
 .text.userHeap_free
                0x01401490       0x16 ..\user_tools\prettylib.a(syscalls.o)
                0x01401490                userHeap_free
 *fill*         0x014014a6        0xa 
 .text.ipc_getFolder
                0x014014b0       0x1a ..\user_tools\prettylib.a(syscalls.o)
                0x014014b0                ipc_getFolder
 *fill*         0x014014ca        0x6 
 .text.ipc_getInt
                0x014014d0       0x16 ..\user_tools\prettylib.a(syscalls.o)
                0x014014d0                ipc_getInt
 *fill*         0x014014e6        0xa 
 .text.ipc_setWorkingNode
                0x014014f0       0x16 ..\user_tools\prettylib.a(syscalls.o)
                0x014014f0                ipc_setWorkingNode
 *fill*         0x01401506        0xa 
 .text.waitForEvent
                0x01401510       0x12 ..\user_tools\prettylib.a(syscalls.o)
                0x01401510                waitForEvent
 *fill*         0x01401522        0xe 
 .text.event_poll
                0x01401530       0x1a ..\user_tools\prettylib.a(syscalls.o)
                0x01401530                event_poll
 *fill*         0x0140154a        0x6 
 .text.putchar  0x01401550       0x15 ..\user_tools\prettylib.a(syscalls.o)
                0x01401550                putchar
 *fill*         0x01401565        0xb 
 .text.textColor
                0x01401570       0x13 ..\user_tools\prettylib.a(syscalls.o)
                0x01401570                textColor
 *fill*         0x01401583        0xd 
 .text.setCursor
                0x01401590       0x12 ..\user_tools\prettylib.a(syscalls.o)
                0x01401590                setCursor
 *fill*         0x014015a2        0xe 
 .text.printLine
                0x014015b0       0x20 ..\user_tools\prettylib.a(syscalls.o)
                0x014015b0                printLine
 .text          0x014015d0       0x3e ..\user_tools\prettylib.a(start.o)
                0x014015d0                _syscall
                0x014015d8                _start

.data
 *(.data*)

.rodata         0x01401620    0x43fe8
 *(.rodata*)
 .rodata.showPCI_devices.str1.1
                0x01401620       0xc2 ..\..\object_files\user\other_userprogs/devmgr.c.o
                                 0xc4 (size before relaxing)
 .rodata.showACPI_ioapic.str1.1
                0x014016e2       0x6b ..\..\object_files\user\other_userprogs/devmgr.c.o
 .rodata.showACPI_lapic.str1.1
                0x0140174d       0x29 ..\..\object_files\user\other_userprogs/devmgr.c.o
 .rodata.showACPI_intOverrides.str1.1
                0x01401776       0x3e ..\..\object_files\user\other_userprogs/devmgr.c.o
 .rodata.parseArg.str1.1
                0x014017b4      0x13d ..\..\object_files\user\other_userprogs/devmgr.c.o
                                0x140 (size before relaxing)
 *fill*         0x014018f1        0x3 
 .rodata.parseArg.str1.4
                0x014018f4      0x192 ..\..\object_files\user\other_userprogs/devmgr.c.o
 *fill*         0x01401a86        0x2 
 .rodata.main.str1.4
                0x01401a88       0x84 ..\..\object_files\user\other_userprogs/devmgr.c.o
 .rodata.main.str1.1
                0x01401b0c       0x21 ..\..\object_files\user\other_userprogs/devmgr.c.o
 *fill*         0x01401b2d        0x3 
 .rodata.str1.4
                0x01401b30     0xeb4c ..\..\object_files\user\other_userprogs/devmgr.c.o
                               0xebe7 (size before relaxing)
 .rodata.str1.1
                0x0141067c    0x1ed6c ..\..\object_files\user\other_userprogs/devmgr.c.o
                              0x1fbfc (size before relaxing)
 *fill*         0x0142f3e8       0x18 
 .rodata.PciClassCodeTable
                0x0142f400      0x3fc ..\..\object_files\user\other_userprogs/devmgr.c.o
 *fill*         0x0142f7fc        0x4 
 .rodata.PciDevTable
                0x0142f800    0x120fc ..\..\object_files\user\other_userprogs/devmgr.c.o
 *fill*         0x014418fc        0x4 
 .rodata.PciVenTable
                0x01441900     0x3b9c ..\..\object_files\user\other_userprogs/devmgr.c.o
 .rodata.vprintf
                0x0144549c      0x154 ..\stdlibc\stdlibc.a(stdio.o)
 .rodata.cst4   0x014455f0       0x18 ..\user_tools\prettylib.a(userlib.o)

.bss            0x01445608        0x5
 *(.bss*)
 .bss.defaultProcessHeap
                0x01445608        0x4 ..\stdlibc\stdlibc.a(stdlib.o)
 .bss.enabledEvents
                0x0144560c        0x1 ..\user_tools\prettylib.a(userlib.o)
                0x0144560c                enabledEvents
OUTPUT(devmgr.ELF elf32-i386)

.comment        0x00000000       0x11
 .comment       0x00000000       0x11 ..\..\object_files\user\other_userprogs/devmgr.c.o
                                 0x12 (size before relaxing)
 .comment       0x00000011       0x12 ..\stdlibc\stdlibc.a(stdio.o)
 .comment       0x00000011       0x12 ..\stdlibc\stdlibc.a(string.o)
 .comment       0x00000011       0x12 ..\stdlibc\stdlibc.a(stdlib.o)
 .comment       0x00000011       0x12 ..\stdlibc\stdlibc.a(ctype.o)
 .comment       0x00000011       0x12 ..\user_tools\prettylib.a(userlib.o)
 .comment       0x00000011       0x12 ..\user_tools\prettylib.a(syscalls.o)
