Archive member included to satisfy reference by file (symbol)

..\stdlibc\stdlibc.a(stdio.o)
                              ..\..\object_files\user\other_userprogs/test.c.o (fread)
..\stdlibc\stdlibc.a(string.o)
                              ..\..\object_files\user\other_userprogs/test.c.o (memcmp)
..\user_tools\prettylib.a(userlib.o)
                              ..\..\object_files\user\other_userprogs/test.c.o (sleep)
..\user_tools\prettylib.a(syscalls.o)
                              ..\user_tools\prettylib.a(userlib.o) (wait)
..\user_tools\prettylib.a(start.o)
                              ..\user_tools\prettylib.a(syscalls.o) (_syscall)

Discarded input sections

 .text          0x00000000        0x0 ..\..\object_files\user\other_userprogs/test.c.o
 .data          0x00000000        0x0 ..\..\object_files\user\other_userprogs/test.c.o
 .bss           0x00000000        0x0 ..\..\object_files\user\other_userprogs/test.c.o
 .text.taskingTestFunc1
                0x00000000       0x41 ..\..\object_files\user\other_userprogs/test.c.o
 .text.taskingTestFunc2
                0x00000000       0x41 ..\..\object_files\user\other_userprogs/test.c.o
 .text.taskingTestFunc
                0x00000000       0x41 ..\..\object_files\user\other_userprogs/test.c.o
 .text.taskingTest
                0x00000000       0x15 ..\..\object_files\user\other_userprogs/test.c.o
 .eh_frame      0x00000000      0x218 ..\..\object_files\user\other_userprogs/test.c.o
 .text          0x00000000        0x0 ..\stdlibc\stdlibc.a(stdio.o)
 .data          0x00000000        0x0 ..\stdlibc\stdlibc.a(stdio.o)
 .bss           0x00000000        0x0 ..\stdlibc\stdlibc.a(stdio.o)
 .text.remove   0x00000000       0x14 ..\stdlibc\stdlibc.a(stdio.o)
 .text.rename   0x00000000       0x16 ..\stdlibc\stdlibc.a(stdio.o)
 .text.putc     0x00000000        0xe ..\stdlibc\stdlibc.a(stdio.o)
 .text.getc     0x00000000        0x5 ..\stdlibc\stdlibc.a(stdio.o)
 .text.fgets    0x00000000       0x62 ..\stdlibc\stdlibc.a(stdio.o)
 .text.fputs    0x00000000       0x4a ..\stdlibc\stdlibc.a(stdio.o)
 .text.gets_s   0x00000000       0xb8 ..\stdlibc\stdlibc.a(stdio.o)
 .text.puts     0x00000000       0x48 ..\stdlibc\stdlibc.a(stdio.o)
 .text.vsprintf
                0x00000000      0x23b ..\stdlibc\stdlibc.a(stdio.o)
 .rodata.vsprintf
                0x00000000      0x154 ..\stdlibc\stdlibc.a(stdio.o)
 .text.sprintf  0x00000000       0x1c ..\stdlibc\stdlibc.a(stdio.o)
 .text.vsnprintf
                0x00000000      0x277 ..\stdlibc\stdlibc.a(stdio.o)
 .rodata.vsnprintf
                0x00000000      0x154 ..\stdlibc\stdlibc.a(stdio.o)
 .text.snprintf
                0x00000000       0x1d ..\stdlibc\stdlibc.a(stdio.o)
 .bss.stdout    0x00000000        0x4 ..\stdlibc\stdlibc.a(stdio.o)
 .bss.stdin     0x00000000        0x4 ..\stdlibc\stdlibc.a(stdio.o)
 .bss.stderr    0x00000000        0x4 ..\stdlibc\stdlibc.a(stdio.o)
 .eh_frame      0x00000000      0x520 ..\stdlibc\stdlibc.a(stdio.o)
 .text          0x00000000        0x0 ..\stdlibc\stdlibc.a(string.o)
 .data          0x00000000        0x0 ..\stdlibc\stdlibc.a(string.o)
 .bss           0x00000000        0x0 ..\stdlibc\stdlibc.a(string.o)
 .text.memchr   0x00000000       0x2f ..\stdlibc\stdlibc.a(string.o)
 .text.memcpy   0x00000000       0x22 ..\stdlibc\stdlibc.a(string.o)
 .text.memmove  0x00000000       0x5e ..\stdlibc\stdlibc.a(string.o)
 .text.memset   0x00000000       0x3a ..\stdlibc\stdlibc.a(string.o)
 .text.strcmp   0x00000000       0x3e ..\stdlibc\stdlibc.a(string.o)
 .text.strncmp  0x00000000       0x6a ..\stdlibc\stdlibc.a(string.o)
 .text.strcpy   0x00000000       0x23 ..\stdlibc\stdlibc.a(string.o)
 .text.strncpy  0x00000000       0x84 ..\stdlibc\stdlibc.a(string.o)
 .text.strcat   0x00000000       0x44 ..\stdlibc\stdlibc.a(string.o)
 .text.strncat  0x00000000       0x74 ..\stdlibc\stdlibc.a(string.o)
 .text.strchr   0x00000000       0x34 ..\stdlibc\stdlibc.a(string.o)
 .text.strrchr  0x00000000       0x89 ..\stdlibc\stdlibc.a(string.o)
 .text.strcspn  0x00000000       0x60 ..\stdlibc\stdlibc.a(string.o)
 .rodata.strerror.str1.1
                0x00000000       0x1a ..\stdlibc\stdlibc.a(string.o)
 .text.strerror
                0x00000000       0x26 ..\stdlibc\stdlibc.a(string.o)
 .text.strpbrk  0x00000000       0x4e ..\stdlibc\stdlibc.a(string.o)
 .text.strspn   0x00000000       0x5b ..\stdlibc\stdlibc.a(string.o)
 .text.strstr   0x00000000       0x6d ..\stdlibc\stdlibc.a(string.o)
 .text.strtok   0x00000000       0xc1 ..\stdlibc\stdlibc.a(string.o)
 .bss.last.1200
                0x00000000        0x4 ..\stdlibc\stdlibc.a(string.o)
 .eh_frame      0x00000000      0x39c ..\stdlibc\stdlibc.a(string.o)
 .text          0x00000000        0x0 ..\user_tools\prettylib.a(userlib.o)
 .data          0x00000000        0x0 ..\user_tools\prettylib.a(userlib.o)
 .bss           0x00000000        0x0 ..\user_tools\prettylib.a(userlib.o)
 .text.scrollInfoLine
                0x00000000       0x7c ..\user_tools\prettylib.a(userlib.o)
 .text.event_flush
                0x00000000       0x29 ..\user_tools\prettylib.a(userlib.o)
 .text.waitForTask
                0x00000000       0x16 ..\user_tools\prettylib.a(userlib.o)
 .text.iSetCursor
                0x00000000        0xf ..\user_tools\prettylib.a(userlib.o)
 .text.getCurrentSeconds
                0x00000000       0x18 ..\user_tools\prettylib.a(userlib.o)
 .text.strncicmp
                0x00000000       0x85 ..\user_tools\prettylib.a(userlib.o)
 .rodata.showInfo.str1.4
                0x00000000      0x1f5 ..\user_tools\prettylib.a(userlib.o)
 .text.showInfo
                0x00000000       0x44 ..\user_tools\prettylib.a(userlib.o)
 .text.stringToIP
                0x00000000       0xab ..\user_tools\prettylib.a(userlib.o)
 .text.squashPath
                0x00000000        0x6 ..\user_tools\prettylib.a(userlib.o)
 .rodata.changeWorkingDir.str1.1
                0x00000000       0x18 ..\user_tools\prettylib.a(userlib.o)
 .text.changeWorkingDir
                0x00000000      0x1dd ..\user_tools\prettylib.a(userlib.o)
 .text.getWorkingDir
                0x00000000       0x6c ..\user_tools\prettylib.a(userlib.o)
 .eh_frame      0x00000000      0x4b4 ..\user_tools\prettylib.a(userlib.o)
 .text          0x00000000        0x0 ..\user_tools\prettylib.a(syscalls.o)
 .data          0x00000000        0x0 ..\user_tools\prettylib.a(syscalls.o)
 .bss           0x00000000        0x0 ..\user_tools\prettylib.a(syscalls.o)
 .text.execute  0x00000000       0x1e ..\user_tools\prettylib.a(syscalls.o)
 .text.userHeap_create
                0x00000000       0x12 ..\user_tools\prettylib.a(syscalls.o)
 .text.userHeap_destroy
                0x00000000       0x12 ..\user_tools\prettylib.a(syscalls.o)
 .text.userHeap_alloc
                0x00000000       0x16 ..\user_tools\prettylib.a(syscalls.o)
 .text.userHeap_free
                0x00000000       0x16 ..\user_tools\prettylib.a(syscalls.o)
 .text.fseek    0x00000000       0x1a ..\user_tools\prettylib.a(syscalls.o)
 .text.fflush   0x00000000       0x12 ..\user_tools\prettylib.a(syscalls.o)
 .text.fmove    0x00000000       0x1a ..\user_tools\prettylib.a(syscalls.o)
 .text.partition_format
                0x00000000       0x1a ..\user_tools\prettylib.a(syscalls.o)
 .text.folderAccess
                0x00000000       0x16 ..\user_tools\prettylib.a(syscalls.o)
 .text.folderClose
                0x00000000       0x12 ..\user_tools\prettylib.a(syscalls.o)
 .text.ipc_fopen
                0x00000000       0x1a ..\user_tools\prettylib.a(syscalls.o)
 .text.ipc_getFolder
                0x00000000       0x1a ..\user_tools\prettylib.a(syscalls.o)
 .text.ipc_getString
                0x00000000       0x1a ..\user_tools\prettylib.a(syscalls.o)
 .text.ipc_setString
                0x00000000       0x16 ..\user_tools\prettylib.a(syscalls.o)
 .text.ipc_getInt
                0x00000000       0x16 ..\user_tools\prettylib.a(syscalls.o)
 .text.ipc_setInt
                0x00000000       0x1a ..\user_tools\prettylib.a(syscalls.o)
 .text.ipc_getDouble
                0x00000000       0x16 ..\user_tools\prettylib.a(syscalls.o)
 .text.ipc_setDouble
                0x00000000       0x16 ..\user_tools\prettylib.a(syscalls.o)
 .text.ipc_deleteKey
                0x00000000       0x12 ..\user_tools\prettylib.a(syscalls.o)
 .text.ipc_setAccess
                0x00000000       0x1a ..\user_tools\prettylib.a(syscalls.o)
 .text.ipc_setWorkingNode
                0x00000000       0x16 ..\user_tools\prettylib.a(syscalls.o)
 .text.event_enable
                0x00000000       0x20 ..\user_tools\prettylib.a(syscalls.o)
 .text.getCurrentMilliseconds
                0x00000000        0xc ..\user_tools\prettylib.a(syscalls.o)
 .text.systemControl
                0x00000000       0x12 ..\user_tools\prettylib.a(syscalls.o)
 .text.setScrollField
                0x00000000       0x17 ..\user_tools\prettylib.a(syscalls.o)
 .text.setCursor
                0x00000000       0x12 ..\user_tools\prettylib.a(syscalls.o)
 .text.getCursor
                0x00000000       0x12 ..\user_tools\prettylib.a(syscalls.o)
 .text.clearScreen
                0x00000000       0x13 ..\user_tools\prettylib.a(syscalls.o)
 .text.console_setProperties
                0x00000000       0x12 ..\user_tools\prettylib.a(syscalls.o)
 .text.refreshScreen
                0x00000000        0xc ..\user_tools\prettylib.a(syscalls.o)
 .text.keyPressed
                0x00000000       0x12 ..\user_tools\prettylib.a(syscalls.o)
 .text.mouseButtonPressed
                0x00000000       0x12 ..\user_tools\prettylib.a(syscalls.o)
 .text.getMousePosition
                0x00000000       0x12 ..\user_tools\prettylib.a(syscalls.o)
 .text.setMousePosition
                0x00000000       0x16 ..\user_tools\prettylib.a(syscalls.o)
 .text.beep     0x00000000       0x16 ..\user_tools\prettylib.a(syscalls.o)
 .text.tcp_connect
                0x00000000       0x16 ..\user_tools\prettylib.a(syscalls.o)
 .text.tcp_send
                0x00000000       0x1a ..\user_tools\prettylib.a(syscalls.o)
 .text.tcp_close
                0x00000000       0x12 ..\user_tools\prettylib.a(syscalls.o)
 .text.udp_send
                0x00000000       0x28 ..\user_tools\prettylib.a(syscalls.o)
 .text.udp_bind
                0x00000000       0x13 ..\user_tools\prettylib.a(syscalls.o)
 .text.udp_unbind
                0x00000000       0x13 ..\user_tools\prettylib.a(syscalls.o)
 .text.floppy_dir
                0x00000000       0x12 ..\user_tools\prettylib.a(syscalls.o)
 .text.printLine
                0x00000000       0x20 ..\user_tools\prettylib.a(syscalls.o)
 .eh_frame      0x00000000      0x64c ..\user_tools\prettylib.a(syscalls.o)

Memory Configuration

Name             Origin             Length             Attributes
*default*        0x00000000         0xffffffff

Linker script and memory map

LOAD ..\..\object_files\user\other_userprogs/test.c.o
LOAD ..\stdlibc\stdlibc.a
LOAD ..\user_tools\prettylib.a
                0x01400000                . = 0x1400000

.text           0x01400000      0xd6e
 *(.text*)
 .text.testFailed
                0x01400000       0x2d ..\..\object_files\user\other_userprogs/test.c.o
                0x01400000                testFailed
 *fill*         0x0140002d        0x3 
 .text.testPassed
                0x01400030       0x26 ..\..\object_files\user\other_userprogs/test.c.o
                0x01400030                testPassed
 *fill*         0x01400056        0xa 
 .text.ask      0x01400060       0x28 ..\..\object_files\user\other_userprogs/test.c.o
                0x01400060                ask
 *fill*         0x01400088        0x8 
 .text.fileTest
                0x01400090       0xbb ..\..\object_files\user\other_userprogs/test.c.o
                0x01400090                fileTest
 *fill*         0x0140014b        0x5 
 .text.networkTest
                0x01400150       0xbb ..\..\object_files\user\other_userprogs/test.c.o
                0x01400150                networkTest
 *fill*         0x0140020b        0x5 
 .text.startup.main
                0x01400210      0x181 ..\..\object_files\user\other_userprogs/test.c.o
                0x01400210                main
 *fill*         0x01400391        0xf 
 .text.fread    0x014003a0       0x40 ..\stdlibc\stdlibc.a(stdio.o)
                0x014003a0                fread
 .text.fwrite   0x014003e0       0x42 ..\stdlibc\stdlibc.a(stdio.o)
                0x014003e0                fwrite
 *fill*         0x01400422        0xe 
 .text.vprintf  0x01400430      0x34a ..\stdlibc\stdlibc.a(stdio.o)
                0x01400430                vprintf
 *fill*         0x0140077a        0x6 
 .text.printf   0x01400780       0x18 ..\stdlibc\stdlibc.a(stdio.o)
                0x01400780                printf
 *fill*         0x01400798        0x8 
 .text.memcmp   0x014007a0       0x58 ..\stdlibc\stdlibc.a(string.o)
                0x014007a0                memcmp
 *fill*         0x014007f8        0x8 
 .text.strlen   0x01400800       0x22 ..\stdlibc\stdlibc.a(string.o)
                0x01400800                strlen
 *fill*         0x01400822        0xe 
 .text.sleep    0x01400830       0x14 ..\user_tools\prettylib.a(userlib.o)
                0x01400830                sleep
 *fill*         0x01400844        0xc 
 .text.getchar  0x01400850       0x6a ..\user_tools\prettylib.a(userlib.o)
                0x01400850                getchar
 *fill*         0x014008ba        0x6 
 .text.reverse  0x014008c0       0x40 ..\user_tools\prettylib.a(userlib.o)
                0x014008c0                reverse
 .text.utoa     0x01400900       0x54 ..\user_tools\prettylib.a(userlib.o)
                0x01400900                utoa
 *fill*         0x01400954        0xc 
 .text.itoa     0x01400960       0x39 ..\user_tools\prettylib.a(userlib.o)
                0x01400960                itoa
 *fill*         0x01400999        0x7 
 .text.ftoa     0x014009a0      0x1c0 ..\user_tools\prettylib.a(userlib.o)
                0x014009a0                ftoa
 .text.i2hex    0x01400b60       0x48 ..\user_tools\prettylib.a(userlib.o)
                0x01400b60                i2hex
 *fill*         0x01400ba8        0x8 
 .text.exitProcess
                0x01400bb0        0xc ..\user_tools\prettylib.a(syscalls.o)
                0x01400bb0                exitProcess
 *fill*         0x01400bbc        0x4 
 .text.wait     0x01400bc0       0x1a ..\user_tools\prettylib.a(syscalls.o)
                0x01400bc0                wait
 *fill*         0x01400bda        0x6 
 .text.fopen    0x01400be0       0x16 ..\user_tools\prettylib.a(syscalls.o)
                0x01400be0                fopen
 *fill*         0x01400bf6        0xa 
 .text.fgetc    0x01400c00       0x12 ..\user_tools\prettylib.a(syscalls.o)
                0x01400c00                fgetc
 *fill*         0x01400c12        0xe 
 .text.fputc    0x01400c20       0x17 ..\user_tools\prettylib.a(syscalls.o)
                0x01400c20                fputc
 *fill*         0x01400c37        0x9 
 .text.fclose   0x01400c40       0x12 ..\user_tools\prettylib.a(syscalls.o)
                0x01400c40                fclose
 *fill*         0x01400c52        0xe 
 .text.waitForEvent
                0x01400c60       0x12 ..\user_tools\prettylib.a(syscalls.o)
                0x01400c60                waitForEvent
 *fill*         0x01400c72        0xe 
 .text.event_poll
                0x01400c80       0x1a ..\user_tools\prettylib.a(syscalls.o)
                0x01400c80                event_poll
 *fill*         0x01400c9a        0x6 
 .text.putchar  0x01400ca0       0x15 ..\user_tools\prettylib.a(syscalls.o)
                0x01400ca0                putchar
 *fill*         0x01400cb5        0xb 
 .text.textColor
                0x01400cc0       0x13 ..\user_tools\prettylib.a(syscalls.o)
                0x01400cc0                textColor
 *fill*         0x01400cd3        0xd 
 .text.dns_getServer
                0x01400ce0       0x12 ..\user_tools\prettylib.a(syscalls.o)
                0x01400ce0                dns_getServer
 *fill*         0x01400cf2        0xe 
 .text.dns_setServer
                0x01400d00       0x12 ..\user_tools\prettylib.a(syscalls.o)
                0x01400d00                dns_setServer
 *fill*         0x01400d12        0xe 
 .text.getMyIP  0x01400d20        0xc ..\user_tools\prettylib.a(syscalls.o)
                0x01400d20                getMyIP
 *fill*         0x01400d2c        0x4 
 .text          0x01400d30       0x3e ..\user_tools\prettylib.a(start.o)
                0x01400d30                _syscall
                0x01400d38                _start

.data           0x01400d6e        0x1
 *(.data*)
 .data.taskingTestRunning
                0x01400d6e        0x1 ..\..\object_files\user\other_userprogs/test.c.o
                0x01400d6e                taskingTestRunning

.rodata         0x01400d70      0x740
 *(.rodata*)
 .rodata.testFailed.str1.1
                0x01400d70        0xe ..\..\object_files\user\other_userprogs/test.c.o
 .rodata.testPassed.str1.1
                0x01400d7e        0xe ..\..\object_files\user\other_userprogs/test.c.o
 .rodata.fileTest.str1.1
                0x01400d8c       0x1e ..\..\object_files\user\other_userprogs/test.c.o
 *fill*         0x01400daa        0x2 
 .rodata.fileTest.str1.4
                0x01400dac       0xe6 ..\..\object_files\user\other_userprogs/test.c.o
 .rodata.networkTest.str1.1
                0x01400e92       0x43 ..\..\object_files\user\other_userprogs/test.c.o
 *fill*         0x01400ed5        0x3 
 .rodata.main.str1.4
                0x01400ed8      0x430 ..\..\object_files\user\other_userprogs/test.c.o
                                0x42f (size before relaxing)
 .rodata.main.str1.1
                0x01401308       0x3a ..\..\object_files\user\other_userprogs/test.c.o
 *fill*         0x01401342        0x2 
 .rodata.vprintf
                0x01401344      0x154 ..\stdlibc\stdlibc.a(stdio.o)
 .rodata.cst4   0x01401498       0x18 ..\user_tools\prettylib.a(userlib.o)

.bss            0x014014b0        0x5
 *(.bss*)
 .bss.failures  0x014014b0        0x4 ..\..\object_files\user\other_userprogs/test.c.o
                0x014014b0                failures
 .bss.enabledEvents
                0x014014b4        0x1 ..\user_tools\prettylib.a(userlib.o)
                0x014014b4                enabledEvents
OUTPUT(test.ELF elf32-i386)

.comment        0x00000000       0x11
 .comment       0x00000000       0x11 ..\..\object_files\user\other_userprogs/test.c.o
                                 0x12 (size before relaxing)
 .comment       0x00000011       0x12 ..\stdlibc\stdlibc.a(stdio.o)
 .comment       0x00000011       0x12 ..\stdlibc\stdlibc.a(string.o)
 .comment       0x00000011       0x12 ..\user_tools\prettylib.a(userlib.o)
 .comment       0x00000011       0x12 ..\user_tools\prettylib.a(syscalls.o)
