Archive member included to satisfy reference by file (symbol)

..\stdlibc\stdlibc.a(stdio.o)
                              ..\..\object_files\user\other_userprogs/showdns.c.o (gets_s)
..\stdlibc\stdlibc.a(string.o)
                              ..\stdlibc\stdlibc.a(stdio.o) (memcpy)
..\user_tools\prettylib.a(userlib.o)
                              ..\stdlibc\stdlibc.a(stdio.o) (getchar)
..\user_tools\prettylib.a(dns_help.o)
                              ..\..\object_files\user\other_userprogs/showdns.c.o (showDNSQuery)
..\user_tools\prettylib.a(dns.o)
                              ..\user_tools\prettylib.a(dns_help.o) (dns_createSimpleQuery)
..\user_tools\prettylib.a(syscalls.o)
                              ..\user_tools\prettylib.a(userlib.o) (wait)
..\user_tools\prettylib.a(start.o)
                              ..\user_tools\prettylib.a(syscalls.o) (_syscall)

Discarded input sections

 .text          0x00000000        0x0 ..\..\object_files\user\other_userprogs/showdns.c.o
 .data          0x00000000        0x0 ..\..\object_files\user\other_userprogs/showdns.c.o
 .bss           0x00000000        0x0 ..\..\object_files\user\other_userprogs/showdns.c.o
 .eh_frame      0x00000000       0x48 ..\..\object_files\user\other_userprogs/showdns.c.o
 .text          0x00000000        0x0 ..\stdlibc\stdlibc.a(stdio.o)
 .data          0x00000000        0x0 ..\stdlibc\stdlibc.a(stdio.o)
 .bss           0x00000000        0x0 ..\stdlibc\stdlibc.a(stdio.o)
 .text.remove   0x00000000       0x14 ..\stdlibc\stdlibc.a(stdio.o)
 .text.rename   0x00000000       0x16 ..\stdlibc\stdlibc.a(stdio.o)
 .text.putc     0x00000000        0xe ..\stdlibc\stdlibc.a(stdio.o)
 .text.getc     0x00000000        0x5 ..\stdlibc\stdlibc.a(stdio.o)
 .text.fgets    0x00000000       0x62 ..\stdlibc\stdlibc.a(stdio.o)
 .text.fputs    0x00000000       0x4a ..\stdlibc\stdlibc.a(stdio.o)
 .text.fread    0x00000000       0x40 ..\stdlibc\stdlibc.a(stdio.o)
 .text.fwrite   0x00000000       0x42 ..\stdlibc\stdlibc.a(stdio.o)
 .text.puts     0x00000000       0x48 ..\stdlibc\stdlibc.a(stdio.o)
 .text.vsprintf
                0x00000000      0x23b ..\stdlibc\stdlibc.a(stdio.o)
 .rodata.vsprintf
                0x00000000      0x154 ..\stdlibc\stdlibc.a(stdio.o)
 .text.sprintf  0x00000000       0x1c ..\stdlibc\stdlibc.a(stdio.o)
 .text.vsnprintf
                0x00000000      0x277 ..\stdlibc\stdlibc.a(stdio.o)
 .rodata.vsnprintf
                0x00000000      0x154 ..\stdlibc\stdlibc.a(stdio.o)
 .text.snprintf
                0x00000000       0x1d ..\stdlibc\stdlibc.a(stdio.o)
 .bss.stdout    0x00000000        0x4 ..\stdlibc\stdlibc.a(stdio.o)
 .bss.stdin     0x00000000        0x4 ..\stdlibc\stdlibc.a(stdio.o)
 .bss.stderr    0x00000000        0x4 ..\stdlibc\stdlibc.a(stdio.o)
 .eh_frame      0x00000000      0x520 ..\stdlibc\stdlibc.a(stdio.o)
 .text          0x00000000        0x0 ..\stdlibc\stdlibc.a(string.o)
 .data          0x00000000        0x0 ..\stdlibc\stdlibc.a(string.o)
 .bss           0x00000000        0x0 ..\stdlibc\stdlibc.a(string.o)
 .text.memchr   0x00000000       0x2f ..\stdlibc\stdlibc.a(string.o)
 .text.memcmp   0x00000000       0x58 ..\stdlibc\stdlibc.a(string.o)
 .text.memcpy   0x00000000       0x22 ..\stdlibc\stdlibc.a(string.o)
 .text.memmove  0x00000000       0x5e ..\stdlibc\stdlibc.a(string.o)
 .text.memset   0x00000000       0x3a ..\stdlibc\stdlibc.a(string.o)
 .text.strcmp   0x00000000       0x3e ..\stdlibc\stdlibc.a(string.o)
 .text.strncmp  0x00000000       0x6a ..\stdlibc\stdlibc.a(string.o)
 .text.strncpy  0x00000000       0x84 ..\stdlibc\stdlibc.a(string.o)
 .text.strcat   0x00000000       0x44 ..\stdlibc\stdlibc.a(string.o)
 .text.strncat  0x00000000       0x74 ..\stdlibc\stdlibc.a(string.o)
 .text.strrchr  0x00000000       0x89 ..\stdlibc\stdlibc.a(string.o)
 .text.strcspn  0x00000000       0x60 ..\stdlibc\stdlibc.a(string.o)
 .rodata.strerror.str1.1
                0x00000000       0x1a ..\stdlibc\stdlibc.a(string.o)
 .text.strerror
                0x00000000       0x26 ..\stdlibc\stdlibc.a(string.o)
 .text.strpbrk  0x00000000       0x4e ..\stdlibc\stdlibc.a(string.o)
 .text.strspn   0x00000000       0x5b ..\stdlibc\stdlibc.a(string.o)
 .text.strstr   0x00000000       0x6d ..\stdlibc\stdlibc.a(string.o)
 .text.strtok   0x00000000       0xc1 ..\stdlibc\stdlibc.a(string.o)
 .bss.last.1200
                0x00000000        0x4 ..\stdlibc\stdlibc.a(string.o)
 .eh_frame      0x00000000      0x39c ..\stdlibc\stdlibc.a(string.o)
 .text          0x00000000        0x0 ..\user_tools\prettylib.a(userlib.o)
 .data          0x00000000        0x0 ..\user_tools\prettylib.a(userlib.o)
 .bss           0x00000000        0x0 ..\user_tools\prettylib.a(userlib.o)
 .text.scrollInfoLine
                0x00000000       0x7c ..\user_tools\prettylib.a(userlib.o)
 .text.event_flush
                0x00000000       0x29 ..\user_tools\prettylib.a(userlib.o)
 .text.sleep    0x00000000       0x14 ..\user_tools\prettylib.a(userlib.o)
 .text.waitForTask
                0x00000000       0x16 ..\user_tools\prettylib.a(userlib.o)
 .text.iSetCursor
                0x00000000        0xf ..\user_tools\prettylib.a(userlib.o)
 .text.getCurrentSeconds
                0x00000000       0x18 ..\user_tools\prettylib.a(userlib.o)
 .text.strncicmp
                0x00000000       0x85 ..\user_tools\prettylib.a(userlib.o)
 .rodata.showInfo.str1.4
                0x00000000      0x1f5 ..\user_tools\prettylib.a(userlib.o)
 .text.showInfo
                0x00000000       0x44 ..\user_tools\prettylib.a(userlib.o)
 .text.stringToIP
                0x00000000       0xab ..\user_tools\prettylib.a(userlib.o)
 .text.squashPath
                0x00000000        0x6 ..\user_tools\prettylib.a(userlib.o)
 .rodata.changeWorkingDir.str1.1
                0x00000000       0x18 ..\user_tools\prettylib.a(userlib.o)
 .text.changeWorkingDir
                0x00000000      0x1dd ..\user_tools\prettylib.a(userlib.o)
 .text.getWorkingDir
                0x00000000       0x6c ..\user_tools\prettylib.a(userlib.o)
 .eh_frame      0x00000000      0x4b4 ..\user_tools\prettylib.a(userlib.o)
 .text          0x00000000        0x0 ..\user_tools\prettylib.a(dns_help.o)
 .data          0x00000000        0x0 ..\user_tools\prettylib.a(dns_help.o)
 .bss           0x00000000        0x0 ..\user_tools\prettylib.a(dns_help.o)
 .text.getAddrByName
                0x00000000      0x1d0 ..\user_tools\prettylib.a(dns_help.o)
 .text.printDNSQuestion
                0x00000000       0x26 ..\user_tools\prettylib.a(dns_help.o)
 .text.printDNSResource
                0x00000000       0x34 ..\user_tools\prettylib.a(dns_help.o)
 .eh_frame      0x00000000      0x308 ..\user_tools\prettylib.a(dns_help.o)
 .text          0x00000000        0x0 ..\user_tools\prettylib.a(dns.o)
 .data          0x00000000        0x0 ..\user_tools\prettylib.a(dns.o)
 .bss           0x00000000        0x0 ..\user_tools\prettylib.a(dns.o)
 .text.dns_writeHeaderToBuffer
                0x00000000       0x60 ..\user_tools\prettylib.a(dns.o)
 .text.dns_createSimpleQueryBuffer
                0x00000000       0x2a ..\user_tools\prettylib.a(dns.o)
 .eh_frame      0x00000000      0x2b8 ..\user_tools\prettylib.a(dns.o)
 .text          0x00000000        0x0 ..\user_tools\prettylib.a(syscalls.o)
 .data          0x00000000        0x0 ..\user_tools\prettylib.a(syscalls.o)
 .bss           0x00000000        0x0 ..\user_tools\prettylib.a(syscalls.o)
 .text.execute  0x00000000       0x1e ..\user_tools\prettylib.a(syscalls.o)
 .text.wait     0x00000000       0x1a ..\user_tools\prettylib.a(syscalls.o)
 .text.userHeap_create
                0x00000000       0x12 ..\user_tools\prettylib.a(syscalls.o)
 .text.userHeap_destroy
                0x00000000       0x12 ..\user_tools\prettylib.a(syscalls.o)
 .text.userHeap_alloc
                0x00000000       0x16 ..\user_tools\prettylib.a(syscalls.o)
 .text.userHeap_free
                0x00000000       0x16 ..\user_tools\prettylib.a(syscalls.o)
 .text.fopen    0x00000000       0x16 ..\user_tools\prettylib.a(syscalls.o)
 .text.fgetc    0x00000000       0x12 ..\user_tools\prettylib.a(syscalls.o)
 .text.fputc    0x00000000       0x17 ..\user_tools\prettylib.a(syscalls.o)
 .text.fseek    0x00000000       0x1a ..\user_tools\prettylib.a(syscalls.o)
 .text.fflush   0x00000000       0x12 ..\user_tools\prettylib.a(syscalls.o)
 .text.fmove    0x00000000       0x1a ..\user_tools\prettylib.a(syscalls.o)
 .text.fclose   0x00000000       0x12 ..\user_tools\prettylib.a(syscalls.o)
 .text.partition_format
                0x00000000       0x1a ..\user_tools\prettylib.a(syscalls.o)
 .text.folderAccess
                0x00000000       0x16 ..\user_tools\prettylib.a(syscalls.o)
 .text.folderClose
                0x00000000       0x12 ..\user_tools\prettylib.a(syscalls.o)
 .text.ipc_fopen
                0x00000000       0x1a ..\user_tools\prettylib.a(syscalls.o)
 .text.ipc_getFolder
                0x00000000       0x1a ..\user_tools\prettylib.a(syscalls.o)
 .text.ipc_getString
                0x00000000       0x1a ..\user_tools\prettylib.a(syscalls.o)
 .text.ipc_setString
                0x00000000       0x16 ..\user_tools\prettylib.a(syscalls.o)
 .text.ipc_getInt
                0x00000000       0x16 ..\user_tools\prettylib.a(syscalls.o)
 .text.ipc_setInt
                0x00000000       0x1a ..\user_tools\prettylib.a(syscalls.o)
 .text.ipc_getDouble
                0x00000000       0x16 ..\user_tools\prettylib.a(syscalls.o)
 .text.ipc_setDouble
                0x00000000       0x16 ..\user_tools\prettylib.a(syscalls.o)
 .text.ipc_deleteKey
                0x00000000       0x12 ..\user_tools\prettylib.a(syscalls.o)
 .text.ipc_setAccess
                0x00000000       0x1a ..\user_tools\prettylib.a(syscalls.o)
 .text.ipc_setWorkingNode
                0x00000000       0x16 ..\user_tools\prettylib.a(syscalls.o)
 .text.getCurrentMilliseconds
                0x00000000        0xc ..\user_tools\prettylib.a(syscalls.o)
 .text.systemControl
                0x00000000       0x12 ..\user_tools\prettylib.a(syscalls.o)
 .text.textColor
                0x00000000       0x13 ..\user_tools\prettylib.a(syscalls.o)
 .text.setScrollField
                0x00000000       0x17 ..\user_tools\prettylib.a(syscalls.o)
 .text.setCursor
                0x00000000       0x12 ..\user_tools\prettylib.a(syscalls.o)
 .text.getCursor
                0x00000000       0x12 ..\user_tools\prettylib.a(syscalls.o)
 .text.clearScreen
                0x00000000       0x13 ..\user_tools\prettylib.a(syscalls.o)
 .text.console_setProperties
                0x00000000       0x12 ..\user_tools\prettylib.a(syscalls.o)
 .text.refreshScreen
                0x00000000        0xc ..\user_tools\prettylib.a(syscalls.o)
 .text.keyPressed
                0x00000000       0x12 ..\user_tools\prettylib.a(syscalls.o)
 .text.mouseButtonPressed
                0x00000000       0x12 ..\user_tools\prettylib.a(syscalls.o)
 .text.getMousePosition
                0x00000000       0x12 ..\user_tools\prettylib.a(syscalls.o)
 .text.setMousePosition
                0x00000000       0x16 ..\user_tools\prettylib.a(syscalls.o)
 .text.beep     0x00000000       0x16 ..\user_tools\prettylib.a(syscalls.o)
 .text.dns_setServer
                0x00000000       0x12 ..\user_tools\prettylib.a(syscalls.o)
 .text.tcp_connect
                0x00000000       0x16 ..\user_tools\prettylib.a(syscalls.o)
 .text.tcp_send
                0x00000000       0x1a ..\user_tools\prettylib.a(syscalls.o)
 .text.tcp_close
                0x00000000       0x12 ..\user_tools\prettylib.a(syscalls.o)
 .text.getMyIP  0x00000000        0xc ..\user_tools\prettylib.a(syscalls.o)
 .text.floppy_dir
                0x00000000       0x12 ..\user_tools\prettylib.a(syscalls.o)
 .text.printLine
                0x00000000       0x20 ..\user_tools\prettylib.a(syscalls.o)
 .eh_frame      0x00000000      0x64c ..\user_tools\prettylib.a(syscalls.o)

Memory Configuration

Name             Origin             Length             Attributes
*default*        0x00000000         0xffffffff

Linker script and memory map

LOAD ..\..\object_files\user\other_userprogs/showdns.c.o
LOAD ..\stdlibc\stdlibc.a
LOAD ..\user_tools\prettylib.a
                0x01400000                . = 0x1400000

.text           0x01400000     0x127e
 *(.text*)
 .text.startup.main
                0x01400000       0x5a ..\..\object_files\user\other_userprogs/showdns.c.o
                0x01400000                main
 *fill*         0x0140005a        0x6 
 .text.gets_s   0x01400060       0xb8 ..\stdlibc\stdlibc.a(stdio.o)
                0x01400060                gets_s
 *fill*         0x01400118        0x8 
 .text.vprintf  0x01400120      0x34a ..\stdlibc\stdlibc.a(stdio.o)
                0x01400120                vprintf
 *fill*         0x0140046a        0x6 
 .text.printf   0x01400470       0x18 ..\stdlibc\stdlibc.a(stdio.o)
                0x01400470                printf
 *fill*         0x01400488        0x8 
 .text.strlen   0x01400490       0x22 ..\stdlibc\stdlibc.a(string.o)
                0x01400490                strlen
 *fill*         0x014004b2        0xe 
 .text.strcpy   0x014004c0       0x23 ..\stdlibc\stdlibc.a(string.o)
                0x014004c0                strcpy
 *fill*         0x014004e3        0xd 
 .text.strchr   0x014004f0       0x34 ..\stdlibc\stdlibc.a(string.o)
                0x014004f0                strchr
 *fill*         0x01400524        0xc 
 .text.getchar  0x01400530       0x6a ..\user_tools\prettylib.a(userlib.o)
                0x01400530                getchar
 *fill*         0x0140059a        0x6 
 .text.reverse  0x014005a0       0x40 ..\user_tools\prettylib.a(userlib.o)
                0x014005a0                reverse
 .text.utoa     0x014005e0       0x54 ..\user_tools\prettylib.a(userlib.o)
                0x014005e0                utoa
 *fill*         0x01400634        0xc 
 .text.itoa     0x01400640       0x39 ..\user_tools\prettylib.a(userlib.o)
                0x01400640                itoa
 *fill*         0x01400679        0x7 
 .text.ftoa     0x01400680      0x1c0 ..\user_tools\prettylib.a(userlib.o)
                0x01400680                ftoa
 .text.i2hex    0x01400840       0x48 ..\user_tools\prettylib.a(userlib.o)
                0x01400840                i2hex
 *fill*         0x01400888        0x8 
 .text.printDNSHeader
                0x01400890       0x32 ..\user_tools\prettylib.a(dns_help.o)
                0x01400890                printDNSHeader
 *fill*         0x014008c2        0xe 
 .text.showDNSQuery
                0x014008d0      0x344 ..\user_tools\prettylib.a(dns_help.o)
                0x014008d0                showDNSQuery
 *fill*         0x01400c14        0xc 
 .text.dns_fillHeaderWithFlags
                0x01400c20       0x6d ..\user_tools\prettylib.a(dns.o)
                0x01400c20                dns_fillHeaderWithFlags
 *fill*         0x01400c8d        0x3 
 .text.dns_writeQuestionToBuffer
                0x01400c90       0xca ..\user_tools\prettylib.a(dns.o)
                0x01400c90                dns_writeQuestionToBuffer
 *fill*         0x01400d5a        0x6 
 .text.dns_createSimpleQueryBuffer.part.1
                0x01400d60       0x67 ..\user_tools\prettylib.a(dns.o)
 *fill*         0x01400dc7        0x9 
 .text.dns_createSimpleQuery
                0x01400dd0       0xe3 ..\user_tools\prettylib.a(dns.o)
                0x01400dd0                dns_createSimpleQuery
 *fill*         0x01400eb3        0xd 
 .text.dns_parseHeader
                0x01400ec0       0x53 ..\user_tools\prettylib.a(dns.o)
                0x01400ec0                dns_parseHeader
 *fill*         0x01400f13        0xd 
 .text.dns_parseName
                0x01400f20      0x100 ..\user_tools\prettylib.a(dns.o)
                0x01400f20                dns_parseName
 .text.dns_parseQuestion
                0x01401020       0x66 ..\user_tools\prettylib.a(dns.o)
                0x01401020                dns_parseQuestion
 *fill*         0x01401086        0xa 
 .text.dns_parseResource
                0x01401090       0x86 ..\user_tools\prettylib.a(dns.o)
                0x01401090                dns_parseResource
 *fill*         0x01401116        0xa 
 .text.exitProcess
                0x01401120        0xc ..\user_tools\prettylib.a(syscalls.o)
                0x01401120                exitProcess
 *fill*         0x0140112c        0x4 
 .text.waitForEvent
                0x01401130       0x12 ..\user_tools\prettylib.a(syscalls.o)
                0x01401130                waitForEvent
 *fill*         0x01401142        0xe 
 .text.event_enable
                0x01401150       0x20 ..\user_tools\prettylib.a(syscalls.o)
                0x01401150                event_enable
 .text.event_poll
                0x01401170       0x1a ..\user_tools\prettylib.a(syscalls.o)
                0x01401170                event_poll
 *fill*         0x0140118a        0x6 
 .text.putchar  0x01401190       0x15 ..\user_tools\prettylib.a(syscalls.o)
                0x01401190                putchar
 *fill*         0x014011a5        0xb 
 .text.dns_getServer
                0x014011b0       0x12 ..\user_tools\prettylib.a(syscalls.o)
                0x014011b0                dns_getServer
 *fill*         0x014011c2        0xe 
 .text.udp_send
                0x014011d0       0x28 ..\user_tools\prettylib.a(syscalls.o)
                0x014011d0                udp_send
 *fill*         0x014011f8        0x8 
 .text.udp_bind
                0x01401200       0x13 ..\user_tools\prettylib.a(syscalls.o)
                0x01401200                udp_bind
 *fill*         0x01401213        0xd 
 .text.udp_unbind
                0x01401220       0x13 ..\user_tools\prettylib.a(syscalls.o)
                0x01401220                udp_unbind
 *fill*         0x01401233        0xd 
 .text          0x01401240       0x3e ..\user_tools\prettylib.a(start.o)
                0x01401240                _syscall
                0x01401248                _start

.data
 *(.data*)

.rodata         0x01401280      0x2ac
 *(.rodata*)
 .rodata.main.str1.1
                0x01401280        0xb ..\..\object_files\user\other_userprogs/showdns.c.o
 *fill*         0x0140128b        0x1 
 .rodata.vprintf
                0x0140128c      0x154 ..\stdlibc\stdlibc.a(stdio.o)
 .rodata.cst4   0x014013e0       0x18 ..\user_tools\prettylib.a(userlib.o)
 .rodata.printDNSHeader.str1.4
                0x014013f8       0x4b ..\user_tools\prettylib.a(dns_help.o)
 .rodata.printDNSQuestion.str1.1
                0x01401443       0x1d ..\user_tools\prettylib.a(dns_help.o)
 .rodata.printDNSResource.str1.4
                0x01401460       0x34 ..\user_tools\prettylib.a(dns_help.o)
                                 0x33 (size before relaxing)
 .rodata.showDNSQuery.str1.1
                0x01401494       0x96 ..\user_tools\prettylib.a(dns_help.o)
 .rodata.dns_port
                0x0140152a        0x2 ..\user_tools\prettylib.a(dns.o)
                0x0140152a                dns_port

.bss            0x0140152c        0x1
 *(.bss*)
 .bss.enabledEvents
                0x0140152c        0x1 ..\user_tools\prettylib.a(userlib.o)
                0x0140152c                enabledEvents
OUTPUT(showdns.ELF elf32-i386)

.comment        0x00000000       0x11
 .comment       0x00000000       0x11 ..\..\object_files\user\other_userprogs/showdns.c.o
                                 0x12 (size before relaxing)
 .comment       0x00000011       0x12 ..\stdlibc\stdlibc.a(stdio.o)
 .comment       0x00000011       0x12 ..\stdlibc\stdlibc.a(string.o)
 .comment       0x00000011       0x12 ..\user_tools\prettylib.a(userlib.o)
 .comment       0x00000011       0x12 ..\user_tools\prettylib.a(dns_help.o)
 .comment       0x00000011       0x12 ..\user_tools\prettylib.a(dns.o)
 .comment       0x00000011       0x12 ..\user_tools\prettylib.a(syscalls.o)
