Archive member included to satisfy reference by file (symbol)

..\stdlibc\stdlibc.a(stdlib_strtonum.o)
                              ..\..\object_files\user\other_userprogs/calc.c.o (atoi)
..\stdlibc\stdlibc.a(math.o)  ..\..\object_files\user\other_userprogs/calc.c.o (pow)
..\stdlibc\stdlibc.a(stdio.o)
                              ..\..\object_files\user\other_userprogs/calc.c.o (gets_s)
..\stdlibc\stdlibc.a(string.o)
                              ..\..\object_files\user\other_userprogs/calc.c.o (memcpy)
..\stdlibc\stdlibc.a(ctype.o)
                              ..\..\object_files\user\other_userprogs/calc.c.o (isdigit)
..\user_tools\prettylib.a(userlib.o)
                              ..\..\object_files\user\other_userprogs/calc.c.o (iSetCursor)
..\user_tools\prettylib.a(syscalls.o)
                              ..\user_tools\prettylib.a(userlib.o) (wait)
..\user_tools\prettylib.a(start.o)
                              ..\user_tools\prettylib.a(syscalls.o) (_syscall)

Discarded input sections

 .text          0x00000000        0x0 ..\..\object_files\user\other_userprogs/calc.c.o
 .data          0x00000000        0x0 ..\..\object_files\user\other_userprogs/calc.c.o
 .bss           0x00000000        0x0 ..\..\object_files\user\other_userprogs/calc.c.o
 .eh_frame      0x00000000      0x200 ..\..\object_files\user\other_userprogs/calc.c.o
 .text          0x00000000        0x0 ..\stdlibc\stdlibc.a(stdlib_strtonum.o)
 .data          0x00000000        0x0 ..\stdlibc\stdlibc.a(stdlib_strtonum.o)
 .bss           0x00000000        0x0 ..\stdlibc\stdlibc.a(stdlib_strtonum.o)
 .text.atol     0x00000000       0x10 ..\stdlibc\stdlibc.a(stdlib_strtonum.o)
 .text.atoll    0x00000000       0x14 ..\stdlibc\stdlibc.a(stdlib_strtonum.o)
 .text.strtod   0x00000000      0x282 ..\stdlibc\stdlibc.a(stdlib_strtonum.o)
 .text.atof     0x00000000       0x12 ..\stdlibc\stdlibc.a(stdlib_strtonum.o)
 .text.strtof   0x00000000       0x1c ..\stdlibc\stdlibc.a(stdlib_strtonum.o)
 .text.strtol   0x00000000       0x26 ..\stdlibc\stdlibc.a(stdlib_strtonum.o)
 .text.strtoul  0x00000000      0x18c ..\stdlibc\stdlibc.a(stdlib_strtonum.o)
 .rodata.cst4   0x00000000        0x8 ..\stdlibc\stdlibc.a(stdlib_strtonum.o)
 .eh_frame      0x00000000      0x1a0 ..\stdlibc\stdlibc.a(stdlib_strtonum.o)
 .text          0x00000000        0x0 ..\stdlibc\stdlibc.a(math.o)
 .data          0x00000000        0x0 ..\stdlibc\stdlibc.a(math.o)
 .bss           0x00000000        0x0 ..\stdlibc\stdlibc.a(math.o)
 .text.abs      0x00000000        0xa ..\stdlibc\stdlibc.a(math.o)
 .text.fabs     0x00000000        0x7 ..\stdlibc\stdlibc.a(math.o)
 .text.ceil     0x00000000       0x22 ..\stdlibc\stdlibc.a(math.o)
 .text.floor    0x00000000       0x22 ..\stdlibc\stdlibc.a(math.o)
 .text.fmod     0x00000000       0x3f ..\stdlibc\stdlibc.a(math.o)
 .text.cos      0x00000000        0x7 ..\stdlibc\stdlibc.a(math.o)
 .text.sin      0x00000000        0x7 ..\stdlibc\stdlibc.a(math.o)
 .text.tan      0x00000000        0x9 ..\stdlibc\stdlibc.a(math.o)
 .text.cosh     0x00000000       0x4f ..\stdlibc\stdlibc.a(math.o)
 .text.sinh     0x00000000       0x4f ..\stdlibc\stdlibc.a(math.o)
 .text.tanh     0x00000000       0x3b ..\stdlibc\stdlibc.a(math.o)
 .text.acos     0x00000000       0x9c ..\stdlibc\stdlibc.a(math.o)
 .text.asin     0x00000000       0x8c ..\stdlibc\stdlibc.a(math.o)
 .text.atan     0x00000000        0x9 ..\stdlibc\stdlibc.a(math.o)
 .text.atan2    0x00000000        0xd ..\stdlibc\stdlibc.a(math.o)
 .text.acosh    0x00000000       0x6c ..\stdlibc\stdlibc.a(math.o)
 .text.asinh    0x00000000       0x4c ..\stdlibc\stdlibc.a(math.o)
 .text.atanh    0x00000000       0x4c ..\stdlibc\stdlibc.a(math.o)
 .text.sqrt     0x00000000       0x19 ..\stdlibc\stdlibc.a(math.o)
 .text.cbrt     0x00000000       0x46 ..\stdlibc\stdlibc.a(math.o)
 .text.hypot    0x00000000       0x1f ..\stdlibc\stdlibc.a(math.o)
 .text.exp2     0x00000000       0xd8 ..\stdlibc\stdlibc.a(math.o)
 .text.exp      0x00000000       0x8e ..\stdlibc\stdlibc.a(math.o)
 .text.expm1    0x00000000       0x9e ..\stdlibc\stdlibc.a(math.o)
 .text.frexp    0x00000000      0x14e ..\stdlibc\stdlibc.a(math.o)
 .text.ldexp    0x00000000       0x2b ..\stdlibc\stdlibc.a(math.o)
 .text.log      0x00000000       0x29 ..\stdlibc\stdlibc.a(math.o)
 .text.log1p    0x00000000       0x3c ..\stdlibc\stdlibc.a(math.o)
 .text.log2     0x00000000       0x4a ..\stdlibc\stdlibc.a(math.o)
 .text.log10    0x00000000       0x29 ..\stdlibc\stdlibc.a(math.o)
 .text.logb     0x00000000        0x5 ..\stdlibc\stdlibc.a(math.o)
 .text.ilogb    0x00000000       0x6a ..\stdlibc\stdlibc.a(math.o)
 .text.modf     0x00000000       0x3b ..\stdlibc\stdlibc.a(math.o)
 .text.copysign
                0x00000000       0x70 ..\stdlibc\stdlibc.a(math.o)
 .text.fdim     0x00000000       0x3c ..\stdlibc\stdlibc.a(math.o)
 .text.fmin     0x00000000       0x24 ..\stdlibc\stdlibc.a(math.o)
 .text.fmax     0x00000000       0x24 ..\stdlibc\stdlibc.a(math.o)
 .text.fma      0x00000000       0x19 ..\stdlibc\stdlibc.a(math.o)
 .rodata.cst8   0x00000000       0x10 ..\stdlibc\stdlibc.a(math.o)
 .rodata.cst16  0x00000000       0x10 ..\stdlibc\stdlibc.a(math.o)
 .eh_frame      0x00000000      0x424 ..\stdlibc\stdlibc.a(math.o)
 .text          0x00000000        0x0 ..\stdlibc\stdlibc.a(stdio.o)
 .data          0x00000000        0x0 ..\stdlibc\stdlibc.a(stdio.o)
 .bss           0x00000000        0x0 ..\stdlibc\stdlibc.a(stdio.o)
 .text.remove   0x00000000       0x14 ..\stdlibc\stdlibc.a(stdio.o)
 .text.rename   0x00000000       0x16 ..\stdlibc\stdlibc.a(stdio.o)
 .text.putc     0x00000000        0xe ..\stdlibc\stdlibc.a(stdio.o)
 .text.getc     0x00000000        0x5 ..\stdlibc\stdlibc.a(stdio.o)
 .text.fgets    0x00000000       0x62 ..\stdlibc\stdlibc.a(stdio.o)
 .text.fputs    0x00000000       0x4a ..\stdlibc\stdlibc.a(stdio.o)
 .text.fread    0x00000000       0x40 ..\stdlibc\stdlibc.a(stdio.o)
 .text.fwrite   0x00000000       0x42 ..\stdlibc\stdlibc.a(stdio.o)
 .text.vsprintf
                0x00000000      0x23b ..\stdlibc\stdlibc.a(stdio.o)
 .rodata.vsprintf
                0x00000000      0x154 ..\stdlibc\stdlibc.a(stdio.o)
 .text.sprintf  0x00000000       0x1c ..\stdlibc\stdlibc.a(stdio.o)
 .text.vsnprintf
                0x00000000      0x277 ..\stdlibc\stdlibc.a(stdio.o)
 .rodata.vsnprintf
                0x00000000      0x154 ..\stdlibc\stdlibc.a(stdio.o)
 .text.snprintf
                0x00000000       0x1d ..\stdlibc\stdlibc.a(stdio.o)
 .bss.stdout    0x00000000        0x4 ..\stdlibc\stdlibc.a(stdio.o)
 .bss.stdin     0x00000000        0x4 ..\stdlibc\stdlibc.a(stdio.o)
 .bss.stderr    0x00000000        0x4 ..\stdlibc\stdlibc.a(stdio.o)
 .eh_frame      0x00000000      0x520 ..\stdlibc\stdlibc.a(stdio.o)
 .text          0x00000000        0x0 ..\stdlibc\stdlibc.a(string.o)
 .data          0x00000000        0x0 ..\stdlibc\stdlibc.a(string.o)
 .bss           0x00000000        0x0 ..\stdlibc\stdlibc.a(string.o)
 .text.memchr   0x00000000       0x2f ..\stdlibc\stdlibc.a(string.o)
 .text.memcmp   0x00000000       0x58 ..\stdlibc\stdlibc.a(string.o)
 .text.memmove  0x00000000       0x5e ..\stdlibc\stdlibc.a(string.o)
 .text.memset   0x00000000       0x3a ..\stdlibc\stdlibc.a(string.o)
 .text.strcmp   0x00000000       0x3e ..\stdlibc\stdlibc.a(string.o)
 .text.strncat  0x00000000       0x74 ..\stdlibc\stdlibc.a(string.o)
 .text.strrchr  0x00000000       0x89 ..\stdlibc\stdlibc.a(string.o)
 .text.strcspn  0x00000000       0x60 ..\stdlibc\stdlibc.a(string.o)
 .rodata.strerror.str1.1
                0x00000000       0x1a ..\stdlibc\stdlibc.a(string.o)
 .text.strerror
                0x00000000       0x26 ..\stdlibc\stdlibc.a(string.o)
 .text.strpbrk  0x00000000       0x4e ..\stdlibc\stdlibc.a(string.o)
 .text.strspn   0x00000000       0x5b ..\stdlibc\stdlibc.a(string.o)
 .text.strstr   0x00000000       0x6d ..\stdlibc\stdlibc.a(string.o)
 .text.strtok   0x00000000       0xc1 ..\stdlibc\stdlibc.a(string.o)
 .bss.last.1200
                0x00000000        0x4 ..\stdlibc\stdlibc.a(string.o)
 .eh_frame      0x00000000      0x39c ..\stdlibc\stdlibc.a(string.o)
 .text          0x00000000        0x0 ..\stdlibc\stdlibc.a(ctype.o)
 .data          0x00000000        0x0 ..\stdlibc\stdlibc.a(ctype.o)
 .bss           0x00000000        0x0 ..\stdlibc\stdlibc.a(ctype.o)
 .text.isalnum  0x00000000       0x26 ..\stdlibc\stdlibc.a(ctype.o)
 .text.isalpha  0x00000000       0x14 ..\stdlibc\stdlibc.a(ctype.o)
 .text.isblank  0x00000000       0x16 ..\stdlibc\stdlibc.a(ctype.o)
 .text.iscntrl  0x00000000       0x16 ..\stdlibc\stdlibc.a(ctype.o)
 .text.isgraph  0x00000000       0x11 ..\stdlibc\stdlibc.a(ctype.o)
 .text.islower  0x00000000       0x11 ..\stdlibc\stdlibc.a(ctype.o)
 .text.isprint  0x00000000       0x11 ..\stdlibc\stdlibc.a(ctype.o)
 .text.ispunct  0x00000000       0x28 ..\stdlibc\stdlibc.a(ctype.o)
 .text.isupper  0x00000000       0x11 ..\stdlibc\stdlibc.a(ctype.o)
 .text.isxdigit
                0x00000000       0x21 ..\stdlibc\stdlibc.a(ctype.o)
 .text.tolower  0x00000000       0x11 ..\stdlibc\stdlibc.a(ctype.o)
 .text.toupper  0x00000000       0x11 ..\stdlibc\stdlibc.a(ctype.o)
 .eh_frame      0x00000000      0x130 ..\stdlibc\stdlibc.a(ctype.o)
 .text          0x00000000        0x0 ..\user_tools\prettylib.a(userlib.o)
 .data          0x00000000        0x0 ..\user_tools\prettylib.a(userlib.o)
 .bss           0x00000000        0x0 ..\user_tools\prettylib.a(userlib.o)
 .text.scrollInfoLine
                0x00000000       0x7c ..\user_tools\prettylib.a(userlib.o)
 .text.event_flush
                0x00000000       0x29 ..\user_tools\prettylib.a(userlib.o)
 .text.sleep    0x00000000       0x14 ..\user_tools\prettylib.a(userlib.o)
 .text.waitForTask
                0x00000000       0x16 ..\user_tools\prettylib.a(userlib.o)
 .text.getCurrentSeconds
                0x00000000       0x18 ..\user_tools\prettylib.a(userlib.o)
 .text.strncicmp
                0x00000000       0x85 ..\user_tools\prettylib.a(userlib.o)
 .rodata.showInfo.str1.4
                0x00000000      0x1f5 ..\user_tools\prettylib.a(userlib.o)
 .text.showInfo
                0x00000000       0x44 ..\user_tools\prettylib.a(userlib.o)
 .text.stringToIP
                0x00000000       0xab ..\user_tools\prettylib.a(userlib.o)
 .text.squashPath
                0x00000000        0x6 ..\user_tools\prettylib.a(userlib.o)
 .rodata.changeWorkingDir.str1.1
                0x00000000       0x18 ..\user_tools\prettylib.a(userlib.o)
 .text.changeWorkingDir
                0x00000000      0x1dd ..\user_tools\prettylib.a(userlib.o)
 .text.getWorkingDir
                0x00000000       0x6c ..\user_tools\prettylib.a(userlib.o)
 .eh_frame      0x00000000      0x4b4 ..\user_tools\prettylib.a(userlib.o)
 .text          0x00000000        0x0 ..\user_tools\prettylib.a(syscalls.o)
 .data          0x00000000        0x0 ..\user_tools\prettylib.a(syscalls.o)
 .bss           0x00000000        0x0 ..\user_tools\prettylib.a(syscalls.o)
 .text.execute  0x00000000       0x1e ..\user_tools\prettylib.a(syscalls.o)
 .text.wait     0x00000000       0x1a ..\user_tools\prettylib.a(syscalls.o)
 .text.userHeap_create
                0x00000000       0x12 ..\user_tools\prettylib.a(syscalls.o)
 .text.userHeap_destroy
                0x00000000       0x12 ..\user_tools\prettylib.a(syscalls.o)
 .text.userHeap_alloc
                0x00000000       0x16 ..\user_tools\prettylib.a(syscalls.o)
 .text.userHeap_free
                0x00000000       0x16 ..\user_tools\prettylib.a(syscalls.o)
 .text.fopen    0x00000000       0x16 ..\user_tools\prettylib.a(syscalls.o)
 .text.fgetc    0x00000000       0x12 ..\user_tools\prettylib.a(syscalls.o)
 .text.fputc    0x00000000       0x17 ..\user_tools\prettylib.a(syscalls.o)
 .text.fseek    0x00000000       0x1a ..\user_tools\prettylib.a(syscalls.o)
 .text.fflush   0x00000000       0x12 ..\user_tools\prettylib.a(syscalls.o)
 .text.fmove    0x00000000       0x1a ..\user_tools\prettylib.a(syscalls.o)
 .text.fclose   0x00000000       0x12 ..\user_tools\prettylib.a(syscalls.o)
 .text.partition_format
                0x00000000       0x1a ..\user_tools\prettylib.a(syscalls.o)
 .text.folderAccess
                0x00000000       0x16 ..\user_tools\prettylib.a(syscalls.o)
 .text.folderClose
                0x00000000       0x12 ..\user_tools\prettylib.a(syscalls.o)
 .text.ipc_fopen
                0x00000000       0x1a ..\user_tools\prettylib.a(syscalls.o)
 .text.ipc_getFolder
                0x00000000       0x1a ..\user_tools\prettylib.a(syscalls.o)
 .text.ipc_getString
                0x00000000       0x1a ..\user_tools\prettylib.a(syscalls.o)
 .text.ipc_setString
                0x00000000       0x16 ..\user_tools\prettylib.a(syscalls.o)
 .text.ipc_getInt
                0x00000000       0x16 ..\user_tools\prettylib.a(syscalls.o)
 .text.ipc_setInt
                0x00000000       0x1a ..\user_tools\prettylib.a(syscalls.o)
 .text.ipc_getDouble
                0x00000000       0x16 ..\user_tools\prettylib.a(syscalls.o)
 .text.ipc_setDouble
                0x00000000       0x16 ..\user_tools\prettylib.a(syscalls.o)
 .text.ipc_deleteKey
                0x00000000       0x12 ..\user_tools\prettylib.a(syscalls.o)
 .text.ipc_setAccess
                0x00000000       0x1a ..\user_tools\prettylib.a(syscalls.o)
 .text.ipc_setWorkingNode
                0x00000000       0x16 ..\user_tools\prettylib.a(syscalls.o)
 .text.event_enable
                0x00000000       0x20 ..\user_tools\prettylib.a(syscalls.o)
 .text.getCurrentMilliseconds
                0x00000000        0xc ..\user_tools\prettylib.a(syscalls.o)
 .text.systemControl
                0x00000000       0x12 ..\user_tools\prettylib.a(syscalls.o)
 .text.textColor
                0x00000000       0x13 ..\user_tools\prettylib.a(syscalls.o)
 .text.getCursor
                0x00000000       0x12 ..\user_tools\prettylib.a(syscalls.o)
 .text.clearScreen
                0x00000000       0x13 ..\user_tools\prettylib.a(syscalls.o)
 .text.console_setProperties
                0x00000000       0x12 ..\user_tools\prettylib.a(syscalls.o)
 .text.refreshScreen
                0x00000000        0xc ..\user_tools\prettylib.a(syscalls.o)
 .text.keyPressed
                0x00000000       0x12 ..\user_tools\prettylib.a(syscalls.o)
 .text.mouseButtonPressed
                0x00000000       0x12 ..\user_tools\prettylib.a(syscalls.o)
 .text.getMousePosition
                0x00000000       0x12 ..\user_tools\prettylib.a(syscalls.o)
 .text.setMousePosition
                0x00000000       0x16 ..\user_tools\prettylib.a(syscalls.o)
 .text.beep     0x00000000       0x16 ..\user_tools\prettylib.a(syscalls.o)
 .text.dns_getServer
                0x00000000       0x12 ..\user_tools\prettylib.a(syscalls.o)
 .text.dns_setServer
                0x00000000       0x12 ..\user_tools\prettylib.a(syscalls.o)
 .text.tcp_connect
                0x00000000       0x16 ..\user_tools\prettylib.a(syscalls.o)
 .text.tcp_send
                0x00000000       0x1a ..\user_tools\prettylib.a(syscalls.o)
 .text.tcp_close
                0x00000000       0x12 ..\user_tools\prettylib.a(syscalls.o)
 .text.udp_send
                0x00000000       0x28 ..\user_tools\prettylib.a(syscalls.o)
 .text.udp_bind
                0x00000000       0x13 ..\user_tools\prettylib.a(syscalls.o)
 .text.udp_unbind
                0x00000000       0x13 ..\user_tools\prettylib.a(syscalls.o)
 .text.getMyIP  0x00000000        0xc ..\user_tools\prettylib.a(syscalls.o)
 .text.floppy_dir
                0x00000000       0x12 ..\user_tools\prettylib.a(syscalls.o)
 .eh_frame      0x00000000      0x64c ..\user_tools\prettylib.a(syscalls.o)

Memory Configuration

Name             Origin             Length             Attributes
*default*        0x00000000         0xffffffff

Linker script and memory map

LOAD ..\..\object_files\user\other_userprogs/calc.c.o
LOAD ..\stdlibc\stdlibc.a
LOAD ..\user_tools\prettylib.a
                0x01400000                . = 0x1400000

.text           0x01400000     0x154e
 *(.text*)
 .text.replace  0x01400000       0x4a ..\..\object_files\user\other_userprogs/calc.c.o
 *fill*         0x0140004a        0x6 
 .text.getPrevNumber
                0x01400050       0xb9 ..\..\object_files\user\other_userprogs/calc.c.o
 *fill*         0x01400109        0x7 
 .text.getNextNumber
                0x01400110       0x55 ..\..\object_files\user\other_userprogs/calc.c.o
 *fill*         0x01400165        0xb 
 .text.getNextNumberPos
                0x01400170       0x50 ..\..\object_files\user\other_userprogs/calc.c.o
 .text.getPrevNumberPos
                0x014001c0       0x58 ..\..\object_files\user\other_userprogs/calc.c.o
 *fill*         0x01400218        0x8 
 .text.CalcTerm
                0x01400220      0x48b ..\..\object_files\user\other_userprogs/calc.c.o
 *fill*         0x014006ab        0x5 
 .text.startup.main
                0x014006b0       0xf1 ..\..\object_files\user\other_userprogs/calc.c.o
                0x014006b0                main
 *fill*         0x014007a1        0xf 
 .text.strtol.part.0
                0x014007b0      0x1a5 ..\stdlibc\stdlibc.a(stdlib_strtonum.o)
 *fill*         0x01400955        0xb 
 .text.atoi     0x01400960       0x10 ..\stdlibc\stdlibc.a(stdlib_strtonum.o)
                0x01400960                atoi
 .text.pow      0x01400970       0x7e ..\stdlibc\stdlibc.a(math.o)
                0x01400970                pow
 *fill*         0x014009ee        0x2 
 .text.gets_s   0x014009f0       0xb8 ..\stdlibc\stdlibc.a(stdio.o)
                0x014009f0                gets_s
 *fill*         0x01400aa8        0x8 
 .text.puts     0x01400ab0       0x48 ..\stdlibc\stdlibc.a(stdio.o)
                0x01400ab0                puts
 *fill*         0x01400af8        0x8 
 .text.vprintf  0x01400b00      0x34a ..\stdlibc\stdlibc.a(stdio.o)
                0x01400b00                vprintf
 *fill*         0x01400e4a        0x6 
 .text.printf   0x01400e50       0x18 ..\stdlibc\stdlibc.a(stdio.o)
                0x01400e50                printf
 *fill*         0x01400e68        0x8 
 .text.memcpy   0x01400e70       0x22 ..\stdlibc\stdlibc.a(string.o)
                0x01400e70                memcpy
 *fill*         0x01400e92        0xe 
 .text.strlen   0x01400ea0       0x22 ..\stdlibc\stdlibc.a(string.o)
                0x01400ea0                strlen
 *fill*         0x01400ec2        0xe 
 .text.strncmp  0x01400ed0       0x6a ..\stdlibc\stdlibc.a(string.o)
                0x01400ed0                strncmp
 *fill*         0x01400f3a        0x6 
 .text.strcpy   0x01400f40       0x23 ..\stdlibc\stdlibc.a(string.o)
                0x01400f40                strcpy
 *fill*         0x01400f63        0xd 
 .text.strncpy  0x01400f70       0x84 ..\stdlibc\stdlibc.a(string.o)
                0x01400f70                strncpy
 *fill*         0x01400ff4        0xc 
 .text.strcat   0x01401000       0x44 ..\stdlibc\stdlibc.a(string.o)
                0x01401000                strcat
 *fill*         0x01401044        0xc 
 .text.strchr   0x01401050       0x34 ..\stdlibc\stdlibc.a(string.o)
                0x01401050                strchr
 *fill*         0x01401084        0xc 
 .text.isdigit  0x01401090       0x11 ..\stdlibc\stdlibc.a(ctype.o)
                0x01401090                isdigit
 *fill*         0x014010a1        0xf 
 .text.isspace  0x014010b0       0x19 ..\stdlibc\stdlibc.a(ctype.o)
                0x014010b0                isspace
 *fill*         0x014010c9        0x7 
 .text.iSetCursor
                0x014010d0        0xf ..\user_tools\prettylib.a(userlib.o)
                0x014010d0                iSetCursor
 *fill*         0x014010df        0x1 
 .text.getchar  0x014010e0       0x6a ..\user_tools\prettylib.a(userlib.o)
                0x014010e0                getchar
 *fill*         0x0140114a        0x6 
 .text.reverse  0x01401150       0x40 ..\user_tools\prettylib.a(userlib.o)
                0x01401150                reverse
 .text.utoa     0x01401190       0x54 ..\user_tools\prettylib.a(userlib.o)
                0x01401190                utoa
 *fill*         0x014011e4        0xc 
 .text.itoa     0x014011f0       0x39 ..\user_tools\prettylib.a(userlib.o)
                0x014011f0                itoa
 *fill*         0x01401229        0x7 
 .text.ftoa     0x01401230      0x1c0 ..\user_tools\prettylib.a(userlib.o)
                0x01401230                ftoa
 .text.i2hex    0x014013f0       0x48 ..\user_tools\prettylib.a(userlib.o)
                0x014013f0                i2hex
 *fill*         0x01401438        0x8 
 .text.exitProcess
                0x01401440        0xc ..\user_tools\prettylib.a(syscalls.o)
                0x01401440                exitProcess
 *fill*         0x0140144c        0x4 
 .text.waitForEvent
                0x01401450       0x12 ..\user_tools\prettylib.a(syscalls.o)
                0x01401450                waitForEvent
 *fill*         0x01401462        0xe 
 .text.event_poll
                0x01401470       0x1a ..\user_tools\prettylib.a(syscalls.o)
                0x01401470                event_poll
 *fill*         0x0140148a        0x6 
 .text.putchar  0x01401490       0x15 ..\user_tools\prettylib.a(syscalls.o)
                0x01401490                putchar
 *fill*         0x014014a5        0xb 
 .text.setScrollField
                0x014014b0       0x17 ..\user_tools\prettylib.a(syscalls.o)
                0x014014b0                setScrollField
 *fill*         0x014014c7        0x9 
 .text.setCursor
                0x014014d0       0x12 ..\user_tools\prettylib.a(syscalls.o)
                0x014014d0                setCursor
 *fill*         0x014014e2        0xe 
 .text.printLine
                0x014014f0       0x20 ..\user_tools\prettylib.a(syscalls.o)
                0x014014f0                printLine
 .text          0x01401510       0x3e ..\user_tools\prettylib.a(start.o)
                0x01401510                _syscall
                0x01401518                _start

.data
 *(.data*)

.rodata         0x01401550      0x35c
 *(.rodata*)
 .rodata.CalcTerm.str1.1
                0x01401550       0x16 ..\..\object_files\user\other_userprogs/calc.c.o
 .rodata.main.str1.1
                0x01401566       0x10 ..\..\object_files\user\other_userprogs/calc.c.o
 *fill*         0x01401576        0x2 
 .rodata.main.str1.4
                0x01401578      0x1b4 ..\..\object_files\user\other_userprogs/calc.c.o
                                0x1b1 (size before relaxing)
 .rodata.cst4   0x0140172c       0x14 ..\stdlibc\stdlibc.a(math.o)
 .rodata.vprintf
                0x01401740      0x154 ..\stdlibc\stdlibc.a(stdio.o)
 .rodata.cst4   0x01401894       0x18 ..\user_tools\prettylib.a(userlib.o)

.bss            0x014018ac        0x1
 *(.bss*)
 .bss.enabledEvents
                0x014018ac        0x1 ..\user_tools\prettylib.a(userlib.o)
                0x014018ac                enabledEvents
OUTPUT(calc.ELF elf32-i386)

.comment        0x00000000       0x11
 .comment       0x00000000       0x11 ..\..\object_files\user\other_userprogs/calc.c.o
                                 0x12 (size before relaxing)
 .comment       0x00000011       0x12 ..\stdlibc\stdlibc.a(stdlib_strtonum.o)
 .comment       0x00000011       0x12 ..\stdlibc\stdlibc.a(math.o)
 .comment       0x00000011       0x12 ..\stdlibc\stdlibc.a(stdio.o)
 .comment       0x00000011       0x12 ..\stdlibc\stdlibc.a(string.o)
 .comment       0x00000011       0x12 ..\stdlibc\stdlibc.a(ctype.o)
 .comment       0x00000011       0x12 ..\user_tools\prettylib.a(userlib.o)
 .comment       0x00000011       0x12 ..\user_tools\prettylib.a(syscalls.o)
