Archive member included to satisfy reference by file (symbol)

..\user_tools\prettylib++.a(userlib_cpp.o)
                              ..\..\object_files\user\other_userprogs/editor.cpp.o (operator new[](unsigned long))
..\stdlibc\stdlibc.a(stdio.o)
                              ..\..\object_files\user\other_userprogs/editor.cpp.o (printf)
..\stdlibc\stdlibc.a(string.o)
                              ..\..\object_files\user\other_userprogs/editor.cpp.o (memcpy)
..\stdlibc\stdlibc.a(stdlib.o)
                              ..\user_tools\prettylib++.a(userlib_cpp.o) (malloc)
..\stdlibc\stdlibc.a(signal.o)
                              ..\stdlibc\stdlibc.a(stdlib.o) (raise)
..\user_tools\prettylib.a(userlib.o)
                              ..\..\object_files\user\other_userprogs/editor.cpp.o (iSetCursor)
..\user_tools\prettylib.a(syscalls.o)
                              ..\stdlibc\stdlibc.a(stdlib.o) (exitProcess)
..\user_tools\prettylib.a(start.o)
                              ..\user_tools\prettylib.a(syscalls.o) (_syscall)

Discarded input sections

 .group         0x00000000        0x8 ..\..\object_files\user\other_userprogs/editor.cpp.o
 .text          0x00000000        0x0 ..\..\object_files\user\other_userprogs/editor.cpp.o
 .data          0x00000000        0x0 ..\..\object_files\user\other_userprogs/editor.cpp.o
 .bss           0x00000000        0x0 ..\..\object_files\user\other_userprogs/editor.cpp.o
 .eh_frame      0x00000000      0x134 ..\..\object_files\user\other_userprogs/editor.cpp.o
 .text          0x00000000        0x0 ..\user_tools\prettylib++.a(userlib_cpp.o)
 .data          0x00000000        0x0 ..\user_tools\prettylib++.a(userlib_cpp.o)
 .bss           0x00000000        0x0 ..\user_tools\prettylib++.a(userlib_cpp.o)
 .text._Znwm    0x00000000        0x5 ..\user_tools\prettylib++.a(userlib_cpp.o)
 .text._ZdlPv   0x00000000        0x5 ..\user_tools\prettylib++.a(userlib_cpp.o)
 .eh_frame      0x00000000       0x68 ..\user_tools\prettylib++.a(userlib_cpp.o)
 .text          0x00000000        0x0 ..\stdlibc\stdlibc.a(stdio.o)
 .data          0x00000000        0x0 ..\stdlibc\stdlibc.a(stdio.o)
 .bss           0x00000000        0x0 ..\stdlibc\stdlibc.a(stdio.o)
 .text.remove   0x00000000       0x14 ..\stdlibc\stdlibc.a(stdio.o)
 .text.rename   0x00000000       0x16 ..\stdlibc\stdlibc.a(stdio.o)
 .text.putc     0x00000000        0xe ..\stdlibc\stdlibc.a(stdio.o)
 .text.getc     0x00000000        0x5 ..\stdlibc\stdlibc.a(stdio.o)
 .text.fgets    0x00000000       0x62 ..\stdlibc\stdlibc.a(stdio.o)
 .text.fputs    0x00000000       0x4a ..\stdlibc\stdlibc.a(stdio.o)
 .text.fread    0x00000000       0x40 ..\stdlibc\stdlibc.a(stdio.o)
 .text.fwrite   0x00000000       0x42 ..\stdlibc\stdlibc.a(stdio.o)
 .text.gets_s   0x00000000       0xb8 ..\stdlibc\stdlibc.a(stdio.o)
 .text.puts     0x00000000       0x48 ..\stdlibc\stdlibc.a(stdio.o)
 .text.vsprintf
                0x00000000      0x23b ..\stdlibc\stdlibc.a(stdio.o)
 .rodata.vsprintf
                0x00000000      0x154 ..\stdlibc\stdlibc.a(stdio.o)
 .text.sprintf  0x00000000       0x1c ..\stdlibc\stdlibc.a(stdio.o)
 .text.vsnprintf
                0x00000000      0x277 ..\stdlibc\stdlibc.a(stdio.o)
 .rodata.vsnprintf
                0x00000000      0x154 ..\stdlibc\stdlibc.a(stdio.o)
 .text.snprintf
                0x00000000       0x1d ..\stdlibc\stdlibc.a(stdio.o)
 .bss.stdout    0x00000000        0x4 ..\stdlibc\stdlibc.a(stdio.o)
 .bss.stdin     0x00000000        0x4 ..\stdlibc\stdlibc.a(stdio.o)
 .bss.stderr    0x00000000        0x4 ..\stdlibc\stdlibc.a(stdio.o)
 .eh_frame      0x00000000      0x520 ..\stdlibc\stdlibc.a(stdio.o)
 .text          0x00000000        0x0 ..\stdlibc\stdlibc.a(string.o)
 .data          0x00000000        0x0 ..\stdlibc\stdlibc.a(string.o)
 .bss           0x00000000        0x0 ..\stdlibc\stdlibc.a(string.o)
 .text.memchr   0x00000000       0x2f ..\stdlibc\stdlibc.a(string.o)
 .text.memcmp   0x00000000       0x58 ..\stdlibc\stdlibc.a(string.o)
 .text.memmove  0x00000000       0x5e ..\stdlibc\stdlibc.a(string.o)
 .text.memset   0x00000000       0x3a ..\stdlibc\stdlibc.a(string.o)
 .text.strncmp  0x00000000       0x6a ..\stdlibc\stdlibc.a(string.o)
 .text.strcpy   0x00000000       0x23 ..\stdlibc\stdlibc.a(string.o)
 .text.strncpy  0x00000000       0x84 ..\stdlibc\stdlibc.a(string.o)
 .text.strcat   0x00000000       0x44 ..\stdlibc\stdlibc.a(string.o)
 .text.strncat  0x00000000       0x74 ..\stdlibc\stdlibc.a(string.o)
 .text.strchr   0x00000000       0x34 ..\stdlibc\stdlibc.a(string.o)
 .text.strrchr  0x00000000       0x89 ..\stdlibc\stdlibc.a(string.o)
 .text.strcspn  0x00000000       0x60 ..\stdlibc\stdlibc.a(string.o)
 .rodata.strerror.str1.1
                0x00000000       0x1a ..\stdlibc\stdlibc.a(string.o)
 .text.strerror
                0x00000000       0x26 ..\stdlibc\stdlibc.a(string.o)
 .text.strpbrk  0x00000000       0x4e ..\stdlibc\stdlibc.a(string.o)
 .text.strspn   0x00000000       0x5b ..\stdlibc\stdlibc.a(string.o)
 .text.strstr   0x00000000       0x6d ..\stdlibc\stdlibc.a(string.o)
 .text.strtok   0x00000000       0xc1 ..\stdlibc\stdlibc.a(string.o)
 .bss.last.1200
                0x00000000        0x4 ..\stdlibc\stdlibc.a(string.o)
 .eh_frame      0x00000000      0x39c ..\stdlibc\stdlibc.a(string.o)
 .text          0x00000000        0x0 ..\stdlibc\stdlibc.a(stdlib.o)
 .data          0x00000000        0x0 ..\stdlibc\stdlibc.a(stdlib.o)
 .bss           0x00000000        0x0 ..\stdlibc\stdlibc.a(stdlib.o)
 .text.abort    0x00000000        0xe ..\stdlibc\stdlibc.a(stdlib.o)
 .text.exit     0x00000000       0x45 ..\stdlibc\stdlibc.a(stdlib.o)
 .text.quick_exit
                0x00000000       0x45 ..\stdlibc\stdlibc.a(stdlib.o)
 .text._Exit    0x00000000        0x5 ..\stdlibc\stdlibc.a(stdlib.o)
 .text.labs     0x00000000        0xa ..\stdlibc\stdlibc.a(stdlib.o)
 .text.llabs    0x00000000       0x22 ..\stdlibc\stdlibc.a(stdlib.o)
 .text.div      0x00000000       0x17 ..\stdlibc\stdlibc.a(stdlib.o)
 .text.ldiv     0x00000000       0x17 ..\stdlibc\stdlibc.a(stdlib.o)
 .text.lldiv    0x00000000       0x41 ..\stdlibc\stdlibc.a(stdlib.o)
 .text.srand    0x00000000        0xa ..\stdlibc\stdlibc.a(stdlib.o)
 .text.rand     0x00000000       0x1d ..\stdlibc\stdlibc.a(stdlib.o)
 .text.random   0x00000000       0x47 ..\stdlibc\stdlibc.a(stdlib.o)
 .text.atexit   0x00000000       0x8f ..\stdlibc\stdlibc.a(stdlib.o)
 .text.at_quick_exit
                0x00000000       0x8f ..\stdlibc\stdlibc.a(stdlib.o)
 .text.calloc   0x00000000       0x2a ..\stdlibc\stdlibc.a(stdlib.o)
 .text.getenv   0x00000000        0x3 ..\stdlibc\stdlibc.a(stdlib.o)
 .bss.size.1228
                0x00000000        0x4 ..\stdlibc\stdlibc.a(stdlib.o)
 .bss.num.1227  0x00000000        0x4 ..\stdlibc\stdlibc.a(stdlib.o)
 .bss.size.1221
                0x00000000        0x4 ..\stdlibc\stdlibc.a(stdlib.o)
 .bss.num.1220  0x00000000        0x4 ..\stdlibc\stdlibc.a(stdlib.o)
 .bss.seed      0x00000000        0x4 ..\stdlibc\stdlibc.a(stdlib.o)
 .bss._at_quick_exit_funcs
                0x00000000        0x4 ..\stdlibc\stdlibc.a(stdlib.o)
 .bss._atexit_funcs
                0x00000000        0x4 ..\stdlibc\stdlibc.a(stdlib.o)
 .rodata.cst4   0x00000000        0x4 ..\stdlibc\stdlibc.a(stdlib.o)
 .eh_frame      0x00000000      0x2a0 ..\stdlibc\stdlibc.a(stdlib.o)
 .text          0x00000000        0x0 ..\stdlibc\stdlibc.a(signal.o)
 .data          0x00000000        0x0 ..\stdlibc\stdlibc.a(signal.o)
 .bss           0x00000000        0x0 ..\stdlibc\stdlibc.a(signal.o)
 .text.dummy    0x00000000        0x2 ..\stdlibc\stdlibc.a(signal.o)
 .text.signal   0x00000000       0x2f ..\stdlibc\stdlibc.a(signal.o)
 .text.raise    0x00000000       0x27 ..\stdlibc\stdlibc.a(signal.o)
 .data.signal_defaults
                0x00000000       0x18 ..\stdlibc\stdlibc.a(signal.o)
 .data.signals  0x00000000       0x18 ..\stdlibc\stdlibc.a(signal.o)
 .data.SIG_IGN  0x00000000        0x4 ..\stdlibc\stdlibc.a(signal.o)
 .data.SIG_DFL  0x00000000        0x4 ..\stdlibc\stdlibc.a(signal.o)
 .comment       0x00000000       0x12 ..\stdlibc\stdlibc.a(signal.o)
 .eh_frame      0x00000000       0x64 ..\stdlibc\stdlibc.a(signal.o)
 .text          0x00000000        0x0 ..\user_tools\prettylib.a(userlib.o)
 .data          0x00000000        0x0 ..\user_tools\prettylib.a(userlib.o)
 .bss           0x00000000        0x0 ..\user_tools\prettylib.a(userlib.o)
 .text.scrollInfoLine
                0x00000000       0x7c ..\user_tools\prettylib.a(userlib.o)
 .text.event_flush
                0x00000000       0x29 ..\user_tools\prettylib.a(userlib.o)
 .text.sleep    0x00000000       0x14 ..\user_tools\prettylib.a(userlib.o)
 .text.waitForTask
                0x00000000       0x16 ..\user_tools\prettylib.a(userlib.o)
 .text.getchar  0x00000000       0x6a ..\user_tools\prettylib.a(userlib.o)
 .text.getCurrentSeconds
                0x00000000       0x18 ..\user_tools\prettylib.a(userlib.o)
 .text.strncicmp
                0x00000000       0x85 ..\user_tools\prettylib.a(userlib.o)
 .rodata.showInfo.str1.4
                0x00000000      0x1f5 ..\user_tools\prettylib.a(userlib.o)
 .text.showInfo
                0x00000000       0x44 ..\user_tools\prettylib.a(userlib.o)
 .text.stringToIP
                0x00000000       0xab ..\user_tools\prettylib.a(userlib.o)
 .text.squashPath
                0x00000000        0x6 ..\user_tools\prettylib.a(userlib.o)
 .rodata.changeWorkingDir.str1.1
                0x00000000       0x18 ..\user_tools\prettylib.a(userlib.o)
 .text.changeWorkingDir
                0x00000000      0x1dd ..\user_tools\prettylib.a(userlib.o)
 .text.getWorkingDir
                0x00000000       0x6c ..\user_tools\prettylib.a(userlib.o)
 .eh_frame      0x00000000      0x4b4 ..\user_tools\prettylib.a(userlib.o)
 .text          0x00000000        0x0 ..\user_tools\prettylib.a(syscalls.o)
 .data          0x00000000        0x0 ..\user_tools\prettylib.a(syscalls.o)
 .bss           0x00000000        0x0 ..\user_tools\prettylib.a(syscalls.o)
 .text.execute  0x00000000       0x1e ..\user_tools\prettylib.a(syscalls.o)
 .text.wait     0x00000000       0x1a ..\user_tools\prettylib.a(syscalls.o)
 .text.userHeap_destroy
                0x00000000       0x12 ..\user_tools\prettylib.a(syscalls.o)
 .text.fputc    0x00000000       0x17 ..\user_tools\prettylib.a(syscalls.o)
 .text.fseek    0x00000000       0x1a ..\user_tools\prettylib.a(syscalls.o)
 .text.fflush   0x00000000       0x12 ..\user_tools\prettylib.a(syscalls.o)
 .text.fmove    0x00000000       0x1a ..\user_tools\prettylib.a(syscalls.o)
 .text.partition_format
                0x00000000       0x1a ..\user_tools\prettylib.a(syscalls.o)
 .text.folderAccess
                0x00000000       0x16 ..\user_tools\prettylib.a(syscalls.o)
 .text.folderClose
                0x00000000       0x12 ..\user_tools\prettylib.a(syscalls.o)
 .text.ipc_fopen
                0x00000000       0x1a ..\user_tools\prettylib.a(syscalls.o)
 .text.ipc_getFolder
                0x00000000       0x1a ..\user_tools\prettylib.a(syscalls.o)
 .text.ipc_getString
                0x00000000       0x1a ..\user_tools\prettylib.a(syscalls.o)
 .text.ipc_setString
                0x00000000       0x16 ..\user_tools\prettylib.a(syscalls.o)
 .text.ipc_getInt
                0x00000000       0x16 ..\user_tools\prettylib.a(syscalls.o)
 .text.ipc_setInt
                0x00000000       0x1a ..\user_tools\prettylib.a(syscalls.o)
 .text.ipc_getDouble
                0x00000000       0x16 ..\user_tools\prettylib.a(syscalls.o)
 .text.ipc_setDouble
                0x00000000       0x16 ..\user_tools\prettylib.a(syscalls.o)
 .text.ipc_deleteKey
                0x00000000       0x12 ..\user_tools\prettylib.a(syscalls.o)
 .text.ipc_setAccess
                0x00000000       0x1a ..\user_tools\prettylib.a(syscalls.o)
 .text.ipc_setWorkingNode
                0x00000000       0x16 ..\user_tools\prettylib.a(syscalls.o)
 .text.getCurrentMilliseconds
                0x00000000        0xc ..\user_tools\prettylib.a(syscalls.o)
 .text.systemControl
                0x00000000       0x12 ..\user_tools\prettylib.a(syscalls.o)
 .text.textColor
                0x00000000       0x13 ..\user_tools\prettylib.a(syscalls.o)
 .text.getCursor
                0x00000000       0x12 ..\user_tools\prettylib.a(syscalls.o)
 .text.console_setProperties
                0x00000000       0x12 ..\user_tools\prettylib.a(syscalls.o)
 .text.refreshScreen
                0x00000000        0xc ..\user_tools\prettylib.a(syscalls.o)
 .text.keyPressed
                0x00000000       0x12 ..\user_tools\prettylib.a(syscalls.o)
 .text.mouseButtonPressed
                0x00000000       0x12 ..\user_tools\prettylib.a(syscalls.o)
 .text.getMousePosition
                0x00000000       0x12 ..\user_tools\prettylib.a(syscalls.o)
 .text.setMousePosition
                0x00000000       0x16 ..\user_tools\prettylib.a(syscalls.o)
 .text.beep     0x00000000       0x16 ..\user_tools\prettylib.a(syscalls.o)
 .text.dns_getServer
                0x00000000       0x12 ..\user_tools\prettylib.a(syscalls.o)
 .text.dns_setServer
                0x00000000       0x12 ..\user_tools\prettylib.a(syscalls.o)
 .text.tcp_connect
                0x00000000       0x16 ..\user_tools\prettylib.a(syscalls.o)
 .text.tcp_send
                0x00000000       0x1a ..\user_tools\prettylib.a(syscalls.o)
 .text.tcp_close
                0x00000000       0x12 ..\user_tools\prettylib.a(syscalls.o)
 .text.udp_send
                0x00000000       0x28 ..\user_tools\prettylib.a(syscalls.o)
 .text.udp_bind
                0x00000000       0x13 ..\user_tools\prettylib.a(syscalls.o)
 .text.udp_unbind
                0x00000000       0x13 ..\user_tools\prettylib.a(syscalls.o)
 .text.getMyIP  0x00000000        0xc ..\user_tools\prettylib.a(syscalls.o)
 .text.floppy_dir
                0x00000000       0x12 ..\user_tools\prettylib.a(syscalls.o)
 .eh_frame      0x00000000      0x64c ..\user_tools\prettylib.a(syscalls.o)

Memory Configuration

Name             Origin             Length             Attributes
*default*        0x00000000         0xffffffff

Linker script and memory map

LOAD ..\..\object_files\user\other_userprogs/editor.cpp.o
LOAD ..\user_tools\prettylib++.a
LOAD ..\stdlibc\stdlibc.a
LOAD ..\user_tools\prettylib.a
                0x01400000                . = 0x1400000

.text           0x01400000      0xd4e
 *(.text*)
 .text._ZN6Editor4openEPKcb
                0x01400000      0x1f7 ..\..\object_files\user\other_userprogs/editor.cpp.o
                0x01400000                Editor::open(char const*, bool)
 *fill*         0x014001f7        0x9 
 .text.startup.main
                0x01400200      0x1b0 ..\..\object_files\user\other_userprogs/editor.cpp.o
                0x01400200                main
 .text._Znam    0x014003b0        0x5 ..\user_tools\prettylib++.a(userlib_cpp.o)
                0x014003b0                operator new[](unsigned long)
 *fill*         0x014003b5        0xb 
 .text._ZdaPv   0x014003c0        0x5 ..\user_tools\prettylib++.a(userlib_cpp.o)
                0x014003c0                operator delete[](void*)
 *fill*         0x014003c5        0xb 
 .text.vprintf  0x014003d0      0x34a ..\stdlibc\stdlibc.a(stdio.o)
                0x014003d0                vprintf
 *fill*         0x0140071a        0x6 
 .text.printf   0x01400720       0x18 ..\stdlibc\stdlibc.a(stdio.o)
                0x01400720                printf
 *fill*         0x01400738        0x8 
 .text.memcpy   0x01400740       0x22 ..\stdlibc\stdlibc.a(string.o)
                0x01400740                memcpy
 *fill*         0x01400762        0xe 
 .text.strlen   0x01400770       0x22 ..\stdlibc\stdlibc.a(string.o)
                0x01400770                strlen
 *fill*         0x01400792        0xe 
 .text.strcmp   0x014007a0       0x3e ..\stdlibc\stdlibc.a(string.o)
                0x014007a0                strcmp
 *fill*         0x014007de        0x2 
 .text.malloc   0x014007e0       0x40 ..\stdlibc\stdlibc.a(stdlib.o)
                0x014007e0                malloc
 .text.free     0x01400820       0x16 ..\stdlibc\stdlibc.a(stdlib.o)
                0x01400820                free
 *fill*         0x01400836        0xa 
 .text.iSetCursor
                0x01400840        0xf ..\user_tools\prettylib.a(userlib.o)
                0x01400840                iSetCursor
 *fill*         0x0140084f        0x1 
 .text.reverse  0x01400850       0x40 ..\user_tools\prettylib.a(userlib.o)
                0x01400850                reverse
 .text.utoa     0x01400890       0x54 ..\user_tools\prettylib.a(userlib.o)
                0x01400890                utoa
 *fill*         0x014008e4        0xc 
 .text.itoa     0x014008f0       0x39 ..\user_tools\prettylib.a(userlib.o)
                0x014008f0                itoa
 *fill*         0x01400929        0x7 
 .text.ftoa     0x01400930      0x1c0 ..\user_tools\prettylib.a(userlib.o)
                0x01400930                ftoa
 .text.i2hex    0x01400af0       0x48 ..\user_tools\prettylib.a(userlib.o)
                0x01400af0                i2hex
 *fill*         0x01400b38        0x8 
 .text.exitProcess
                0x01400b40        0xc ..\user_tools\prettylib.a(syscalls.o)
                0x01400b40                exitProcess
 *fill*         0x01400b4c        0x4 
 .text.userHeap_create
                0x01400b50       0x12 ..\user_tools\prettylib.a(syscalls.o)
                0x01400b50                userHeap_create
 *fill*         0x01400b62        0xe 
 .text.userHeap_alloc
                0x01400b70       0x16 ..\user_tools\prettylib.a(syscalls.o)
                0x01400b70                userHeap_alloc
 *fill*         0x01400b86        0xa 
 .text.userHeap_free
                0x01400b90       0x16 ..\user_tools\prettylib.a(syscalls.o)
                0x01400b90                userHeap_free
 *fill*         0x01400ba6        0xa 
 .text.fopen    0x01400bb0       0x16 ..\user_tools\prettylib.a(syscalls.o)
                0x01400bb0                fopen
 *fill*         0x01400bc6        0xa 
 .text.fgetc    0x01400bd0       0x12 ..\user_tools\prettylib.a(syscalls.o)
                0x01400bd0                fgetc
 *fill*         0x01400be2        0xe 
 .text.fclose   0x01400bf0       0x12 ..\user_tools\prettylib.a(syscalls.o)
                0x01400bf0                fclose
 *fill*         0x01400c02        0xe 
 .text.waitForEvent
                0x01400c10       0x12 ..\user_tools\prettylib.a(syscalls.o)
                0x01400c10                waitForEvent
 *fill*         0x01400c22        0xe 
 .text.event_enable
                0x01400c30       0x20 ..\user_tools\prettylib.a(syscalls.o)
                0x01400c30                event_enable
 .text.event_poll
                0x01400c50       0x1a ..\user_tools\prettylib.a(syscalls.o)
                0x01400c50                event_poll
 *fill*         0x01400c6a        0x6 
 .text.putchar  0x01400c70       0x15 ..\user_tools\prettylib.a(syscalls.o)
                0x01400c70                putchar
 *fill*         0x01400c85        0xb 
 .text.setScrollField
                0x01400c90       0x17 ..\user_tools\prettylib.a(syscalls.o)
                0x01400c90                setScrollField
 *fill*         0x01400ca7        0x9 
 .text.setCursor
                0x01400cb0       0x12 ..\user_tools\prettylib.a(syscalls.o)
                0x01400cb0                setCursor
 *fill*         0x01400cc2        0xe 
 .text.clearScreen
                0x01400cd0       0x13 ..\user_tools\prettylib.a(syscalls.o)
                0x01400cd0                clearScreen
 *fill*         0x01400ce3        0xd 
 .text.printLine
                0x01400cf0       0x20 ..\user_tools\prettylib.a(syscalls.o)
                0x01400cf0                printLine
 .text          0x01400d10       0x3e ..\user_tools\prettylib.a(start.o)
                0x01400d10                _syscall
                0x01400d18                _start

.data
 *(.data*)

.rodata         0x01400d50      0x258
 *(.rodata*)
 .rodata._ZN6Editor4openEPKcb.str1.1
                0x01400d50        0xa ..\..\object_files\user\other_userprogs/editor.cpp.o
 *fill*         0x01400d5a        0x2 
 .rodata.main.str1.4
                0x01400d5c       0xd4 ..\..\object_files\user\other_userprogs/editor.cpp.o
                                 0xd1 (size before relaxing)
 .rodata.main.str1.1
                0x01400e30        0x9 ..\..\object_files\user\other_userprogs/editor.cpp.o
 *fill*         0x01400e39        0x3 
 .rodata.vprintf
                0x01400e3c      0x154 ..\stdlibc\stdlibc.a(stdio.o)
 .rodata.cst4   0x01400f90       0x18 ..\user_tools\prettylib.a(userlib.o)

.rel.dyn        0x01400fa8        0x0
 .rel.text.startup.main
                0x01400fa8        0x0 ..\..\object_files\user\other_userprogs/editor.cpp.o

.bss            0x01400fa8        0x5
 *(.bss*)
 .bss.defaultProcessHeap
                0x01400fa8        0x4 ..\stdlibc\stdlibc.a(stdlib.o)
 .bss.enabledEvents
                0x01400fac        0x1 ..\user_tools\prettylib.a(userlib.o)
                0x01400fac                enabledEvents
OUTPUT(editor.ELF elf32-i386)

.comment        0x00000000       0x11
 .comment       0x00000000       0x11 ..\..\object_files\user\other_userprogs/editor.cpp.o
                                 0x12 (size before relaxing)
 .comment       0x00000011       0x12 ..\user_tools\prettylib++.a(userlib_cpp.o)
 .comment       0x00000011       0x12 ..\stdlibc\stdlibc.a(stdio.o)
 .comment       0x00000011       0x12 ..\stdlibc\stdlibc.a(string.o)
 .comment       0x00000011       0x12 ..\stdlibc\stdlibc.a(stdlib.o)
 .comment       0x00000011       0x12 ..\user_tools\prettylib.a(userlib.o)
 .comment       0x00000011       0x12 ..\user_tools\prettylib.a(syscalls.o)
