Archive member included to satisfy reference by file (symbol)

..\stdlibc\stdlibc.a(stdlib_strtonum.o)
                              ..\..\object_files\user\other_userprogs/music.c.o (atoi)
..\stdlibc\stdlibc.a(stdio.o)
                              ..\..\object_files\user\other_userprogs/music.c.o (gets_s)
..\stdlibc\stdlibc.a(string.o)
                              ..\stdlibc\stdlibc.a(stdio.o) (memcpy)
..\stdlibc\stdlibc.a(ctype.o)
                              ..\stdlibc\stdlibc.a(stdlib_strtonum.o) (isspace)
..\user_tools\prettylib.a(userlib.o)
                              ..\..\object_files\user\other_userprogs/music.c.o (sleep)
..\user_tools\prettylib.a(syscalls.o)
                              ..\user_tools\prettylib.a(userlib.o) (wait)
..\user_tools\prettylib.a(start.o)
                              ..\user_tools\prettylib.a(syscalls.o) (_syscall)

Discarded input sections

 .text          0x00000000        0x0 ..\..\object_files\user\other_userprogs/music.c.o
 .data          0x00000000        0x0 ..\..\object_files\user\other_userprogs/music.c.o
 .bss           0x00000000        0x0 ..\..\object_files\user\other_userprogs/music.c.o
 .eh_frame      0x00000000       0xe0 ..\..\object_files\user\other_userprogs/music.c.o
 .text          0x00000000        0x0 ..\stdlibc\stdlibc.a(stdlib_strtonum.o)
 .data          0x00000000        0x0 ..\stdlibc\stdlibc.a(stdlib_strtonum.o)
 .bss           0x00000000        0x0 ..\stdlibc\stdlibc.a(stdlib_strtonum.o)
 .text.atol     0x00000000       0x10 ..\stdlibc\stdlibc.a(stdlib_strtonum.o)
 .text.atoll    0x00000000       0x14 ..\stdlibc\stdlibc.a(stdlib_strtonum.o)
 .text.strtod   0x00000000      0x282 ..\stdlibc\stdlibc.a(stdlib_strtonum.o)
 .text.atof     0x00000000       0x12 ..\stdlibc\stdlibc.a(stdlib_strtonum.o)
 .text.strtof   0x00000000       0x1c ..\stdlibc\stdlibc.a(stdlib_strtonum.o)
 .text.strtol   0x00000000       0x26 ..\stdlibc\stdlibc.a(stdlib_strtonum.o)
 .text.strtoul  0x00000000      0x18c ..\stdlibc\stdlibc.a(stdlib_strtonum.o)
 .rodata.cst4   0x00000000        0x8 ..\stdlibc\stdlibc.a(stdlib_strtonum.o)
 .eh_frame      0x00000000      0x1a0 ..\stdlibc\stdlibc.a(stdlib_strtonum.o)
 .text          0x00000000        0x0 ..\stdlibc\stdlibc.a(stdio.o)
 .data          0x00000000        0x0 ..\stdlibc\stdlibc.a(stdio.o)
 .bss           0x00000000        0x0 ..\stdlibc\stdlibc.a(stdio.o)
 .text.remove   0x00000000       0x14 ..\stdlibc\stdlibc.a(stdio.o)
 .text.rename   0x00000000       0x16 ..\stdlibc\stdlibc.a(stdio.o)
 .text.putc     0x00000000        0xe ..\stdlibc\stdlibc.a(stdio.o)
 .text.getc     0x00000000        0x5 ..\stdlibc\stdlibc.a(stdio.o)
 .text.fgets    0x00000000       0x62 ..\stdlibc\stdlibc.a(stdio.o)
 .text.fputs    0x00000000       0x4a ..\stdlibc\stdlibc.a(stdio.o)
 .text.fread    0x00000000       0x40 ..\stdlibc\stdlibc.a(stdio.o)
 .text.fwrite   0x00000000       0x42 ..\stdlibc\stdlibc.a(stdio.o)
 .text.vprintf  0x00000000      0x34a ..\stdlibc\stdlibc.a(stdio.o)
 .rodata.vprintf
                0x00000000      0x154 ..\stdlibc\stdlibc.a(stdio.o)
 .text.printf   0x00000000       0x18 ..\stdlibc\stdlibc.a(stdio.o)
 .text.vsprintf
                0x00000000      0x23b ..\stdlibc\stdlibc.a(stdio.o)
 .rodata.vsprintf
                0x00000000      0x154 ..\stdlibc\stdlibc.a(stdio.o)
 .text.sprintf  0x00000000       0x1c ..\stdlibc\stdlibc.a(stdio.o)
 .text.vsnprintf
                0x00000000      0x277 ..\stdlibc\stdlibc.a(stdio.o)
 .rodata.vsnprintf
                0x00000000      0x154 ..\stdlibc\stdlibc.a(stdio.o)
 .text.snprintf
                0x00000000       0x1d ..\stdlibc\stdlibc.a(stdio.o)
 .bss.stdout    0x00000000        0x4 ..\stdlibc\stdlibc.a(stdio.o)
 .bss.stdin     0x00000000        0x4 ..\stdlibc\stdlibc.a(stdio.o)
 .bss.stderr    0x00000000        0x4 ..\stdlibc\stdlibc.a(stdio.o)
 .eh_frame      0x00000000      0x520 ..\stdlibc\stdlibc.a(stdio.o)
 .text          0x00000000        0x0 ..\stdlibc\stdlibc.a(string.o)
 .data          0x00000000        0x0 ..\stdlibc\stdlibc.a(string.o)
 .bss           0x00000000        0x0 ..\stdlibc\stdlibc.a(string.o)
 .text.memchr   0x00000000       0x2f ..\stdlibc\stdlibc.a(string.o)
 .text.memcmp   0x00000000       0x58 ..\stdlibc\stdlibc.a(string.o)
 .text.memcpy   0x00000000       0x22 ..\stdlibc\stdlibc.a(string.o)
 .text.memmove  0x00000000       0x5e ..\stdlibc\stdlibc.a(string.o)
 .text.memset   0x00000000       0x3a ..\stdlibc\stdlibc.a(string.o)
 .text.strlen   0x00000000       0x22 ..\stdlibc\stdlibc.a(string.o)
 .text.strcmp   0x00000000       0x3e ..\stdlibc\stdlibc.a(string.o)
 .text.strncmp  0x00000000       0x6a ..\stdlibc\stdlibc.a(string.o)
 .text.strcpy   0x00000000       0x23 ..\stdlibc\stdlibc.a(string.o)
 .text.strncpy  0x00000000       0x84 ..\stdlibc\stdlibc.a(string.o)
 .text.strcat   0x00000000       0x44 ..\stdlibc\stdlibc.a(string.o)
 .text.strncat  0x00000000       0x74 ..\stdlibc\stdlibc.a(string.o)
 .text.strchr   0x00000000       0x34 ..\stdlibc\stdlibc.a(string.o)
 .text.strrchr  0x00000000       0x89 ..\stdlibc\stdlibc.a(string.o)
 .text.strcspn  0x00000000       0x60 ..\stdlibc\stdlibc.a(string.o)
 .rodata.strerror.str1.1
                0x00000000       0x1a ..\stdlibc\stdlibc.a(string.o)
 .text.strerror
                0x00000000       0x26 ..\stdlibc\stdlibc.a(string.o)
 .text.strpbrk  0x00000000       0x4e ..\stdlibc\stdlibc.a(string.o)
 .text.strspn   0x00000000       0x5b ..\stdlibc\stdlibc.a(string.o)
 .text.strtok   0x00000000       0xc1 ..\stdlibc\stdlibc.a(string.o)
 .bss.last.1200
                0x00000000        0x4 ..\stdlibc\stdlibc.a(string.o)
 .eh_frame      0x00000000      0x39c ..\stdlibc\stdlibc.a(string.o)
 .text          0x00000000        0x0 ..\stdlibc\stdlibc.a(ctype.o)
 .data          0x00000000        0x0 ..\stdlibc\stdlibc.a(ctype.o)
 .bss           0x00000000        0x0 ..\stdlibc\stdlibc.a(ctype.o)
 .text.isalnum  0x00000000       0x26 ..\stdlibc\stdlibc.a(ctype.o)
 .text.isalpha  0x00000000       0x14 ..\stdlibc\stdlibc.a(ctype.o)
 .text.isblank  0x00000000       0x16 ..\stdlibc\stdlibc.a(ctype.o)
 .text.iscntrl  0x00000000       0x16 ..\stdlibc\stdlibc.a(ctype.o)
 .text.isdigit  0x00000000       0x11 ..\stdlibc\stdlibc.a(ctype.o)
 .text.isgraph  0x00000000       0x11 ..\stdlibc\stdlibc.a(ctype.o)
 .text.islower  0x00000000       0x11 ..\stdlibc\stdlibc.a(ctype.o)
 .text.isprint  0x00000000       0x11 ..\stdlibc\stdlibc.a(ctype.o)
 .text.ispunct  0x00000000       0x28 ..\stdlibc\stdlibc.a(ctype.o)
 .text.isupper  0x00000000       0x11 ..\stdlibc\stdlibc.a(ctype.o)
 .text.isxdigit
                0x00000000       0x21 ..\stdlibc\stdlibc.a(ctype.o)
 .text.tolower  0x00000000       0x11 ..\stdlibc\stdlibc.a(ctype.o)
 .text.toupper  0x00000000       0x11 ..\stdlibc\stdlibc.a(ctype.o)
 .eh_frame      0x00000000      0x130 ..\stdlibc\stdlibc.a(ctype.o)
 .text          0x00000000        0x0 ..\user_tools\prettylib.a(userlib.o)
 .data          0x00000000        0x0 ..\user_tools\prettylib.a(userlib.o)
 .bss           0x00000000        0x0 ..\user_tools\prettylib.a(userlib.o)
 .text.scrollInfoLine
                0x00000000       0x7c ..\user_tools\prettylib.a(userlib.o)
 .text.event_flush
                0x00000000       0x29 ..\user_tools\prettylib.a(userlib.o)
 .text.waitForTask
                0x00000000       0x16 ..\user_tools\prettylib.a(userlib.o)
 .text.iSetCursor
                0x00000000        0xf ..\user_tools\prettylib.a(userlib.o)
 .text.getCurrentSeconds
                0x00000000       0x18 ..\user_tools\prettylib.a(userlib.o)
 .text.strncicmp
                0x00000000       0x85 ..\user_tools\prettylib.a(userlib.o)
 .text.reverse  0x00000000       0x40 ..\user_tools\prettylib.a(userlib.o)
 .text.utoa     0x00000000       0x54 ..\user_tools\prettylib.a(userlib.o)
 .text.itoa     0x00000000       0x39 ..\user_tools\prettylib.a(userlib.o)
 .text.ftoa     0x00000000      0x1c0 ..\user_tools\prettylib.a(userlib.o)
 .text.i2hex    0x00000000       0x48 ..\user_tools\prettylib.a(userlib.o)
 .rodata.showInfo.str1.4
                0x00000000      0x1f5 ..\user_tools\prettylib.a(userlib.o)
 .text.showInfo
                0x00000000       0x44 ..\user_tools\prettylib.a(userlib.o)
 .text.stringToIP
                0x00000000       0xab ..\user_tools\prettylib.a(userlib.o)
 .text.squashPath
                0x00000000        0x6 ..\user_tools\prettylib.a(userlib.o)
 .rodata.changeWorkingDir.str1.1
                0x00000000       0x18 ..\user_tools\prettylib.a(userlib.o)
 .text.changeWorkingDir
                0x00000000      0x1dd ..\user_tools\prettylib.a(userlib.o)
 .text.getWorkingDir
                0x00000000       0x6c ..\user_tools\prettylib.a(userlib.o)
 .rodata.cst4   0x00000000       0x18 ..\user_tools\prettylib.a(userlib.o)
 .eh_frame      0x00000000      0x4b4 ..\user_tools\prettylib.a(userlib.o)
 .text          0x00000000        0x0 ..\user_tools\prettylib.a(syscalls.o)
 .data          0x00000000        0x0 ..\user_tools\prettylib.a(syscalls.o)
 .bss           0x00000000        0x0 ..\user_tools\prettylib.a(syscalls.o)
 .text.execute  0x00000000       0x1e ..\user_tools\prettylib.a(syscalls.o)
 .text.userHeap_create
                0x00000000       0x12 ..\user_tools\prettylib.a(syscalls.o)
 .text.userHeap_destroy
                0x00000000       0x12 ..\user_tools\prettylib.a(syscalls.o)
 .text.userHeap_alloc
                0x00000000       0x16 ..\user_tools\prettylib.a(syscalls.o)
 .text.userHeap_free
                0x00000000       0x16 ..\user_tools\prettylib.a(syscalls.o)
 .text.fopen    0x00000000       0x16 ..\user_tools\prettylib.a(syscalls.o)
 .text.fgetc    0x00000000       0x12 ..\user_tools\prettylib.a(syscalls.o)
 .text.fputc    0x00000000       0x17 ..\user_tools\prettylib.a(syscalls.o)
 .text.fseek    0x00000000       0x1a ..\user_tools\prettylib.a(syscalls.o)
 .text.fflush   0x00000000       0x12 ..\user_tools\prettylib.a(syscalls.o)
 .text.fmove    0x00000000       0x1a ..\user_tools\prettylib.a(syscalls.o)
 .text.fclose   0x00000000       0x12 ..\user_tools\prettylib.a(syscalls.o)
 .text.partition_format
                0x00000000       0x1a ..\user_tools\prettylib.a(syscalls.o)
 .text.folderAccess
                0x00000000       0x16 ..\user_tools\prettylib.a(syscalls.o)
 .text.folderClose
                0x00000000       0x12 ..\user_tools\prettylib.a(syscalls.o)
 .text.ipc_fopen
                0x00000000       0x1a ..\user_tools\prettylib.a(syscalls.o)
 .text.ipc_getFolder
                0x00000000       0x1a ..\user_tools\prettylib.a(syscalls.o)
 .text.ipc_getString
                0x00000000       0x1a ..\user_tools\prettylib.a(syscalls.o)
 .text.ipc_setString
                0x00000000       0x16 ..\user_tools\prettylib.a(syscalls.o)
 .text.ipc_getInt
                0x00000000       0x16 ..\user_tools\prettylib.a(syscalls.o)
 .text.ipc_setInt
                0x00000000       0x1a ..\user_tools\prettylib.a(syscalls.o)
 .text.ipc_getDouble
                0x00000000       0x16 ..\user_tools\prettylib.a(syscalls.o)
 .text.ipc_setDouble
                0x00000000       0x16 ..\user_tools\prettylib.a(syscalls.o)
 .text.ipc_deleteKey
                0x00000000       0x12 ..\user_tools\prettylib.a(syscalls.o)
 .text.ipc_setAccess
                0x00000000       0x1a ..\user_tools\prettylib.a(syscalls.o)
 .text.ipc_setWorkingNode
                0x00000000       0x16 ..\user_tools\prettylib.a(syscalls.o)
 .text.event_enable
                0x00000000       0x20 ..\user_tools\prettylib.a(syscalls.o)
 .text.getCurrentMilliseconds
                0x00000000        0xc ..\user_tools\prettylib.a(syscalls.o)
 .text.systemControl
                0x00000000       0x12 ..\user_tools\prettylib.a(syscalls.o)
 .text.setScrollField
                0x00000000       0x17 ..\user_tools\prettylib.a(syscalls.o)
 .text.setCursor
                0x00000000       0x12 ..\user_tools\prettylib.a(syscalls.o)
 .text.getCursor
                0x00000000       0x12 ..\user_tools\prettylib.a(syscalls.o)
 .text.clearScreen
                0x00000000       0x13 ..\user_tools\prettylib.a(syscalls.o)
 .text.console_setProperties
                0x00000000       0x12 ..\user_tools\prettylib.a(syscalls.o)
 .text.refreshScreen
                0x00000000        0xc ..\user_tools\prettylib.a(syscalls.o)
 .text.keyPressed
                0x00000000       0x12 ..\user_tools\prettylib.a(syscalls.o)
 .text.mouseButtonPressed
                0x00000000       0x12 ..\user_tools\prettylib.a(syscalls.o)
 .text.getMousePosition
                0x00000000       0x12 ..\user_tools\prettylib.a(syscalls.o)
 .text.setMousePosition
                0x00000000       0x16 ..\user_tools\prettylib.a(syscalls.o)
 .text.dns_getServer
                0x00000000       0x12 ..\user_tools\prettylib.a(syscalls.o)
 .text.dns_setServer
                0x00000000       0x12 ..\user_tools\prettylib.a(syscalls.o)
 .text.tcp_connect
                0x00000000       0x16 ..\user_tools\prettylib.a(syscalls.o)
 .text.tcp_send
                0x00000000       0x1a ..\user_tools\prettylib.a(syscalls.o)
 .text.tcp_close
                0x00000000       0x12 ..\user_tools\prettylib.a(syscalls.o)
 .text.udp_send
                0x00000000       0x28 ..\user_tools\prettylib.a(syscalls.o)
 .text.udp_bind
                0x00000000       0x13 ..\user_tools\prettylib.a(syscalls.o)
 .text.udp_unbind
                0x00000000       0x13 ..\user_tools\prettylib.a(syscalls.o)
 .text.getMyIP  0x00000000        0xc ..\user_tools\prettylib.a(syscalls.o)
 .text.floppy_dir
                0x00000000       0x12 ..\user_tools\prettylib.a(syscalls.o)
 .text.printLine
                0x00000000       0x20 ..\user_tools\prettylib.a(syscalls.o)
 .eh_frame      0x00000000      0x64c ..\user_tools\prettylib.a(syscalls.o)

Memory Configuration

Name             Origin             Length             Attributes
*default*        0x00000000         0xffffffff

Linker script and memory map

LOAD ..\..\object_files\user\other_userprogs/music.c.o
LOAD ..\stdlibc\stdlibc.a
LOAD ..\user_tools\prettylib.a
                0x01400000                . = 0x1400000

.text           0x01400000      0x88e
 *(.text*)
 .text.PlayTone
                0x01400000       0x5c ..\..\object_files\user\other_userprogs/music.c.o
                0x01400000                PlayTone
 *fill*         0x0140005c        0x4 
 .text.Play     0x01400060      0x227 ..\..\object_files\user\other_userprogs/music.c.o
                0x01400060                Play
 *fill*         0x01400287        0x9 
 .text.startup.main
                0x01400290       0xf2 ..\..\object_files\user\other_userprogs/music.c.o
                0x01400290                main
 *fill*         0x01400382        0xe 
 .text.strtol.part.0
                0x01400390      0x1a5 ..\stdlibc\stdlibc.a(stdlib_strtonum.o)
 *fill*         0x01400535        0xb 
 .text.atoi     0x01400540       0x10 ..\stdlibc\stdlibc.a(stdlib_strtonum.o)
                0x01400540                atoi
 .text.gets_s   0x01400550       0xb8 ..\stdlibc\stdlibc.a(stdio.o)
                0x01400550                gets_s
 *fill*         0x01400608        0x8 
 .text.puts     0x01400610       0x48 ..\stdlibc\stdlibc.a(stdio.o)
                0x01400610                puts
 *fill*         0x01400658        0x8 
 .text.strstr   0x01400660       0x6d ..\stdlibc\stdlibc.a(string.o)
                0x01400660                strstr
 *fill*         0x014006cd        0x3 
 .text.isspace  0x014006d0       0x19 ..\stdlibc\stdlibc.a(ctype.o)
                0x014006d0                isspace
 *fill*         0x014006e9        0x7 
 .text.sleep    0x014006f0       0x14 ..\user_tools\prettylib.a(userlib.o)
                0x014006f0                sleep
 *fill*         0x01400704        0xc 
 .text.getchar  0x01400710       0x6a ..\user_tools\prettylib.a(userlib.o)
                0x01400710                getchar
 *fill*         0x0140077a        0x6 
 .text.exitProcess
                0x01400780        0xc ..\user_tools\prettylib.a(syscalls.o)
                0x01400780                exitProcess
 *fill*         0x0140078c        0x4 
 .text.wait     0x01400790       0x1a ..\user_tools\prettylib.a(syscalls.o)
                0x01400790                wait
 *fill*         0x014007aa        0x6 
 .text.waitForEvent
                0x014007b0       0x12 ..\user_tools\prettylib.a(syscalls.o)
                0x014007b0                waitForEvent
 *fill*         0x014007c2        0xe 
 .text.event_poll
                0x014007d0       0x1a ..\user_tools\prettylib.a(syscalls.o)
                0x014007d0                event_poll
 *fill*         0x014007ea        0x6 
 .text.putchar  0x014007f0       0x15 ..\user_tools\prettylib.a(syscalls.o)
                0x014007f0                putchar
 *fill*         0x01400805        0xb 
 .text.textColor
                0x01400810       0x13 ..\user_tools\prettylib.a(syscalls.o)
                0x01400810                textColor
 *fill*         0x01400823        0xd 
 .text.beep     0x01400830       0x16 ..\user_tools\prettylib.a(syscalls.o)
                0x01400830                beep
 *fill*         0x01400846        0xa 
 .text          0x01400850       0x3e ..\user_tools\prettylib.a(start.o)
                0x01400850                _syscall
                0x01400858                _start

.data           0x01400890        0x4
 *(.data*)
 .data.duration
                0x01400890        0x4 ..\..\object_files\user\other_userprogs/music.c.o
                0x01400890                duration

.rodata         0x01400894      0x346
 *(.rodata*)
 .rodata.Play   0x01400894       0xe4 ..\..\object_files\user\other_userprogs/music.c.o
 .rodata.main.str1.4
                0x01400978      0x240 ..\..\object_files\user\other_userprogs/music.c.o
 .rodata.main.str1.1
                0x01400bb8       0x22 ..\..\object_files\user\other_userprogs/music.c.o

.bss            0x01400bda        0x1
 *(.bss*)
 .bss.enabledEvents
                0x01400bda        0x1 ..\user_tools\prettylib.a(userlib.o)
                0x01400bda                enabledEvents
OUTPUT(music.ELF elf32-i386)

.comment        0x00000000       0x11
 .comment       0x00000000       0x11 ..\..\object_files\user\other_userprogs/music.c.o
                                 0x12 (size before relaxing)
 .comment       0x00000011       0x12 ..\stdlibc\stdlibc.a(stdlib_strtonum.o)
 .comment       0x00000011       0x12 ..\stdlibc\stdlibc.a(stdio.o)
 .comment       0x00000011       0x12 ..\stdlibc\stdlibc.a(string.o)
 .comment       0x00000011       0x12 ..\stdlibc\stdlibc.a(ctype.o)
 .comment       0x00000011       0x12 ..\user_tools\prettylib.a(userlib.o)
 .comment       0x00000011       0x12 ..\user_tools\prettylib.a(syscalls.o)
