Archive member included to satisfy reference by file (symbol)

..\stdlibc\stdlibc.a(stdio.o)
                              ..\..\object_files\user\other_userprogs/irc.c.o (gets_s)
..\stdlibc\stdlibc.a(string.o)
                              ..\stdlibc\stdlibc.a(stdio.o) (memcpy)
..\stdlibc\stdlibc.a(stdlib.o)
                              ..\..\object_files\user\other_userprogs/irc.c.o (srand)
..\stdlibc\stdlibc.a(signal.o)
                              ..\stdlibc\stdlibc.a(stdlib.o) (raise)
..\user_tools\prettylib.a(userlib.o)
                              ..\..\object_files\user\other_userprogs/irc.c.o (iSetCursor)
..\user_tools\prettylib.a(dns_help.o)
                              ..\..\object_files\user\other_userprogs/irc.c.o (getAddrByName)
..\user_tools\prettylib.a(dns.o)
                              ..\user_tools\prettylib.a(dns_help.o) (dns_createSimpleQuery)
..\user_tools\prettylib.a(syscalls.o)
                              ..\stdlibc\stdlibc.a(stdlib.o) (exitProcess)
..\user_tools\prettylib.a(start.o)
                              ..\user_tools\prettylib.a(syscalls.o) (_syscall)

Discarded input sections

 .text          0x00000000        0x0 ..\..\object_files\user\other_userprogs/irc.c.o
 .data          0x00000000        0x0 ..\..\object_files\user\other_userprogs/irc.c.o
 .bss           0x00000000        0x0 ..\..\object_files\user\other_userprogs/irc.c.o
 .eh_frame      0x00000000       0x60 ..\..\object_files\user\other_userprogs/irc.c.o
 .text          0x00000000        0x0 ..\stdlibc\stdlibc.a(stdio.o)
 .data          0x00000000        0x0 ..\stdlibc\stdlibc.a(stdio.o)
 .bss           0x00000000        0x0 ..\stdlibc\stdlibc.a(stdio.o)
 .text.remove   0x00000000       0x14 ..\stdlibc\stdlibc.a(stdio.o)
 .text.rename   0x00000000       0x16 ..\stdlibc\stdlibc.a(stdio.o)
 .text.putc     0x00000000        0xe ..\stdlibc\stdlibc.a(stdio.o)
 .text.getc     0x00000000        0x5 ..\stdlibc\stdlibc.a(stdio.o)
 .text.fgets    0x00000000       0x62 ..\stdlibc\stdlibc.a(stdio.o)
 .text.fputs    0x00000000       0x4a ..\stdlibc\stdlibc.a(stdio.o)
 .text.fread    0x00000000       0x40 ..\stdlibc\stdlibc.a(stdio.o)
 .text.fwrite   0x00000000       0x42 ..\stdlibc\stdlibc.a(stdio.o)
 .text.vsprintf
                0x00000000      0x23b ..\stdlibc\stdlibc.a(stdio.o)
 .rodata.vsprintf
                0x00000000      0x154 ..\stdlibc\stdlibc.a(stdio.o)
 .text.sprintf  0x00000000       0x1c ..\stdlibc\stdlibc.a(stdio.o)
 .bss.stdout    0x00000000        0x4 ..\stdlibc\stdlibc.a(stdio.o)
 .bss.stdin     0x00000000        0x4 ..\stdlibc\stdlibc.a(stdio.o)
 .bss.stderr    0x00000000        0x4 ..\stdlibc\stdlibc.a(stdio.o)
 .eh_frame      0x00000000      0x520 ..\stdlibc\stdlibc.a(stdio.o)
 .text          0x00000000        0x0 ..\stdlibc\stdlibc.a(string.o)
 .data          0x00000000        0x0 ..\stdlibc\stdlibc.a(string.o)
 .bss           0x00000000        0x0 ..\stdlibc\stdlibc.a(string.o)
 .text.memchr   0x00000000       0x2f ..\stdlibc\stdlibc.a(string.o)
 .text.memcmp   0x00000000       0x58 ..\stdlibc\stdlibc.a(string.o)
 .text.memcpy   0x00000000       0x22 ..\stdlibc\stdlibc.a(string.o)
 .text.memmove  0x00000000       0x5e ..\stdlibc\stdlibc.a(string.o)
 .text.memset   0x00000000       0x3a ..\stdlibc\stdlibc.a(string.o)
 .text.strcmp   0x00000000       0x3e ..\stdlibc\stdlibc.a(string.o)
 .text.strncat  0x00000000       0x74 ..\stdlibc\stdlibc.a(string.o)
 .text.strrchr  0x00000000       0x89 ..\stdlibc\stdlibc.a(string.o)
 .text.strcspn  0x00000000       0x60 ..\stdlibc\stdlibc.a(string.o)
 .rodata.strerror.str1.1
                0x00000000       0x1a ..\stdlibc\stdlibc.a(string.o)
 .text.strerror
                0x00000000       0x26 ..\stdlibc\stdlibc.a(string.o)
 .text.strpbrk  0x00000000       0x4e ..\stdlibc\stdlibc.a(string.o)
 .text.strspn   0x00000000       0x5b ..\stdlibc\stdlibc.a(string.o)
 .text.strstr   0x00000000       0x6d ..\stdlibc\stdlibc.a(string.o)
 .text.strtok   0x00000000       0xc1 ..\stdlibc\stdlibc.a(string.o)
 .bss.last.1200
                0x00000000        0x4 ..\stdlibc\stdlibc.a(string.o)
 .eh_frame      0x00000000      0x39c ..\stdlibc\stdlibc.a(string.o)
 .text          0x00000000        0x0 ..\stdlibc\stdlibc.a(stdlib.o)
 .data          0x00000000        0x0 ..\stdlibc\stdlibc.a(stdlib.o)
 .bss           0x00000000        0x0 ..\stdlibc\stdlibc.a(stdlib.o)
 .text.abort    0x00000000        0xe ..\stdlibc\stdlibc.a(stdlib.o)
 .text.exit     0x00000000       0x45 ..\stdlibc\stdlibc.a(stdlib.o)
 .text.quick_exit
                0x00000000       0x45 ..\stdlibc\stdlibc.a(stdlib.o)
 .text._Exit    0x00000000        0x5 ..\stdlibc\stdlibc.a(stdlib.o)
 .text.labs     0x00000000        0xa ..\stdlibc\stdlibc.a(stdlib.o)
 .text.llabs    0x00000000       0x22 ..\stdlibc\stdlibc.a(stdlib.o)
 .text.div      0x00000000       0x17 ..\stdlibc\stdlibc.a(stdlib.o)
 .text.ldiv     0x00000000       0x17 ..\stdlibc\stdlibc.a(stdlib.o)
 .text.lldiv    0x00000000       0x41 ..\stdlibc\stdlibc.a(stdlib.o)
 .text.random   0x00000000       0x47 ..\stdlibc\stdlibc.a(stdlib.o)
 .text.malloc   0x00000000       0x40 ..\stdlibc\stdlibc.a(stdlib.o)
 .text.atexit   0x00000000       0x8f ..\stdlibc\stdlibc.a(stdlib.o)
 .text.at_quick_exit
                0x00000000       0x8f ..\stdlibc\stdlibc.a(stdlib.o)
 .text.calloc   0x00000000       0x2a ..\stdlibc\stdlibc.a(stdlib.o)
 .text.free     0x00000000       0x16 ..\stdlibc\stdlibc.a(stdlib.o)
 .text.getenv   0x00000000        0x3 ..\stdlibc\stdlibc.a(stdlib.o)
 .bss.size.1228
                0x00000000        0x4 ..\stdlibc\stdlibc.a(stdlib.o)
 .bss.num.1227  0x00000000        0x4 ..\stdlibc\stdlibc.a(stdlib.o)
 .bss.size.1221
                0x00000000        0x4 ..\stdlibc\stdlibc.a(stdlib.o)
 .bss.num.1220  0x00000000        0x4 ..\stdlibc\stdlibc.a(stdlib.o)
 .bss.defaultProcessHeap
                0x00000000        0x4 ..\stdlibc\stdlibc.a(stdlib.o)
 .bss._at_quick_exit_funcs
                0x00000000        0x4 ..\stdlibc\stdlibc.a(stdlib.o)
 .bss._atexit_funcs
                0x00000000        0x4 ..\stdlibc\stdlibc.a(stdlib.o)
 .rodata.cst4   0x00000000        0x4 ..\stdlibc\stdlibc.a(stdlib.o)
 .eh_frame      0x00000000      0x2a0 ..\stdlibc\stdlibc.a(stdlib.o)
 .text          0x00000000        0x0 ..\stdlibc\stdlibc.a(signal.o)
 .data          0x00000000        0x0 ..\stdlibc\stdlibc.a(signal.o)
 .bss           0x00000000        0x0 ..\stdlibc\stdlibc.a(signal.o)
 .text.dummy    0x00000000        0x2 ..\stdlibc\stdlibc.a(signal.o)
 .text.signal   0x00000000       0x2f ..\stdlibc\stdlibc.a(signal.o)
 .text.raise    0x00000000       0x27 ..\stdlibc\stdlibc.a(signal.o)
 .data.signal_defaults
                0x00000000       0x18 ..\stdlibc\stdlibc.a(signal.o)
 .data.signals  0x00000000       0x18 ..\stdlibc\stdlibc.a(signal.o)
 .data.SIG_IGN  0x00000000        0x4 ..\stdlibc\stdlibc.a(signal.o)
 .data.SIG_DFL  0x00000000        0x4 ..\stdlibc\stdlibc.a(signal.o)
 .comment       0x00000000       0x12 ..\stdlibc\stdlibc.a(signal.o)
 .eh_frame      0x00000000       0x64 ..\stdlibc\stdlibc.a(signal.o)
 .text          0x00000000        0x0 ..\user_tools\prettylib.a(userlib.o)
 .data          0x00000000        0x0 ..\user_tools\prettylib.a(userlib.o)
 .bss           0x00000000        0x0 ..\user_tools\prettylib.a(userlib.o)
 .text.scrollInfoLine
                0x00000000       0x7c ..\user_tools\prettylib.a(userlib.o)
 .text.event_flush
                0x00000000       0x29 ..\user_tools\prettylib.a(userlib.o)
 .text.sleep    0x00000000       0x14 ..\user_tools\prettylib.a(userlib.o)
 .text.waitForTask
                0x00000000       0x16 ..\user_tools\prettylib.a(userlib.o)
 .text.getCurrentSeconds
                0x00000000       0x18 ..\user_tools\prettylib.a(userlib.o)
 .text.strncicmp
                0x00000000       0x85 ..\user_tools\prettylib.a(userlib.o)
 .rodata.showInfo.str1.4
                0x00000000      0x1f5 ..\user_tools\prettylib.a(userlib.o)
 .text.showInfo
                0x00000000       0x44 ..\user_tools\prettylib.a(userlib.o)
 .text.stringToIP
                0x00000000       0xab ..\user_tools\prettylib.a(userlib.o)
 .text.squashPath
                0x00000000        0x6 ..\user_tools\prettylib.a(userlib.o)
 .rodata.changeWorkingDir.str1.1
                0x00000000       0x18 ..\user_tools\prettylib.a(userlib.o)
 .text.changeWorkingDir
                0x00000000      0x1dd ..\user_tools\prettylib.a(userlib.o)
 .text.getWorkingDir
                0x00000000       0x6c ..\user_tools\prettylib.a(userlib.o)
 .eh_frame      0x00000000      0x4b4 ..\user_tools\prettylib.a(userlib.o)
 .text          0x00000000        0x0 ..\user_tools\prettylib.a(dns_help.o)
 .data          0x00000000        0x0 ..\user_tools\prettylib.a(dns_help.o)
 .bss           0x00000000        0x0 ..\user_tools\prettylib.a(dns_help.o)
 .rodata.printDNSHeader.str1.4
                0x00000000       0x4b ..\user_tools\prettylib.a(dns_help.o)
 .text.printDNSHeader
                0x00000000       0x32 ..\user_tools\prettylib.a(dns_help.o)
 .rodata.printDNSQuestion.str1.1
                0x00000000       0x1d ..\user_tools\prettylib.a(dns_help.o)
 .text.printDNSQuestion
                0x00000000       0x26 ..\user_tools\prettylib.a(dns_help.o)
 .rodata.printDNSResource.str1.4
                0x00000000       0x33 ..\user_tools\prettylib.a(dns_help.o)
 .text.printDNSResource
                0x00000000       0x34 ..\user_tools\prettylib.a(dns_help.o)
 .rodata.showDNSQuery.str1.1
                0x00000000       0x96 ..\user_tools\prettylib.a(dns_help.o)
 .text.showDNSQuery
                0x00000000      0x344 ..\user_tools\prettylib.a(dns_help.o)
 .eh_frame      0x00000000      0x308 ..\user_tools\prettylib.a(dns_help.o)
 .text          0x00000000        0x0 ..\user_tools\prettylib.a(dns.o)
 .data          0x00000000        0x0 ..\user_tools\prettylib.a(dns.o)
 .bss           0x00000000        0x0 ..\user_tools\prettylib.a(dns.o)
 .text.dns_writeHeaderToBuffer
                0x00000000       0x60 ..\user_tools\prettylib.a(dns.o)
 .text.dns_createSimpleQueryBuffer
                0x00000000       0x2a ..\user_tools\prettylib.a(dns.o)
 .eh_frame      0x00000000      0x2b8 ..\user_tools\prettylib.a(dns.o)
 .text          0x00000000        0x0 ..\user_tools\prettylib.a(syscalls.o)
 .data          0x00000000        0x0 ..\user_tools\prettylib.a(syscalls.o)
 .bss           0x00000000        0x0 ..\user_tools\prettylib.a(syscalls.o)
 .text.execute  0x00000000       0x1e ..\user_tools\prettylib.a(syscalls.o)
 .text.wait     0x00000000       0x1a ..\user_tools\prettylib.a(syscalls.o)
 .text.userHeap_create
                0x00000000       0x12 ..\user_tools\prettylib.a(syscalls.o)
 .text.userHeap_destroy
                0x00000000       0x12 ..\user_tools\prettylib.a(syscalls.o)
 .text.userHeap_alloc
                0x00000000       0x16 ..\user_tools\prettylib.a(syscalls.o)
 .text.userHeap_free
                0x00000000       0x16 ..\user_tools\prettylib.a(syscalls.o)
 .text.fopen    0x00000000       0x16 ..\user_tools\prettylib.a(syscalls.o)
 .text.fgetc    0x00000000       0x12 ..\user_tools\prettylib.a(syscalls.o)
 .text.fputc    0x00000000       0x17 ..\user_tools\prettylib.a(syscalls.o)
 .text.fseek    0x00000000       0x1a ..\user_tools\prettylib.a(syscalls.o)
 .text.fflush   0x00000000       0x12 ..\user_tools\prettylib.a(syscalls.o)
 .text.fmove    0x00000000       0x1a ..\user_tools\prettylib.a(syscalls.o)
 .text.fclose   0x00000000       0x12 ..\user_tools\prettylib.a(syscalls.o)
 .text.partition_format
                0x00000000       0x1a ..\user_tools\prettylib.a(syscalls.o)
 .text.folderAccess
                0x00000000       0x16 ..\user_tools\prettylib.a(syscalls.o)
 .text.folderClose
                0x00000000       0x12 ..\user_tools\prettylib.a(syscalls.o)
 .text.ipc_fopen
                0x00000000       0x1a ..\user_tools\prettylib.a(syscalls.o)
 .text.ipc_getFolder
                0x00000000       0x1a ..\user_tools\prettylib.a(syscalls.o)
 .text.ipc_getString
                0x00000000       0x1a ..\user_tools\prettylib.a(syscalls.o)
 .text.ipc_setString
                0x00000000       0x16 ..\user_tools\prettylib.a(syscalls.o)
 .text.ipc_getInt
                0x00000000       0x16 ..\user_tools\prettylib.a(syscalls.o)
 .text.ipc_setInt
                0x00000000       0x1a ..\user_tools\prettylib.a(syscalls.o)
 .text.ipc_getDouble
                0x00000000       0x16 ..\user_tools\prettylib.a(syscalls.o)
 .text.ipc_setDouble
                0x00000000       0x16 ..\user_tools\prettylib.a(syscalls.o)
 .text.ipc_deleteKey
                0x00000000       0x12 ..\user_tools\prettylib.a(syscalls.o)
 .text.ipc_setAccess
                0x00000000       0x1a ..\user_tools\prettylib.a(syscalls.o)
 .text.ipc_setWorkingNode
                0x00000000       0x16 ..\user_tools\prettylib.a(syscalls.o)
 .text.systemControl
                0x00000000       0x12 ..\user_tools\prettylib.a(syscalls.o)
 .text.getCursor
                0x00000000       0x12 ..\user_tools\prettylib.a(syscalls.o)
 .text.clearScreen
                0x00000000       0x13 ..\user_tools\prettylib.a(syscalls.o)
 .text.console_setProperties
                0x00000000       0x12 ..\user_tools\prettylib.a(syscalls.o)
 .text.refreshScreen
                0x00000000        0xc ..\user_tools\prettylib.a(syscalls.o)
 .text.keyPressed
                0x00000000       0x12 ..\user_tools\prettylib.a(syscalls.o)
 .text.mouseButtonPressed
                0x00000000       0x12 ..\user_tools\prettylib.a(syscalls.o)
 .text.getMousePosition
                0x00000000       0x12 ..\user_tools\prettylib.a(syscalls.o)
 .text.setMousePosition
                0x00000000       0x16 ..\user_tools\prettylib.a(syscalls.o)
 .text.beep     0x00000000       0x16 ..\user_tools\prettylib.a(syscalls.o)
 .text.dns_setServer
                0x00000000       0x12 ..\user_tools\prettylib.a(syscalls.o)
 .text.getMyIP  0x00000000        0xc ..\user_tools\prettylib.a(syscalls.o)
 .text.floppy_dir
                0x00000000       0x12 ..\user_tools\prettylib.a(syscalls.o)
 .eh_frame      0x00000000      0x64c ..\user_tools\prettylib.a(syscalls.o)

Memory Configuration

Name             Origin             Length             Attributes
*default*        0x00000000         0xffffffff

Linker script and memory map

LOAD ..\..\object_files\user\other_userprogs/irc.c.o
LOAD ..\stdlibc\stdlibc.a
LOAD ..\user_tools\prettylib.a
                0x01400000                . = 0x1400000

.text           0x01400000     0x1a3e
 *(.text*)
 .text.startup.main
                0x01400000      0x46f ..\..\object_files\user\other_userprogs/irc.c.o
                0x01400000                main
 *fill*         0x0140046f        0x1 
 .text.gets_s   0x01400470       0xb8 ..\stdlibc\stdlibc.a(stdio.o)
                0x01400470                gets_s
 *fill*         0x01400528        0x8 
 .text.puts     0x01400530       0x48 ..\stdlibc\stdlibc.a(stdio.o)
                0x01400530                puts
 *fill*         0x01400578        0x8 
 .text.vprintf  0x01400580      0x34a ..\stdlibc\stdlibc.a(stdio.o)
                0x01400580                vprintf
 *fill*         0x014008ca        0x6 
 .text.printf   0x014008d0       0x18 ..\stdlibc\stdlibc.a(stdio.o)
                0x014008d0                printf
 *fill*         0x014008e8        0x8 
 .text.vsnprintf
                0x014008f0      0x277 ..\stdlibc\stdlibc.a(stdio.o)
                0x014008f0                vsnprintf
 *fill*         0x01400b67        0x9 
 .text.snprintf
                0x01400b70       0x1d ..\stdlibc\stdlibc.a(stdio.o)
                0x01400b70                snprintf
 *fill*         0x01400b8d        0x3 
 .text.strlen   0x01400b90       0x22 ..\stdlibc\stdlibc.a(string.o)
                0x01400b90                strlen
 *fill*         0x01400bb2        0xe 
 .text.strncmp  0x01400bc0       0x6a ..\stdlibc\stdlibc.a(string.o)
                0x01400bc0                strncmp
 *fill*         0x01400c2a        0x6 
 .text.strcpy   0x01400c30       0x23 ..\stdlibc\stdlibc.a(string.o)
                0x01400c30                strcpy
 *fill*         0x01400c53        0xd 
 .text.strncpy  0x01400c60       0x84 ..\stdlibc\stdlibc.a(string.o)
                0x01400c60                strncpy
 *fill*         0x01400ce4        0xc 
 .text.strcat   0x01400cf0       0x44 ..\stdlibc\stdlibc.a(string.o)
                0x01400cf0                strcat
 *fill*         0x01400d34        0xc 
 .text.strchr   0x01400d40       0x34 ..\stdlibc\stdlibc.a(string.o)
                0x01400d40                strchr
 *fill*         0x01400d74        0xc 
 .text.srand    0x01400d80        0xa ..\stdlibc\stdlibc.a(stdlib.o)
                0x01400d80                srand
 *fill*         0x01400d8a        0x6 
 .text.rand     0x01400d90       0x1d ..\stdlibc\stdlibc.a(stdlib.o)
                0x01400d90                rand
 *fill*         0x01400dad        0x3 
 .text.iSetCursor
                0x01400db0        0xf ..\user_tools\prettylib.a(userlib.o)
                0x01400db0                iSetCursor
 *fill*         0x01400dbf        0x1 
 .text.getchar  0x01400dc0       0x6a ..\user_tools\prettylib.a(userlib.o)
                0x01400dc0                getchar
 *fill*         0x01400e2a        0x6 
 .text.reverse  0x01400e30       0x40 ..\user_tools\prettylib.a(userlib.o)
                0x01400e30                reverse
 .text.utoa     0x01400e70       0x54 ..\user_tools\prettylib.a(userlib.o)
                0x01400e70                utoa
 *fill*         0x01400ec4        0xc 
 .text.itoa     0x01400ed0       0x39 ..\user_tools\prettylib.a(userlib.o)
                0x01400ed0                itoa
 *fill*         0x01400f09        0x7 
 .text.ftoa     0x01400f10      0x1c0 ..\user_tools\prettylib.a(userlib.o)
                0x01400f10                ftoa
 .text.i2hex    0x014010d0       0x48 ..\user_tools\prettylib.a(userlib.o)
                0x014010d0                i2hex
 *fill*         0x01401118        0x8 
 .text.getAddrByName
                0x01401120      0x1d0 ..\user_tools\prettylib.a(dns_help.o)
                0x01401120                getAddrByName
 .text.dns_fillHeaderWithFlags
                0x014012f0       0x6d ..\user_tools\prettylib.a(dns.o)
                0x014012f0                dns_fillHeaderWithFlags
 *fill*         0x0140135d        0x3 
 .text.dns_writeQuestionToBuffer
                0x01401360       0xca ..\user_tools\prettylib.a(dns.o)
                0x01401360                dns_writeQuestionToBuffer
 *fill*         0x0140142a        0x6 
 .text.dns_createSimpleQueryBuffer.part.1
                0x01401430       0x67 ..\user_tools\prettylib.a(dns.o)
 *fill*         0x01401497        0x9 
 .text.dns_createSimpleQuery
                0x014014a0       0xe3 ..\user_tools\prettylib.a(dns.o)
                0x014014a0                dns_createSimpleQuery
 *fill*         0x01401583        0xd 
 .text.dns_parseHeader
                0x01401590       0x53 ..\user_tools\prettylib.a(dns.o)
                0x01401590                dns_parseHeader
 *fill*         0x014015e3        0xd 
 .text.dns_parseName
                0x014015f0      0x100 ..\user_tools\prettylib.a(dns.o)
                0x014015f0                dns_parseName
 .text.dns_parseQuestion
                0x014016f0       0x66 ..\user_tools\prettylib.a(dns.o)
                0x014016f0                dns_parseQuestion
 *fill*         0x01401756        0xa 
 .text.dns_parseResource
                0x01401760       0x86 ..\user_tools\prettylib.a(dns.o)
                0x01401760                dns_parseResource
 *fill*         0x014017e6        0xa 
 .text.exitProcess
                0x014017f0        0xc ..\user_tools\prettylib.a(syscalls.o)
                0x014017f0                exitProcess
 *fill*         0x014017fc        0x4 
 .text.waitForEvent
                0x01401800       0x12 ..\user_tools\prettylib.a(syscalls.o)
                0x01401800                waitForEvent
 *fill*         0x01401812        0xe 
 .text.event_enable
                0x01401820       0x20 ..\user_tools\prettylib.a(syscalls.o)
                0x01401820                event_enable
 .text.event_poll
                0x01401840       0x1a ..\user_tools\prettylib.a(syscalls.o)
                0x01401840                event_poll
 *fill*         0x0140185a        0x6 
 .text.getCurrentMilliseconds
                0x01401860        0xc ..\user_tools\prettylib.a(syscalls.o)
                0x01401860                getCurrentMilliseconds
 *fill*         0x0140186c        0x4 
 .text.putchar  0x01401870       0x15 ..\user_tools\prettylib.a(syscalls.o)
                0x01401870                putchar
 *fill*         0x01401885        0xb 
 .text.textColor
                0x01401890       0x13 ..\user_tools\prettylib.a(syscalls.o)
                0x01401890                textColor
 *fill*         0x014018a3        0xd 
 .text.setScrollField
                0x014018b0       0x17 ..\user_tools\prettylib.a(syscalls.o)
                0x014018b0                setScrollField
 *fill*         0x014018c7        0x9 
 .text.setCursor
                0x014018d0       0x12 ..\user_tools\prettylib.a(syscalls.o)
                0x014018d0                setCursor
 *fill*         0x014018e2        0xe 
 .text.dns_getServer
                0x014018f0       0x12 ..\user_tools\prettylib.a(syscalls.o)
                0x014018f0                dns_getServer
 *fill*         0x01401902        0xe 
 .text.tcp_connect
                0x01401910       0x16 ..\user_tools\prettylib.a(syscalls.o)
                0x01401910                tcp_connect
 *fill*         0x01401926        0xa 
 .text.tcp_send
                0x01401930       0x1a ..\user_tools\prettylib.a(syscalls.o)
                0x01401930                tcp_send
 *fill*         0x0140194a        0x6 
 .text.tcp_close
                0x01401950       0x12 ..\user_tools\prettylib.a(syscalls.o)
                0x01401950                tcp_close
 *fill*         0x01401962        0xe 
 .text.udp_send
                0x01401970       0x28 ..\user_tools\prettylib.a(syscalls.o)
                0x01401970                udp_send
 *fill*         0x01401998        0x8 
 .text.udp_bind
                0x014019a0       0x13 ..\user_tools\prettylib.a(syscalls.o)
                0x014019a0                udp_bind
 *fill*         0x014019b3        0xd 
 .text.udp_unbind
                0x014019c0       0x13 ..\user_tools\prettylib.a(syscalls.o)
                0x014019c0                udp_unbind
 *fill*         0x014019d3        0xd 
 .text.printLine
                0x014019e0       0x20 ..\user_tools\prettylib.a(syscalls.o)
                0x014019e0                printLine
 .text          0x01401a00       0x3e ..\user_tools\prettylib.a(start.o)
                0x01401a00                _syscall
                0x01401a08                _start

.data
 *(.data*)

.rodata         0x01401a40      0x612
 *(.rodata*)
 .rodata.main.str1.4
                0x01401a40      0x1ac ..\..\object_files\user\other_userprogs/irc.c.o
                                0x1a9 (size before relaxing)
 .rodata.main.str1.1
                0x01401bec       0x96 ..\..\object_files\user\other_userprogs/irc.c.o
                                 0x9e (size before relaxing)
 *fill*         0x01401c82        0x2 
 .rodata.main   0x01401c84      0x10c ..\..\object_files\user\other_userprogs/irc.c.o
 .rodata.vprintf
                0x01401d90      0x154 ..\stdlibc\stdlibc.a(stdio.o)
 .rodata.vsnprintf
                0x01401ee4      0x154 ..\stdlibc\stdlibc.a(stdio.o)
 .rodata.cst4   0x01402038       0x18 ..\user_tools\prettylib.a(userlib.o)
 .rodata.dns_port
                0x01402050        0x2 ..\user_tools\prettylib.a(dns.o)
                0x01402050                dns_port

.bss            0x01402054        0x5
 *(.bss*)
 .bss.seed      0x01402054        0x4 ..\stdlibc\stdlibc.a(stdlib.o)
 .bss.enabledEvents
                0x01402058        0x1 ..\user_tools\prettylib.a(userlib.o)
                0x01402058                enabledEvents
OUTPUT(irc.ELF elf32-i386)

.comment        0x00000000       0x11
 .comment       0x00000000       0x11 ..\..\object_files\user\other_userprogs/irc.c.o
                                 0x12 (size before relaxing)
 .comment       0x00000011       0x12 ..\stdlibc\stdlibc.a(stdio.o)
 .comment       0x00000011       0x12 ..\stdlibc\stdlibc.a(string.o)
 .comment       0x00000011       0x12 ..\stdlibc\stdlibc.a(stdlib.o)
 .comment       0x00000011       0x12 ..\user_tools\prettylib.a(userlib.o)
 .comment       0x00000011       0x12 ..\user_tools\prettylib.a(dns_help.o)
 .comment       0x00000011       0x12 ..\user_tools\prettylib.a(dns.o)
 .comment       0x00000011       0x12 ..\user_tools\prettylib.a(syscalls.o)
