Archive member included to satisfy reference by file (symbol)

..\stdlibc\stdlibc.a(stdlib_strtonum.o)
                              ..\..\object_files\user\other_userprogs/ftp.c.o (atoi)
..\stdlibc\stdlibc.a(stdio.o)
                              ..\..\object_files\user\other_userprogs/ftp.c.o (fwrite)
..\stdlibc\stdlibc.a(string.o)
                              ..\..\object_files\user\other_userprogs/ftp.c.o (memcpy)
..\stdlibc\stdlibc.a(ctype.o)
                              ..\stdlibc\stdlibc.a(stdlib_strtonum.o) (isspace)
..\user_tools\prettylib.a(userlib.o)
                              ..\..\object_files\user\other_userprogs/ftp.c.o (iSetCursor)
..\user_tools\prettylib.a(dns_help.o)
                              ..\..\object_files\user\other_userprogs/ftp.c.o (getAddrByName)
..\user_tools\prettylib.a(dns.o)
                              ..\user_tools\prettylib.a(dns_help.o) (dns_createSimpleQuery)
..\user_tools\prettylib.a(syscalls.o)
                              ..\user_tools\prettylib.a(userlib.o) (wait)
..\user_tools\prettylib.a(start.o)
                              ..\user_tools\prettylib.a(syscalls.o) (_syscall)

Discarded input sections

 .text          0x00000000        0x0 ..\..\object_files\user\other_userprogs/ftp.c.o
 .data          0x00000000        0x0 ..\..\object_files\user\other_userprogs/ftp.c.o
 .bss           0x00000000        0x0 ..\..\object_files\user\other_userprogs/ftp.c.o
 .eh_frame      0x00000000       0x60 ..\..\object_files\user\other_userprogs/ftp.c.o
 .text          0x00000000        0x0 ..\stdlibc\stdlibc.a(stdlib_strtonum.o)
 .data          0x00000000        0x0 ..\stdlibc\stdlibc.a(stdlib_strtonum.o)
 .bss           0x00000000        0x0 ..\stdlibc\stdlibc.a(stdlib_strtonum.o)
 .text.atol     0x00000000       0x10 ..\stdlibc\stdlibc.a(stdlib_strtonum.o)
 .text.atoll    0x00000000       0x14 ..\stdlibc\stdlibc.a(stdlib_strtonum.o)
 .text.strtod   0x00000000      0x282 ..\stdlibc\stdlibc.a(stdlib_strtonum.o)
 .text.atof     0x00000000       0x12 ..\stdlibc\stdlibc.a(stdlib_strtonum.o)
 .text.strtof   0x00000000       0x1c ..\stdlibc\stdlibc.a(stdlib_strtonum.o)
 .text.strtol   0x00000000       0x26 ..\stdlibc\stdlibc.a(stdlib_strtonum.o)
 .text.strtoul  0x00000000      0x18c ..\stdlibc\stdlibc.a(stdlib_strtonum.o)
 .rodata.cst4   0x00000000        0x8 ..\stdlibc\stdlibc.a(stdlib_strtonum.o)
 .eh_frame      0x00000000      0x1a0 ..\stdlibc\stdlibc.a(stdlib_strtonum.o)
 .text          0x00000000        0x0 ..\stdlibc\stdlibc.a(stdio.o)
 .data          0x00000000        0x0 ..\stdlibc\stdlibc.a(stdio.o)
 .bss           0x00000000        0x0 ..\stdlibc\stdlibc.a(stdio.o)
 .text.remove   0x00000000       0x14 ..\stdlibc\stdlibc.a(stdio.o)
 .text.rename   0x00000000       0x16 ..\stdlibc\stdlibc.a(stdio.o)
 .text.putc     0x00000000        0xe ..\stdlibc\stdlibc.a(stdio.o)
 .text.getc     0x00000000        0x5 ..\stdlibc\stdlibc.a(stdio.o)
 .text.fgets    0x00000000       0x62 ..\stdlibc\stdlibc.a(stdio.o)
 .text.fputs    0x00000000       0x4a ..\stdlibc\stdlibc.a(stdio.o)
 .text.fread    0x00000000       0x40 ..\stdlibc\stdlibc.a(stdio.o)
 .text.puts     0x00000000       0x48 ..\stdlibc\stdlibc.a(stdio.o)
 .text.vsprintf
                0x00000000      0x23b ..\stdlibc\stdlibc.a(stdio.o)
 .rodata.vsprintf
                0x00000000      0x154 ..\stdlibc\stdlibc.a(stdio.o)
 .text.sprintf  0x00000000       0x1c ..\stdlibc\stdlibc.a(stdio.o)
 .bss.stdout    0x00000000        0x4 ..\stdlibc\stdlibc.a(stdio.o)
 .bss.stdin     0x00000000        0x4 ..\stdlibc\stdlibc.a(stdio.o)
 .bss.stderr    0x00000000        0x4 ..\stdlibc\stdlibc.a(stdio.o)
 .eh_frame      0x00000000      0x520 ..\stdlibc\stdlibc.a(stdio.o)
 .text          0x00000000        0x0 ..\stdlibc\stdlibc.a(string.o)
 .data          0x00000000        0x0 ..\stdlibc\stdlibc.a(string.o)
 .bss           0x00000000        0x0 ..\stdlibc\stdlibc.a(string.o)
 .text.memchr   0x00000000       0x2f ..\stdlibc\stdlibc.a(string.o)
 .text.memcmp   0x00000000       0x58 ..\stdlibc\stdlibc.a(string.o)
 .text.memmove  0x00000000       0x5e ..\stdlibc\stdlibc.a(string.o)
 .text.strcmp   0x00000000       0x3e ..\stdlibc\stdlibc.a(string.o)
 .text.strncmp  0x00000000       0x6a ..\stdlibc\stdlibc.a(string.o)
 .text.strncat  0x00000000       0x74 ..\stdlibc\stdlibc.a(string.o)
 .text.strrchr  0x00000000       0x89 ..\stdlibc\stdlibc.a(string.o)
 .text.strcspn  0x00000000       0x60 ..\stdlibc\stdlibc.a(string.o)
 .rodata.strerror.str1.1
                0x00000000       0x1a ..\stdlibc\stdlibc.a(string.o)
 .text.strerror
                0x00000000       0x26 ..\stdlibc\stdlibc.a(string.o)
 .text.strpbrk  0x00000000       0x4e ..\stdlibc\stdlibc.a(string.o)
 .text.strspn   0x00000000       0x5b ..\stdlibc\stdlibc.a(string.o)
 .text.strstr   0x00000000       0x6d ..\stdlibc\stdlibc.a(string.o)
 .text.strtok   0x00000000       0xc1 ..\stdlibc\stdlibc.a(string.o)
 .bss.last.1200
                0x00000000        0x4 ..\stdlibc\stdlibc.a(string.o)
 .eh_frame      0x00000000      0x39c ..\stdlibc\stdlibc.a(string.o)
 .text          0x00000000        0x0 ..\stdlibc\stdlibc.a(ctype.o)
 .data          0x00000000        0x0 ..\stdlibc\stdlibc.a(ctype.o)
 .bss           0x00000000        0x0 ..\stdlibc\stdlibc.a(ctype.o)
 .text.isalnum  0x00000000       0x26 ..\stdlibc\stdlibc.a(ctype.o)
 .text.isalpha  0x00000000       0x14 ..\stdlibc\stdlibc.a(ctype.o)
 .text.isblank  0x00000000       0x16 ..\stdlibc\stdlibc.a(ctype.o)
 .text.iscntrl  0x00000000       0x16 ..\stdlibc\stdlibc.a(ctype.o)
 .text.isdigit  0x00000000       0x11 ..\stdlibc\stdlibc.a(ctype.o)
 .text.isgraph  0x00000000       0x11 ..\stdlibc\stdlibc.a(ctype.o)
 .text.islower  0x00000000       0x11 ..\stdlibc\stdlibc.a(ctype.o)
 .text.isprint  0x00000000       0x11 ..\stdlibc\stdlibc.a(ctype.o)
 .text.ispunct  0x00000000       0x28 ..\stdlibc\stdlibc.a(ctype.o)
 .text.isupper  0x00000000       0x11 ..\stdlibc\stdlibc.a(ctype.o)
 .text.isxdigit
                0x00000000       0x21 ..\stdlibc\stdlibc.a(ctype.o)
 .text.tolower  0x00000000       0x11 ..\stdlibc\stdlibc.a(ctype.o)
 .text.toupper  0x00000000       0x11 ..\stdlibc\stdlibc.a(ctype.o)
 .eh_frame      0x00000000      0x130 ..\stdlibc\stdlibc.a(ctype.o)
 .text          0x00000000        0x0 ..\user_tools\prettylib.a(userlib.o)
 .data          0x00000000        0x0 ..\user_tools\prettylib.a(userlib.o)
 .bss           0x00000000        0x0 ..\user_tools\prettylib.a(userlib.o)
 .text.scrollInfoLine
                0x00000000       0x7c ..\user_tools\prettylib.a(userlib.o)
 .text.event_flush
                0x00000000       0x29 ..\user_tools\prettylib.a(userlib.o)
 .text.sleep    0x00000000       0x14 ..\user_tools\prettylib.a(userlib.o)
 .text.waitForTask
                0x00000000       0x16 ..\user_tools\prettylib.a(userlib.o)
 .text.getCurrentSeconds
                0x00000000       0x18 ..\user_tools\prettylib.a(userlib.o)
 .text.strncicmp
                0x00000000       0x85 ..\user_tools\prettylib.a(userlib.o)
 .rodata.showInfo.str1.4
                0x00000000      0x1f5 ..\user_tools\prettylib.a(userlib.o)
 .text.showInfo
                0x00000000       0x44 ..\user_tools\prettylib.a(userlib.o)
 .text.stringToIP
                0x00000000       0xab ..\user_tools\prettylib.a(userlib.o)
 .text.squashPath
                0x00000000        0x6 ..\user_tools\prettylib.a(userlib.o)
 .rodata.changeWorkingDir.str1.1
                0x00000000       0x18 ..\user_tools\prettylib.a(userlib.o)
 .text.changeWorkingDir
                0x00000000      0x1dd ..\user_tools\prettylib.a(userlib.o)
 .text.getWorkingDir
                0x00000000       0x6c ..\user_tools\prettylib.a(userlib.o)
 .eh_frame      0x00000000      0x4b4 ..\user_tools\prettylib.a(userlib.o)
 .text          0x00000000        0x0 ..\user_tools\prettylib.a(dns_help.o)
 .data          0x00000000        0x0 ..\user_tools\prettylib.a(dns_help.o)
 .bss           0x00000000        0x0 ..\user_tools\prettylib.a(dns_help.o)
 .rodata.printDNSHeader.str1.4
                0x00000000       0x4b ..\user_tools\prettylib.a(dns_help.o)
 .text.printDNSHeader
                0x00000000       0x32 ..\user_tools\prettylib.a(dns_help.o)
 .rodata.printDNSQuestion.str1.1
                0x00000000       0x1d ..\user_tools\prettylib.a(dns_help.o)
 .text.printDNSQuestion
                0x00000000       0x26 ..\user_tools\prettylib.a(dns_help.o)
 .rodata.printDNSResource.str1.4
                0x00000000       0x33 ..\user_tools\prettylib.a(dns_help.o)
 .text.printDNSResource
                0x00000000       0x34 ..\user_tools\prettylib.a(dns_help.o)
 .rodata.showDNSQuery.str1.1
                0x00000000       0x96 ..\user_tools\prettylib.a(dns_help.o)
 .text.showDNSQuery
                0x00000000      0x344 ..\user_tools\prettylib.a(dns_help.o)
 .eh_frame      0x00000000      0x308 ..\user_tools\prettylib.a(dns_help.o)
 .text          0x00000000        0x0 ..\user_tools\prettylib.a(dns.o)
 .data          0x00000000        0x0 ..\user_tools\prettylib.a(dns.o)
 .bss           0x00000000        0x0 ..\user_tools\prettylib.a(dns.o)
 .text.dns_writeHeaderToBuffer
                0x00000000       0x60 ..\user_tools\prettylib.a(dns.o)
 .text.dns_createSimpleQueryBuffer
                0x00000000       0x2a ..\user_tools\prettylib.a(dns.o)
 .eh_frame      0x00000000      0x2b8 ..\user_tools\prettylib.a(dns.o)
 .text          0x00000000        0x0 ..\user_tools\prettylib.a(syscalls.o)
 .data          0x00000000        0x0 ..\user_tools\prettylib.a(syscalls.o)
 .bss           0x00000000        0x0 ..\user_tools\prettylib.a(syscalls.o)
 .text.execute  0x00000000       0x1e ..\user_tools\prettylib.a(syscalls.o)
 .text.wait     0x00000000       0x1a ..\user_tools\prettylib.a(syscalls.o)
 .text.userHeap_create
                0x00000000       0x12 ..\user_tools\prettylib.a(syscalls.o)
 .text.userHeap_destroy
                0x00000000       0x12 ..\user_tools\prettylib.a(syscalls.o)
 .text.userHeap_alloc
                0x00000000       0x16 ..\user_tools\prettylib.a(syscalls.o)
 .text.userHeap_free
                0x00000000       0x16 ..\user_tools\prettylib.a(syscalls.o)
 .text.fseek    0x00000000       0x1a ..\user_tools\prettylib.a(syscalls.o)
 .text.fflush   0x00000000       0x12 ..\user_tools\prettylib.a(syscalls.o)
 .text.fmove    0x00000000       0x1a ..\user_tools\prettylib.a(syscalls.o)
 .text.partition_format
                0x00000000       0x1a ..\user_tools\prettylib.a(syscalls.o)
 .text.folderAccess
                0x00000000       0x16 ..\user_tools\prettylib.a(syscalls.o)
 .text.folderClose
                0x00000000       0x12 ..\user_tools\prettylib.a(syscalls.o)
 .text.ipc_fopen
                0x00000000       0x1a ..\user_tools\prettylib.a(syscalls.o)
 .text.ipc_getFolder
                0x00000000       0x1a ..\user_tools\prettylib.a(syscalls.o)
 .text.ipc_getString
                0x00000000       0x1a ..\user_tools\prettylib.a(syscalls.o)
 .text.ipc_setString
                0x00000000       0x16 ..\user_tools\prettylib.a(syscalls.o)
 .text.ipc_getInt
                0x00000000       0x16 ..\user_tools\prettylib.a(syscalls.o)
 .text.ipc_setInt
                0x00000000       0x1a ..\user_tools\prettylib.a(syscalls.o)
 .text.ipc_getDouble
                0x00000000       0x16 ..\user_tools\prettylib.a(syscalls.o)
 .text.ipc_setDouble
                0x00000000       0x16 ..\user_tools\prettylib.a(syscalls.o)
 .text.ipc_deleteKey
                0x00000000       0x12 ..\user_tools\prettylib.a(syscalls.o)
 .text.ipc_setAccess
                0x00000000       0x1a ..\user_tools\prettylib.a(syscalls.o)
 .text.ipc_setWorkingNode
                0x00000000       0x16 ..\user_tools\prettylib.a(syscalls.o)
 .text.getCurrentMilliseconds
                0x00000000        0xc ..\user_tools\prettylib.a(syscalls.o)
 .text.systemControl
                0x00000000       0x12 ..\user_tools\prettylib.a(syscalls.o)
 .text.getCursor
                0x00000000       0x12 ..\user_tools\prettylib.a(syscalls.o)
 .text.console_setProperties
                0x00000000       0x12 ..\user_tools\prettylib.a(syscalls.o)
 .text.refreshScreen
                0x00000000        0xc ..\user_tools\prettylib.a(syscalls.o)
 .text.keyPressed
                0x00000000       0x12 ..\user_tools\prettylib.a(syscalls.o)
 .text.mouseButtonPressed
                0x00000000       0x12 ..\user_tools\prettylib.a(syscalls.o)
 .text.getMousePosition
                0x00000000       0x12 ..\user_tools\prettylib.a(syscalls.o)
 .text.setMousePosition
                0x00000000       0x16 ..\user_tools\prettylib.a(syscalls.o)
 .text.beep     0x00000000       0x16 ..\user_tools\prettylib.a(syscalls.o)
 .text.dns_setServer
                0x00000000       0x12 ..\user_tools\prettylib.a(syscalls.o)
 .text.getMyIP  0x00000000        0xc ..\user_tools\prettylib.a(syscalls.o)
 .text.floppy_dir
                0x00000000       0x12 ..\user_tools\prettylib.a(syscalls.o)
 .eh_frame      0x00000000      0x64c ..\user_tools\prettylib.a(syscalls.o)

Memory Configuration

Name             Origin             Length             Attributes
*default*        0x00000000         0xffffffff

Linker script and memory map

LOAD ..\..\object_files\user\other_userprogs/ftp.c.o
LOAD ..\stdlibc\stdlibc.a
LOAD ..\user_tools\prettylib.a
                0x01400000                . = 0x1400000

.text           0x01400000     0x281e
 *(.text*)
 .text.startup.main
                0x01400000     0x1010 ..\..\object_files\user\other_userprogs/ftp.c.o
                0x01400000                main
 .text.strtol.part.0
                0x01401010      0x1a5 ..\stdlibc\stdlibc.a(stdlib_strtonum.o)
 *fill*         0x014011b5        0xb 
 .text.atoi     0x014011c0       0x10 ..\stdlibc\stdlibc.a(stdlib_strtonum.o)
                0x014011c0                atoi
 .text.fwrite   0x014011d0       0x42 ..\stdlibc\stdlibc.a(stdio.o)
                0x014011d0                fwrite
 *fill*         0x01401212        0xe 
 .text.gets_s   0x01401220       0xb8 ..\stdlibc\stdlibc.a(stdio.o)
                0x01401220                gets_s
 *fill*         0x014012d8        0x8 
 .text.vprintf  0x014012e0      0x34a ..\stdlibc\stdlibc.a(stdio.o)
                0x014012e0                vprintf
 *fill*         0x0140162a        0x6 
 .text.printf   0x01401630       0x18 ..\stdlibc\stdlibc.a(stdio.o)
                0x01401630                printf
 *fill*         0x01401648        0x8 
 .text.vsnprintf
                0x01401650      0x277 ..\stdlibc\stdlibc.a(stdio.o)
                0x01401650                vsnprintf
 *fill*         0x014018c7        0x9 
 .text.snprintf
                0x014018d0       0x1d ..\stdlibc\stdlibc.a(stdio.o)
                0x014018d0                snprintf
 *fill*         0x014018ed        0x3 
 .text.memcpy   0x014018f0       0x22 ..\stdlibc\stdlibc.a(string.o)
                0x014018f0                memcpy
 *fill*         0x01401912        0xe 
 .text.memset   0x01401920       0x3a ..\stdlibc\stdlibc.a(string.o)
                0x01401920                memset
 *fill*         0x0140195a        0x6 
 .text.strlen   0x01401960       0x22 ..\stdlibc\stdlibc.a(string.o)
                0x01401960                strlen
 *fill*         0x01401982        0xe 
 .text.strcpy   0x01401990       0x23 ..\stdlibc\stdlibc.a(string.o)
                0x01401990                strcpy
 *fill*         0x014019b3        0xd 
 .text.strncpy  0x014019c0       0x84 ..\stdlibc\stdlibc.a(string.o)
                0x014019c0                strncpy
 *fill*         0x01401a44        0xc 
 .text.strcat   0x01401a50       0x44 ..\stdlibc\stdlibc.a(string.o)
                0x01401a50                strcat
 *fill*         0x01401a94        0xc 
 .text.strchr   0x01401aa0       0x34 ..\stdlibc\stdlibc.a(string.o)
                0x01401aa0                strchr
 *fill*         0x01401ad4        0xc 
 .text.isspace  0x01401ae0       0x19 ..\stdlibc\stdlibc.a(ctype.o)
                0x01401ae0                isspace
 *fill*         0x01401af9        0x7 
 .text.iSetCursor
                0x01401b00        0xf ..\user_tools\prettylib.a(userlib.o)
                0x01401b00                iSetCursor
 *fill*         0x01401b0f        0x1 
 .text.getchar  0x01401b10       0x6a ..\user_tools\prettylib.a(userlib.o)
                0x01401b10                getchar
 *fill*         0x01401b7a        0x6 
 .text.reverse  0x01401b80       0x40 ..\user_tools\prettylib.a(userlib.o)
                0x01401b80                reverse
 .text.utoa     0x01401bc0       0x54 ..\user_tools\prettylib.a(userlib.o)
                0x01401bc0                utoa
 *fill*         0x01401c14        0xc 
 .text.itoa     0x01401c20       0x39 ..\user_tools\prettylib.a(userlib.o)
                0x01401c20                itoa
 *fill*         0x01401c59        0x7 
 .text.ftoa     0x01401c60      0x1c0 ..\user_tools\prettylib.a(userlib.o)
                0x01401c60                ftoa
 .text.i2hex    0x01401e20       0x48 ..\user_tools\prettylib.a(userlib.o)
                0x01401e20                i2hex
 *fill*         0x01401e68        0x8 
 .text.getAddrByName
                0x01401e70      0x1d0 ..\user_tools\prettylib.a(dns_help.o)
                0x01401e70                getAddrByName
 .text.dns_fillHeaderWithFlags
                0x01402040       0x6d ..\user_tools\prettylib.a(dns.o)
                0x01402040                dns_fillHeaderWithFlags
 *fill*         0x014020ad        0x3 
 .text.dns_writeQuestionToBuffer
                0x014020b0       0xca ..\user_tools\prettylib.a(dns.o)
                0x014020b0                dns_writeQuestionToBuffer
 *fill*         0x0140217a        0x6 
 .text.dns_createSimpleQueryBuffer.part.1
                0x01402180       0x67 ..\user_tools\prettylib.a(dns.o)
 *fill*         0x014021e7        0x9 
 .text.dns_createSimpleQuery
                0x014021f0       0xe3 ..\user_tools\prettylib.a(dns.o)
                0x014021f0                dns_createSimpleQuery
 *fill*         0x014022d3        0xd 
 .text.dns_parseHeader
                0x014022e0       0x53 ..\user_tools\prettylib.a(dns.o)
                0x014022e0                dns_parseHeader
 *fill*         0x01402333        0xd 
 .text.dns_parseName
                0x01402340      0x100 ..\user_tools\prettylib.a(dns.o)
                0x01402340                dns_parseName
 .text.dns_parseQuestion
                0x01402440       0x66 ..\user_tools\prettylib.a(dns.o)
                0x01402440                dns_parseQuestion
 *fill*         0x014024a6        0xa 
 .text.dns_parseResource
                0x014024b0       0x86 ..\user_tools\prettylib.a(dns.o)
                0x014024b0                dns_parseResource
 *fill*         0x01402536        0xa 
 .text.exitProcess
                0x01402540        0xc ..\user_tools\prettylib.a(syscalls.o)
                0x01402540                exitProcess
 *fill*         0x0140254c        0x4 
 .text.fopen    0x01402550       0x16 ..\user_tools\prettylib.a(syscalls.o)
                0x01402550                fopen
 *fill*         0x01402566        0xa 
 .text.fgetc    0x01402570       0x12 ..\user_tools\prettylib.a(syscalls.o)
                0x01402570                fgetc
 *fill*         0x01402582        0xe 
 .text.fputc    0x01402590       0x17 ..\user_tools\prettylib.a(syscalls.o)
                0x01402590                fputc
 *fill*         0x014025a7        0x9 
 .text.fclose   0x014025b0       0x12 ..\user_tools\prettylib.a(syscalls.o)
                0x014025b0                fclose
 *fill*         0x014025c2        0xe 
 .text.waitForEvent
                0x014025d0       0x12 ..\user_tools\prettylib.a(syscalls.o)
                0x014025d0                waitForEvent
 *fill*         0x014025e2        0xe 
 .text.event_enable
                0x014025f0       0x20 ..\user_tools\prettylib.a(syscalls.o)
                0x014025f0                event_enable
 .text.event_poll
                0x01402610       0x1a ..\user_tools\prettylib.a(syscalls.o)
                0x01402610                event_poll
 *fill*         0x0140262a        0x6 
 .text.putchar  0x01402630       0x15 ..\user_tools\prettylib.a(syscalls.o)
                0x01402630                putchar
 *fill*         0x01402645        0xb 
 .text.textColor
                0x01402650       0x13 ..\user_tools\prettylib.a(syscalls.o)
                0x01402650                textColor
 *fill*         0x01402663        0xd 
 .text.setScrollField
                0x01402670       0x17 ..\user_tools\prettylib.a(syscalls.o)
                0x01402670                setScrollField
 *fill*         0x01402687        0x9 
 .text.setCursor
                0x01402690       0x12 ..\user_tools\prettylib.a(syscalls.o)
                0x01402690                setCursor
 *fill*         0x014026a2        0xe 
 .text.clearScreen
                0x014026b0       0x13 ..\user_tools\prettylib.a(syscalls.o)
                0x014026b0                clearScreen
 *fill*         0x014026c3        0xd 
 .text.dns_getServer
                0x014026d0       0x12 ..\user_tools\prettylib.a(syscalls.o)
                0x014026d0                dns_getServer
 *fill*         0x014026e2        0xe 
 .text.tcp_connect
                0x014026f0       0x16 ..\user_tools\prettylib.a(syscalls.o)
                0x014026f0                tcp_connect
 *fill*         0x01402706        0xa 
 .text.tcp_send
                0x01402710       0x1a ..\user_tools\prettylib.a(syscalls.o)
                0x01402710                tcp_send
 *fill*         0x0140272a        0x6 
 .text.tcp_close
                0x01402730       0x12 ..\user_tools\prettylib.a(syscalls.o)
                0x01402730                tcp_close
 *fill*         0x01402742        0xe 
 .text.udp_send
                0x01402750       0x28 ..\user_tools\prettylib.a(syscalls.o)
                0x01402750                udp_send
 *fill*         0x01402778        0x8 
 .text.udp_bind
                0x01402780       0x13 ..\user_tools\prettylib.a(syscalls.o)
                0x01402780                udp_bind
 *fill*         0x01402793        0xd 
 .text.udp_unbind
                0x014027a0       0x13 ..\user_tools\prettylib.a(syscalls.o)
                0x014027a0                udp_unbind
 *fill*         0x014027b3        0xd 
 .text.printLine
                0x014027c0       0x20 ..\user_tools\prettylib.a(syscalls.o)
                0x014027c0                printLine
 .text          0x014027e0       0x3e ..\user_tools\prettylib.a(start.o)
                0x014027e0                _syscall
                0x014027e8                _start

.data
 *(.data*)

.rodata         0x01402820      0x9d6
 *(.rodata*)
 .rodata.main.str1.4
                0x01402820      0x538 ..\..\object_files\user\other_userprogs/ftp.c.o
                                0x537 (size before relaxing)
 .rodata.main.str1.1
                0x01402d58      0x1a5 ..\..\object_files\user\other_userprogs/ftp.c.o
                                0x1a8 (size before relaxing)
 *fill*         0x01402efd        0x3 
 .rodata.main   0x01402f00       0x34 ..\..\object_files\user\other_userprogs/ftp.c.o
 .rodata.vprintf
                0x01402f34      0x154 ..\stdlibc\stdlibc.a(stdio.o)
 .rodata.vsnprintf
                0x01403088      0x154 ..\stdlibc\stdlibc.a(stdio.o)
 .rodata.cst4   0x014031dc       0x18 ..\user_tools\prettylib.a(userlib.o)
 .rodata.dns_port
                0x014031f4        0x2 ..\user_tools\prettylib.a(dns.o)
                0x014031f4                dns_port

.bss            0x014031f6        0x1
 *(.bss*)
 .bss.enabledEvents
                0x014031f6        0x1 ..\user_tools\prettylib.a(userlib.o)
                0x014031f6                enabledEvents
OUTPUT(ftp.ELF elf32-i386)

.comment        0x00000000       0x11
 .comment       0x00000000       0x11 ..\..\object_files\user\other_userprogs/ftp.c.o
                                 0x12 (size before relaxing)
 .comment       0x00000011       0x12 ..\stdlibc\stdlibc.a(stdlib_strtonum.o)
 .comment       0x00000011       0x12 ..\stdlibc\stdlibc.a(stdio.o)
 .comment       0x00000011       0x12 ..\stdlibc\stdlibc.a(string.o)
 .comment       0x00000011       0x12 ..\stdlibc\stdlibc.a(ctype.o)
 .comment       0x00000011       0x12 ..\user_tools\prettylib.a(userlib.o)
 .comment       0x00000011       0x12 ..\user_tools\prettylib.a(dns_help.o)
 .comment       0x00000011       0x12 ..\user_tools\prettylib.a(dns.o)
 .comment       0x00000011       0x12 ..\user_tools\prettylib.a(syscalls.o)
