Archive member included to satisfy reference by file (symbol)

..\stdlibc\stdlibc.a(stdlib_strtonum.o)
                              ..\..\object_files\user\other_userprogs/ttt.c.o (atoi)
..\stdlibc\stdlibc.a(stdio.o)
                              ..\..\object_files\user\other_userprogs/ttt.c.o (gets_s)
..\stdlibc\stdlibc.a(string.o)
                              ..\stdlibc\stdlibc.a(stdio.o) (memcpy)
..\stdlibc\stdlibc.a(stdlib.o)
                              ..\..\object_files\user\other_userprogs/ttt.c.o (srand)
..\stdlibc\stdlibc.a(ctype.o)
                              ..\..\object_files\user\other_userprogs/ttt.c.o (isdigit)
..\stdlibc\stdlibc.a(signal.o)
                              ..\stdlibc\stdlibc.a(stdlib.o) (raise)
..\user_tools\prettylib.a(userlib.o)
                              ..\..\object_files\user\other_userprogs/ttt.c.o (iSetCursor)
..\user_tools\prettylib.a(syscalls.o)
                              ..\stdlibc\stdlibc.a(stdlib.o) (exitProcess)
..\user_tools\prettylib.a(start.o)
                              ..\user_tools\prettylib.a(syscalls.o) (_syscall)

Discarded input sections

 .text          0x00000000        0x0 ..\..\object_files\user\other_userprogs/ttt.c.o
 .data          0x00000000        0x0 ..\..\object_files\user\other_userprogs/ttt.c.o
 .bss           0x00000000        0x0 ..\..\object_files\user\other_userprogs/ttt.c.o
 .eh_frame      0x00000000       0x60 ..\..\object_files\user\other_userprogs/ttt.c.o
 .text          0x00000000        0x0 ..\stdlibc\stdlibc.a(stdlib_strtonum.o)
 .data          0x00000000        0x0 ..\stdlibc\stdlibc.a(stdlib_strtonum.o)
 .bss           0x00000000        0x0 ..\stdlibc\stdlibc.a(stdlib_strtonum.o)
 .text.atol     0x00000000       0x10 ..\stdlibc\stdlibc.a(stdlib_strtonum.o)
 .text.atoll    0x00000000       0x14 ..\stdlibc\stdlibc.a(stdlib_strtonum.o)
 .text.strtod   0x00000000      0x282 ..\stdlibc\stdlibc.a(stdlib_strtonum.o)
 .text.atof     0x00000000       0x12 ..\stdlibc\stdlibc.a(stdlib_strtonum.o)
 .text.strtof   0x00000000       0x1c ..\stdlibc\stdlibc.a(stdlib_strtonum.o)
 .text.strtol   0x00000000       0x26 ..\stdlibc\stdlibc.a(stdlib_strtonum.o)
 .text.strtoul  0x00000000      0x18c ..\stdlibc\stdlibc.a(stdlib_strtonum.o)
 .rodata.cst4   0x00000000        0x8 ..\stdlibc\stdlibc.a(stdlib_strtonum.o)
 .eh_frame      0x00000000      0x1a0 ..\stdlibc\stdlibc.a(stdlib_strtonum.o)
 .text          0x00000000        0x0 ..\stdlibc\stdlibc.a(stdio.o)
 .data          0x00000000        0x0 ..\stdlibc\stdlibc.a(stdio.o)
 .bss           0x00000000        0x0 ..\stdlibc\stdlibc.a(stdio.o)
 .text.remove   0x00000000       0x14 ..\stdlibc\stdlibc.a(stdio.o)
 .text.rename   0x00000000       0x16 ..\stdlibc\stdlibc.a(stdio.o)
 .text.putc     0x00000000        0xe ..\stdlibc\stdlibc.a(stdio.o)
 .text.getc     0x00000000        0x5 ..\stdlibc\stdlibc.a(stdio.o)
 .text.fgets    0x00000000       0x62 ..\stdlibc\stdlibc.a(stdio.o)
 .text.fputs    0x00000000       0x4a ..\stdlibc\stdlibc.a(stdio.o)
 .text.fread    0x00000000       0x40 ..\stdlibc\stdlibc.a(stdio.o)
 .text.fwrite   0x00000000       0x42 ..\stdlibc\stdlibc.a(stdio.o)
 .text.vprintf  0x00000000      0x34a ..\stdlibc\stdlibc.a(stdio.o)
 .rodata.vprintf
                0x00000000      0x154 ..\stdlibc\stdlibc.a(stdio.o)
 .text.printf   0x00000000       0x18 ..\stdlibc\stdlibc.a(stdio.o)
 .text.vsprintf
                0x00000000      0x23b ..\stdlibc\stdlibc.a(stdio.o)
 .rodata.vsprintf
                0x00000000      0x154 ..\stdlibc\stdlibc.a(stdio.o)
 .text.sprintf  0x00000000       0x1c ..\stdlibc\stdlibc.a(stdio.o)
 .text.vsnprintf
                0x00000000      0x277 ..\stdlibc\stdlibc.a(stdio.o)
 .rodata.vsnprintf
                0x00000000      0x154 ..\stdlibc\stdlibc.a(stdio.o)
 .text.snprintf
                0x00000000       0x1d ..\stdlibc\stdlibc.a(stdio.o)
 .bss.stdout    0x00000000        0x4 ..\stdlibc\stdlibc.a(stdio.o)
 .bss.stdin     0x00000000        0x4 ..\stdlibc\stdlibc.a(stdio.o)
 .bss.stderr    0x00000000        0x4 ..\stdlibc\stdlibc.a(stdio.o)
 .eh_frame      0x00000000      0x520 ..\stdlibc\stdlibc.a(stdio.o)
 .text          0x00000000        0x0 ..\stdlibc\stdlibc.a(string.o)
 .data          0x00000000        0x0 ..\stdlibc\stdlibc.a(string.o)
 .bss           0x00000000        0x0 ..\stdlibc\stdlibc.a(string.o)
 .text.memchr   0x00000000       0x2f ..\stdlibc\stdlibc.a(string.o)
 .text.memcmp   0x00000000       0x58 ..\stdlibc\stdlibc.a(string.o)
 .text.memcpy   0x00000000       0x22 ..\stdlibc\stdlibc.a(string.o)
 .text.memmove  0x00000000       0x5e ..\stdlibc\stdlibc.a(string.o)
 .text.memset   0x00000000       0x3a ..\stdlibc\stdlibc.a(string.o)
 .text.strlen   0x00000000       0x22 ..\stdlibc\stdlibc.a(string.o)
 .text.strcmp   0x00000000       0x3e ..\stdlibc\stdlibc.a(string.o)
 .text.strncmp  0x00000000       0x6a ..\stdlibc\stdlibc.a(string.o)
 .text.strcpy   0x00000000       0x23 ..\stdlibc\stdlibc.a(string.o)
 .text.strncpy  0x00000000       0x84 ..\stdlibc\stdlibc.a(string.o)
 .text.strcat   0x00000000       0x44 ..\stdlibc\stdlibc.a(string.o)
 .text.strncat  0x00000000       0x74 ..\stdlibc\stdlibc.a(string.o)
 .text.strchr   0x00000000       0x34 ..\stdlibc\stdlibc.a(string.o)
 .text.strrchr  0x00000000       0x89 ..\stdlibc\stdlibc.a(string.o)
 .text.strcspn  0x00000000       0x60 ..\stdlibc\stdlibc.a(string.o)
 .rodata.strerror.str1.1
                0x00000000       0x1a ..\stdlibc\stdlibc.a(string.o)
 .text.strerror
                0x00000000       0x26 ..\stdlibc\stdlibc.a(string.o)
 .text.strpbrk  0x00000000       0x4e ..\stdlibc\stdlibc.a(string.o)
 .text.strspn   0x00000000       0x5b ..\stdlibc\stdlibc.a(string.o)
 .text.strstr   0x00000000       0x6d ..\stdlibc\stdlibc.a(string.o)
 .text.strtok   0x00000000       0xc1 ..\stdlibc\stdlibc.a(string.o)
 .bss.last.1200
                0x00000000        0x4 ..\stdlibc\stdlibc.a(string.o)
 .comment       0x00000000       0x12 ..\stdlibc\stdlibc.a(string.o)
 .eh_frame      0x00000000      0x39c ..\stdlibc\stdlibc.a(string.o)
 .text          0x00000000        0x0 ..\stdlibc\stdlibc.a(stdlib.o)
 .data          0x00000000        0x0 ..\stdlibc\stdlibc.a(stdlib.o)
 .bss           0x00000000        0x0 ..\stdlibc\stdlibc.a(stdlib.o)
 .text.abort    0x00000000        0xe ..\stdlibc\stdlibc.a(stdlib.o)
 .text.exit     0x00000000       0x45 ..\stdlibc\stdlibc.a(stdlib.o)
 .text.quick_exit
                0x00000000       0x45 ..\stdlibc\stdlibc.a(stdlib.o)
 .text._Exit    0x00000000        0x5 ..\stdlibc\stdlibc.a(stdlib.o)
 .text.labs     0x00000000        0xa ..\stdlibc\stdlibc.a(stdlib.o)
 .text.llabs    0x00000000       0x22 ..\stdlibc\stdlibc.a(stdlib.o)
 .text.div      0x00000000       0x17 ..\stdlibc\stdlibc.a(stdlib.o)
 .text.ldiv     0x00000000       0x17 ..\stdlibc\stdlibc.a(stdlib.o)
 .text.lldiv    0x00000000       0x41 ..\stdlibc\stdlibc.a(stdlib.o)
 .text.random   0x00000000       0x47 ..\stdlibc\stdlibc.a(stdlib.o)
 .text.malloc   0x00000000       0x40 ..\stdlibc\stdlibc.a(stdlib.o)
 .text.atexit   0x00000000       0x8f ..\stdlibc\stdlibc.a(stdlib.o)
 .text.at_quick_exit
                0x00000000       0x8f ..\stdlibc\stdlibc.a(stdlib.o)
 .text.calloc   0x00000000       0x2a ..\stdlibc\stdlibc.a(stdlib.o)
 .text.free     0x00000000       0x16 ..\stdlibc\stdlibc.a(stdlib.o)
 .text.getenv   0x00000000        0x3 ..\stdlibc\stdlibc.a(stdlib.o)
 .bss.size.1228
                0x00000000        0x4 ..\stdlibc\stdlibc.a(stdlib.o)
 .bss.num.1227  0x00000000        0x4 ..\stdlibc\stdlibc.a(stdlib.o)
 .bss.size.1221
                0x00000000        0x4 ..\stdlibc\stdlibc.a(stdlib.o)
 .bss.num.1220  0x00000000        0x4 ..\stdlibc\stdlibc.a(stdlib.o)
 .bss.defaultProcessHeap
                0x00000000        0x4 ..\stdlibc\stdlibc.a(stdlib.o)
 .bss._at_quick_exit_funcs
                0x00000000        0x4 ..\stdlibc\stdlibc.a(stdlib.o)
 .bss._atexit_funcs
                0x00000000        0x4 ..\stdlibc\stdlibc.a(stdlib.o)
 .rodata.cst4   0x00000000        0x4 ..\stdlibc\stdlibc.a(stdlib.o)
 .eh_frame      0x00000000      0x2a0 ..\stdlibc\stdlibc.a(stdlib.o)
 .text          0x00000000        0x0 ..\stdlibc\stdlibc.a(ctype.o)
 .data          0x00000000        0x0 ..\stdlibc\stdlibc.a(ctype.o)
 .bss           0x00000000        0x0 ..\stdlibc\stdlibc.a(ctype.o)
 .text.isalnum  0x00000000       0x26 ..\stdlibc\stdlibc.a(ctype.o)
 .text.isalpha  0x00000000       0x14 ..\stdlibc\stdlibc.a(ctype.o)
 .text.isblank  0x00000000       0x16 ..\stdlibc\stdlibc.a(ctype.o)
 .text.iscntrl  0x00000000       0x16 ..\stdlibc\stdlibc.a(ctype.o)
 .text.isgraph  0x00000000       0x11 ..\stdlibc\stdlibc.a(ctype.o)
 .text.islower  0x00000000       0x11 ..\stdlibc\stdlibc.a(ctype.o)
 .text.isprint  0x00000000       0x11 ..\stdlibc\stdlibc.a(ctype.o)
 .text.ispunct  0x00000000       0x28 ..\stdlibc\stdlibc.a(ctype.o)
 .text.isupper  0x00000000       0x11 ..\stdlibc\stdlibc.a(ctype.o)
 .text.isxdigit
                0x00000000       0x21 ..\stdlibc\stdlibc.a(ctype.o)
 .text.tolower  0x00000000       0x11 ..\stdlibc\stdlibc.a(ctype.o)
 .text.toupper  0x00000000       0x11 ..\stdlibc\stdlibc.a(ctype.o)
 .eh_frame      0x00000000      0x130 ..\stdlibc\stdlibc.a(ctype.o)
 .text          0x00000000        0x0 ..\stdlibc\stdlibc.a(signal.o)
 .data          0x00000000        0x0 ..\stdlibc\stdlibc.a(signal.o)
 .bss           0x00000000        0x0 ..\stdlibc\stdlibc.a(signal.o)
 .text.dummy    0x00000000        0x2 ..\stdlibc\stdlibc.a(signal.o)
 .text.signal   0x00000000       0x2f ..\stdlibc\stdlibc.a(signal.o)
 .text.raise    0x00000000       0x27 ..\stdlibc\stdlibc.a(signal.o)
 .data.signal_defaults
                0x00000000       0x18 ..\stdlibc\stdlibc.a(signal.o)
 .data.signals  0x00000000       0x18 ..\stdlibc\stdlibc.a(signal.o)
 .data.SIG_IGN  0x00000000        0x4 ..\stdlibc\stdlibc.a(signal.o)
 .data.SIG_DFL  0x00000000        0x4 ..\stdlibc\stdlibc.a(signal.o)
 .comment       0x00000000       0x12 ..\stdlibc\stdlibc.a(signal.o)
 .eh_frame      0x00000000       0x64 ..\stdlibc\stdlibc.a(signal.o)
 .text          0x00000000        0x0 ..\user_tools\prettylib.a(userlib.o)
 .data          0x00000000        0x0 ..\user_tools\prettylib.a(userlib.o)
 .bss           0x00000000        0x0 ..\user_tools\prettylib.a(userlib.o)
 .text.scrollInfoLine
                0x00000000       0x7c ..\user_tools\prettylib.a(userlib.o)
 .text.event_flush
                0x00000000       0x29 ..\user_tools\prettylib.a(userlib.o)
 .text.sleep    0x00000000       0x14 ..\user_tools\prettylib.a(userlib.o)
 .text.waitForTask
                0x00000000       0x16 ..\user_tools\prettylib.a(userlib.o)
 .text.getCurrentSeconds
                0x00000000       0x18 ..\user_tools\prettylib.a(userlib.o)
 .text.strncicmp
                0x00000000       0x85 ..\user_tools\prettylib.a(userlib.o)
 .text.reverse  0x00000000       0x40 ..\user_tools\prettylib.a(userlib.o)
 .text.utoa     0x00000000       0x54 ..\user_tools\prettylib.a(userlib.o)
 .text.itoa     0x00000000       0x39 ..\user_tools\prettylib.a(userlib.o)
 .text.ftoa     0x00000000      0x1c0 ..\user_tools\prettylib.a(userlib.o)
 .text.i2hex    0x00000000       0x48 ..\user_tools\prettylib.a(userlib.o)
 .rodata.showInfo.str1.4
                0x00000000      0x1f5 ..\user_tools\prettylib.a(userlib.o)
 .text.showInfo
                0x00000000       0x44 ..\user_tools\prettylib.a(userlib.o)
 .text.stringToIP
                0x00000000       0xab ..\user_tools\prettylib.a(userlib.o)
 .text.squashPath
                0x00000000        0x6 ..\user_tools\prettylib.a(userlib.o)
 .rodata.changeWorkingDir.str1.1
                0x00000000       0x18 ..\user_tools\prettylib.a(userlib.o)
 .text.changeWorkingDir
                0x00000000      0x1dd ..\user_tools\prettylib.a(userlib.o)
 .text.getWorkingDir
                0x00000000       0x6c ..\user_tools\prettylib.a(userlib.o)
 .rodata.cst4   0x00000000       0x18 ..\user_tools\prettylib.a(userlib.o)
 .eh_frame      0x00000000      0x4b4 ..\user_tools\prettylib.a(userlib.o)
 .text          0x00000000        0x0 ..\user_tools\prettylib.a(syscalls.o)
 .data          0x00000000        0x0 ..\user_tools\prettylib.a(syscalls.o)
 .bss           0x00000000        0x0 ..\user_tools\prettylib.a(syscalls.o)
 .text.execute  0x00000000       0x1e ..\user_tools\prettylib.a(syscalls.o)
 .text.wait     0x00000000       0x1a ..\user_tools\prettylib.a(syscalls.o)
 .text.userHeap_create
                0x00000000       0x12 ..\user_tools\prettylib.a(syscalls.o)
 .text.userHeap_destroy
                0x00000000       0x12 ..\user_tools\prettylib.a(syscalls.o)
 .text.userHeap_alloc
                0x00000000       0x16 ..\user_tools\prettylib.a(syscalls.o)
 .text.userHeap_free
                0x00000000       0x16 ..\user_tools\prettylib.a(syscalls.o)
 .text.fopen    0x00000000       0x16 ..\user_tools\prettylib.a(syscalls.o)
 .text.fgetc    0x00000000       0x12 ..\user_tools\prettylib.a(syscalls.o)
 .text.fputc    0x00000000       0x17 ..\user_tools\prettylib.a(syscalls.o)
 .text.fseek    0x00000000       0x1a ..\user_tools\prettylib.a(syscalls.o)
 .text.fflush   0x00000000       0x12 ..\user_tools\prettylib.a(syscalls.o)
 .text.fmove    0x00000000       0x1a ..\user_tools\prettylib.a(syscalls.o)
 .text.fclose   0x00000000       0x12 ..\user_tools\prettylib.a(syscalls.o)
 .text.partition_format
                0x00000000       0x1a ..\user_tools\prettylib.a(syscalls.o)
 .text.folderAccess
                0x00000000       0x16 ..\user_tools\prettylib.a(syscalls.o)
 .text.folderClose
                0x00000000       0x12 ..\user_tools\prettylib.a(syscalls.o)
 .text.ipc_fopen
                0x00000000       0x1a ..\user_tools\prettylib.a(syscalls.o)
 .text.ipc_getFolder
                0x00000000       0x1a ..\user_tools\prettylib.a(syscalls.o)
 .text.ipc_getString
                0x00000000       0x1a ..\user_tools\prettylib.a(syscalls.o)
 .text.ipc_setString
                0x00000000       0x16 ..\user_tools\prettylib.a(syscalls.o)
 .text.ipc_getInt
                0x00000000       0x16 ..\user_tools\prettylib.a(syscalls.o)
 .text.ipc_setInt
                0x00000000       0x1a ..\user_tools\prettylib.a(syscalls.o)
 .text.ipc_getDouble
                0x00000000       0x16 ..\user_tools\prettylib.a(syscalls.o)
 .text.ipc_setDouble
                0x00000000       0x16 ..\user_tools\prettylib.a(syscalls.o)
 .text.ipc_deleteKey
                0x00000000       0x12 ..\user_tools\prettylib.a(syscalls.o)
 .text.ipc_setAccess
                0x00000000       0x1a ..\user_tools\prettylib.a(syscalls.o)
 .text.ipc_setWorkingNode
                0x00000000       0x16 ..\user_tools\prettylib.a(syscalls.o)
 .text.event_enable
                0x00000000       0x20 ..\user_tools\prettylib.a(syscalls.o)
 .text.systemControl
                0x00000000       0x12 ..\user_tools\prettylib.a(syscalls.o)
 .text.setScrollField
                0x00000000       0x17 ..\user_tools\prettylib.a(syscalls.o)
 .text.getCursor
                0x00000000       0x12 ..\user_tools\prettylib.a(syscalls.o)
 .text.clearScreen
                0x00000000       0x13 ..\user_tools\prettylib.a(syscalls.o)
 .text.console_setProperties
                0x00000000       0x12 ..\user_tools\prettylib.a(syscalls.o)
 .text.refreshScreen
                0x00000000        0xc ..\user_tools\prettylib.a(syscalls.o)
 .text.keyPressed
                0x00000000       0x12 ..\user_tools\prettylib.a(syscalls.o)
 .text.mouseButtonPressed
                0x00000000       0x12 ..\user_tools\prettylib.a(syscalls.o)
 .text.getMousePosition
                0x00000000       0x12 ..\user_tools\prettylib.a(syscalls.o)
 .text.setMousePosition
                0x00000000       0x16 ..\user_tools\prettylib.a(syscalls.o)
 .text.beep     0x00000000       0x16 ..\user_tools\prettylib.a(syscalls.o)
 .text.dns_getServer
                0x00000000       0x12 ..\user_tools\prettylib.a(syscalls.o)
 .text.dns_setServer
                0x00000000       0x12 ..\user_tools\prettylib.a(syscalls.o)
 .text.tcp_connect
                0x00000000       0x16 ..\user_tools\prettylib.a(syscalls.o)
 .text.tcp_send
                0x00000000       0x1a ..\user_tools\prettylib.a(syscalls.o)
 .text.tcp_close
                0x00000000       0x12 ..\user_tools\prettylib.a(syscalls.o)
 .text.udp_send
                0x00000000       0x28 ..\user_tools\prettylib.a(syscalls.o)
 .text.udp_bind
                0x00000000       0x13 ..\user_tools\prettylib.a(syscalls.o)
 .text.udp_unbind
                0x00000000       0x13 ..\user_tools\prettylib.a(syscalls.o)
 .text.getMyIP  0x00000000        0xc ..\user_tools\prettylib.a(syscalls.o)
 .text.floppy_dir
                0x00000000       0x12 ..\user_tools\prettylib.a(syscalls.o)
 .eh_frame      0x00000000      0x64c ..\user_tools\prettylib.a(syscalls.o)

Memory Configuration

Name             Origin             Length             Attributes
*default*        0x00000000         0xffffffff

Linker script and memory map

LOAD ..\..\object_files\user\other_userprogs/ttt.c.o
LOAD ..\stdlibc\stdlibc.a
LOAD ..\user_tools\prettylib.a
                0x01400000                . = 0x1400000

.text           0x01400000      0xaae
 *(.text*)
 .text.startup.main
                0x01400000      0x5cd ..\..\object_files\user\other_userprogs/ttt.c.o
                0x01400000                main
 *fill*         0x014005cd        0x3 
 .text.strtol.part.0
                0x014005d0      0x1a5 ..\stdlibc\stdlibc.a(stdlib_strtonum.o)
 *fill*         0x01400775        0xb 
 .text.atoi     0x01400780       0x10 ..\stdlibc\stdlibc.a(stdlib_strtonum.o)
                0x01400780                atoi
 .text.gets_s   0x01400790       0xb8 ..\stdlibc\stdlibc.a(stdio.o)
                0x01400790                gets_s
 *fill*         0x01400848        0x8 
 .text.puts     0x01400850       0x48 ..\stdlibc\stdlibc.a(stdio.o)
                0x01400850                puts
 *fill*         0x01400898        0x8 
 .text.srand    0x014008a0        0xa ..\stdlibc\stdlibc.a(stdlib.o)
                0x014008a0                srand
 *fill*         0x014008aa        0x6 
 .text.rand     0x014008b0       0x1d ..\stdlibc\stdlibc.a(stdlib.o)
                0x014008b0                rand
 *fill*         0x014008cd        0x3 
 .text.isdigit  0x014008d0       0x11 ..\stdlibc\stdlibc.a(ctype.o)
                0x014008d0                isdigit
 *fill*         0x014008e1        0xf 
 .text.isspace  0x014008f0       0x19 ..\stdlibc\stdlibc.a(ctype.o)
                0x014008f0                isspace
 *fill*         0x01400909        0x7 
 .text.iSetCursor
                0x01400910        0xf ..\user_tools\prettylib.a(userlib.o)
                0x01400910                iSetCursor
 *fill*         0x0140091f        0x1 
 .text.getchar  0x01400920       0x6a ..\user_tools\prettylib.a(userlib.o)
                0x01400920                getchar
 *fill*         0x0140098a        0x6 
 .text.exitProcess
                0x01400990        0xc ..\user_tools\prettylib.a(syscalls.o)
                0x01400990                exitProcess
 *fill*         0x0140099c        0x4 
 .text.waitForEvent
                0x014009a0       0x12 ..\user_tools\prettylib.a(syscalls.o)
                0x014009a0                waitForEvent
 *fill*         0x014009b2        0xe 
 .text.event_poll
                0x014009c0       0x1a ..\user_tools\prettylib.a(syscalls.o)
                0x014009c0                event_poll
 *fill*         0x014009da        0x6 
 .text.getCurrentMilliseconds
                0x014009e0        0xc ..\user_tools\prettylib.a(syscalls.o)
                0x014009e0                getCurrentMilliseconds
 *fill*         0x014009ec        0x4 
 .text.putchar  0x014009f0       0x15 ..\user_tools\prettylib.a(syscalls.o)
                0x014009f0                putchar
 *fill*         0x01400a05        0xb 
 .text.textColor
                0x01400a10       0x13 ..\user_tools\prettylib.a(syscalls.o)
                0x01400a10                textColor
 *fill*         0x01400a23        0xd 
 .text.setCursor
                0x01400a30       0x12 ..\user_tools\prettylib.a(syscalls.o)
                0x01400a30                setCursor
 *fill*         0x01400a42        0xe 
 .text.printLine
                0x01400a50       0x20 ..\user_tools\prettylib.a(syscalls.o)
                0x01400a50                printLine
 .text          0x01400a70       0x3e ..\user_tools\prettylib.a(start.o)
                0x01400a70                _syscall
                0x01400a78                _start

.data
 *(.data*)

.rodata         0x01400ab0      0x2ab
 *(.rodata*)
 .rodata.main.str1.4
                0x01400ab0      0x23c ..\..\object_files\user\other_userprogs/ttt.c.o
                                0x239 (size before relaxing)
 .rodata.main.str1.1
                0x01400cec       0x6f ..\..\object_files\user\other_userprogs/ttt.c.o

.bss            0x01400d5c       0x15
 *(.bss*)
 .bss.ende      0x01400d5c        0x1 ..\..\object_files\user\other_userprogs/ttt.c.o
                0x01400d5c                ende
 *fill*         0x01400d5d        0x3 
 .bss.tictactoe
                0x01400d60        0x9 ..\..\object_files\user\other_userprogs/ttt.c.o
                0x01400d60                tictactoe
 *fill*         0x01400d69        0x3 
 .bss.seed      0x01400d6c        0x4 ..\stdlibc\stdlibc.a(stdlib.o)
 .bss.enabledEvents
                0x01400d70        0x1 ..\user_tools\prettylib.a(userlib.o)
                0x01400d70                enabledEvents
OUTPUT(ttt.ELF elf32-i386)

.comment        0x00000000       0x11
 .comment       0x00000000       0x11 ..\..\object_files\user\other_userprogs/ttt.c.o
                                 0x12 (size before relaxing)
 .comment       0x00000011       0x12 ..\stdlibc\stdlibc.a(stdlib_strtonum.o)
 .comment       0x00000011       0x12 ..\stdlibc\stdlibc.a(stdio.o)
 .comment       0x00000011       0x12 ..\stdlibc\stdlibc.a(stdlib.o)
 .comment       0x00000011       0x12 ..\stdlibc\stdlibc.a(ctype.o)
 .comment       0x00000011       0x12 ..\user_tools\prettylib.a(userlib.o)
 .comment       0x00000011       0x12 ..\user_tools\prettylib.a(syscalls.o)
